Component: ARM Compiler 5.06 update 6 (build 750) Tool: armlink [4d35ed]

==============================================================================

Section Cross References

    startup_stm32f407xx.o(RESET) refers to startup_stm32f407xx.o(STACK) for __initial_sp
    startup_stm32f407xx.o(RESET) refers to startup_stm32f407xx.o(.text) for Reset_Handler
    startup_stm32f407xx.o(RESET) refers to stm32f4xx_it.o(i.NMI_Handler) for NMI_Handler
    startup_stm32f407xx.o(RESET) refers to stm32f4xx_it.o(i.HardFault_Handler) for HardFault_Handler
    startup_stm32f407xx.o(RESET) refers to stm32f4xx_it.o(i.MemManage_Handler) for MemManage_Handler
    startup_stm32f407xx.o(RESET) refers to stm32f4xx_it.o(i.BusFault_Handler) for BusFault_Handler
    startup_stm32f407xx.o(RESET) refers to stm32f4xx_it.o(i.UsageFault_Handler) for UsageFault_Handler
    startup_stm32f407xx.o(RESET) refers to port.o(.emb_text) for SVC_Handler
    startup_stm32f407xx.o(RESET) refers to stm32f4xx_it.o(i.DebugMon_Handler) for DebugMon_Handler
    startup_stm32f407xx.o(RESET) refers to delay.o(i.SysTick_Handler) for SysTick_Handler
    startup_stm32f407xx.o(RESET) refers to i2s.o(i.DMA1_Stream4_IRQHandler) for DMA1_Stream4_IRQHandler
    startup_stm32f407xx.o(RESET) refers to usmart_port.o(i.TIM4_IRQHandler) for TIM4_IRQHandler
    startup_stm32f407xx.o(RESET) refers to usart.o(i.USART1_IRQHandler) for USART1_IRQHandler
    startup_stm32f407xx.o(.text) refers to system_stm32f4xx.o(i.SystemInit) for SystemInit
    startup_stm32f407xx.o(.text) refers to entry.o(.ARM.Collect$$$$00000000) for __main
    main.o(i.led_set) refers to stm32f4xx_hal_gpio.o(i.HAL_GPIO_WritePin) for HAL_GPIO_WritePin
    main.o(i.main) refers to stm32f4xx_hal_cortex.o(i.HAL_NVIC_SetPriorityGrouping) for HAL_NVIC_SetPriorityGrouping
    main.o(i.main) refers to stm32f4xx_hal.o(i.HAL_Init) for HAL_Init
    main.o(i.main) refers to sys.o(i.sys_stm32_clock_init) for sys_stm32_clock_init
    main.o(i.main) refers to delay.o(i.delay_init) for delay_init
    main.o(i.main) refers to usart.o(i.usart_init) for usart_init
    main.o(i.main) refers to led.o(i.led_init) for led_init
    main.o(i.main) refers to key.o(i.key_init) for key_init
    main.o(i.main) refers to lcd.o(i.lcd_init) for lcd_init
    main.o(i.main) refers to stm32f4xx_hal_gpio.o(i.HAL_GPIO_WritePin) for HAL_GPIO_WritePin
    main.o(i.main) refers to lcd.o(i.lcd_show_string) for lcd_show_string
    main.o(i.main) refers to delay.o(i.delay_ms) for delay_ms
    main.o(i.main) refers to lcd.o(i.lcd_fill) for lcd_fill
    main.o(i.main) refers to sdio_sdcard.o(i.sd_init) for sd_init
    main.o(i.main) refers to ff.o(i.f_mount) for f_mount
    main.o(i.main) refers to es8388.o(i.es8388_init) for es8388_init
    main.o(i.main) refers to es8388.o(i.es8388_adda_cfg) for es8388_adda_cfg
    main.o(i.main) refers to es8388.o(i.es8388_output_cfg) for es8388_output_cfg
    main.o(i.main) refers to es8388.o(i.es8388_hpvol_set) for es8388_hpvol_set
    main.o(i.main) refers to es8388.o(i.es8388_spkvol_set) for es8388_spkvol_set
    main.o(i.main) refers to text.o(i.text_show_string) for text_show_string
    main.o(i.main) refers to tasks.o(i.xTaskCreate) for xTaskCreate
    main.o(i.main) refers to tasks.o(i.vTaskStartScheduler) for vTaskStartScheduler
    main.o(i.main) refers to audioplay.o(i.audio_play) for audio_play
    main.o(i.main) refers to usmart_config.o(.data) for usmart_dev
    main.o(i.main) refers to main.o(.bss) for fs
    main.o(i.main) refers to main.o(i.vAudio_Task) for vAudio_Task
    main.o(i.main) refers to main.o(i.vLed_Task) for vLed_Task
    main.o(i.show_sdcard_info) refers to stm32f4xx_hal_sd.o(i.HAL_SD_GetCardCID) for HAL_SD_GetCardCID
    main.o(i.show_sdcard_info) refers to sdio_sdcard.o(i.get_sd_card_info) for get_sd_card_info
    main.o(i.show_sdcard_info) refers to printf8.o(i.__0printf$8) for __2printf
    main.o(i.show_sdcard_info) refers to sdio_sdcard.o(.bss) for g_sdcard_handler
    main.o(i.vAudio_Task) refers to audioplay.o(i.audio_play) for audio_play
    main.o(i.vAudio_Task) refers to tasks.o(i.vTaskDelay) for vTaskDelay
    main.o(i.vLed_Task) refers to tasks.o(i.xTaskGetTickCount) for xTaskGetTickCount
    main.o(i.vLed_Task) refers to stm32f4xx_hal_gpio.o(i.HAL_GPIO_TogglePin) for HAL_GPIO_TogglePin
    main.o(i.vLed_Task) refers to tasks.o(i.vTaskDelayUntil) for vTaskDelayUntil
    main.o(i.vLed_Task) refers to main.o(.data) for xLastWakeTime
    system_stm32f4xx.o(i.SystemCoreClockUpdate) refers to system_stm32f4xx.o(.data) for SystemCoreClock
    system_stm32f4xx.o(i.SystemCoreClockUpdate) refers to system_stm32f4xx.o(.constdata) for AHBPrescTable
    delay.o(i.HAL_Delay) refers to delay.o(i.delay_ms) for delay_ms
    delay.o(i.SysTick_Handler) refers to stm32f4xx_hal.o(i.HAL_IncTick) for HAL_IncTick
    delay.o(i.SysTick_Handler) refers to tasks.o(i.xTaskGetSchedulerState) for xTaskGetSchedulerState
[...]
    OTG_HS_EP1_OUT_IRQHandler                0x08000281   Thumb Code     0  startup_stm32f407xx.o(.text)
    OTG_HS_IRQHandler                        0x08000281   Thumb Code     0  startup_stm32f407xx.o(.text)
    OTG_HS_WKUP_IRQHandler                   0x08000281   Thumb Code     0  startup_stm32f407xx.o(.text)
    PVD_IRQHandler                           0x08000281   Thumb Code     0  startup_stm32f407xx.o(.text)
    RCC_IRQHandler                           0x08000281   Thumb Code     0  startup_stm32f407xx.o(.text)
    RTC_Alarm_IRQHandler                     0x08000281   Thumb Code     0  startup_stm32f407xx.o(.text)
    RTC_WKUP_IRQHandler                      0x08000281   Thumb Code     0  startup_stm32f407xx.o(.text)
    SDIO_IRQHandler                          0x08000281   Thumb Code     0  startup_stm32f407xx.o(.text)
    SPI1_IRQHandler                          0x08000281   Thumb Code     0  startup_stm32f407xx.o(.text)
    SPI2_IRQHandler                          0x08000281   Thumb Code     0  startup_stm32f407xx.o(.text)
    SPI3_IRQHandler                          0x08000281   Thumb Code     0  startup_stm32f407xx.o(.text)
    TAMP_STAMP_IRQHandler                    0x08000281   Thumb Code     0  startup_stm32f407xx.o(.text)
    TIM1_BRK_TIM9_IRQHandler                 0x08000281   Thumb Code     0  startup_stm32f407xx.o(.text)
    TIM1_CC_IRQHandler                       0x08000281   Thumb Code     0  startup_stm32f407xx.o(.text)
    TIM1_TRG_COM_TIM11_IRQHandler            0x08000281   Thumb Code     0  startup_stm32f407xx.o(.text)
    TIM1_UP_TIM10_IRQHandler                 0x08000281   Thumb Code     0  startup_stm32f407xx.o(.text)
    TIM2_IRQHandler                          0x08000281   Thumb Code     0  startup_stm32f407xx.o(.text)
    TIM3_IRQHandler                          0x08000281   Thumb Code     0  startup_stm32f407xx.o(.text)
    TIM5_IRQHandler                          0x08000281   Thumb Code     0  startup_stm32f407xx.o(.text)
    TIM6_DAC_IRQHandler                      0x08000281   Thumb Code     0  startup_stm32f407xx.o(.text)
    TIM7_IRQHandler                          0x08000281   Thumb Code     0  startup_stm32f407xx.o(.text)
    TIM8_BRK_TIM12_IRQHandler                0x08000281   Thumb Code     0  startup_stm32f407xx.o(.text)
    TIM8_CC_IRQHandler                       0x08000281   Thumb Code     0  startup_stm32f407xx.o(.text)
    TIM8_TRG_COM_TIM14_IRQHandler            0x08000281   Thumb Code     0  startup_stm32f407xx.o(.text)
    TIM8_UP_TIM13_IRQHandler                 0x08000281   Thumb Code     0  startup_stm32f407xx.o(.text)
    UART4_IRQHandler                         0x08000281   Thumb Code     0  startup_stm32f407xx.o(.text)
    UART5_IRQHandler                         0x08000281   Thumb Code     0  startup_stm32f407xx.o(.text)
    USART2_IRQHandler                        0x08000281   Thumb Code     0  startup_stm32f407xx.o(.text)
    USART3_IRQHandler                        0x08000281   Thumb Code     0  startup_stm32f407xx.o(.text)
    USART6_IRQHandler                        0x08000281   Thumb Code     0  startup_stm32f407xx.o(.text)
    WWDG_IRQHandler                          0x08000281   Thumb Code     0  startup_stm32f407xx.o(.text)
    __aeabi_uldivmod                         0x08000291   Thumb Code    98  uldiv.o(.text)
    __aeabi_ldivmod                          0x080002f3   Thumb Code    98  ldiv.o(.text)
    __aeabi_memcpy                           0x08000355   Thumb Code    36  memcpya.o(.text)
    __aeabi_memcpy4                          0x08000355   Thumb Code     0  memcpya.o(.text)
    __aeabi_memcpy8                          0x08000355   Thumb Code     0  memcpya.o(.text)
    __aeabi_memset                           0x08000379   Thumb Code    14  memseta.o(.text)
    __aeabi_memset4                          0x08000379   Thumb Code     0  memseta.o(.text)
    __aeabi_memset8                          0x08000379   Thumb Code     0  memseta.o(.text)
    __aeabi_memclr                           0x08000387   Thumb Code     4  memseta.o(.text)
    __aeabi_memclr4                          0x08000387   Thumb Code     0  memseta.o(.text)
    __aeabi_memclr8                          0x08000387   Thumb Code     0  memseta.o(.text)
    memset                                   0x0800038b   Thumb Code    18  memseta.o(.text)
    strcat                                   0x0800039d   Thumb Code    24  strcat.o(.text)
    strchr                                   0x080003b5   Thumb Code    20  strchr.o(.text)
    memcmp                                   0x080003c9   Thumb Code    26  memcmp.o(.text)
    strcpy                                   0x080003e3   Thumb Code    18  strcpy.o(.text)
    __aeabi_dmul                             0x080003f5   Thumb Code   228  dmul.o(.text)
    __aeabi_ui2d                             0x080004d9   Thumb Code    26  dfltui.o(.text)
    __aeabi_d2uiz                            0x080004f3   Thumb Code    50  dfixui.o(.text)
    __aeabi_llsl                             0x08000525   Thumb Code    30  llshl.o(.text)
    _ll_shift_l                              0x08000525   Thumb Code     0  llshl.o(.text)
    __aeabi_llsr                             0x08000543   Thumb Code    32  llushr.o(.text)
    _ll_ushift_r                             0x08000543   Thumb Code     0  llushr.o(.text)
    __I$use$fp                               0x08000563   Thumb Code     0  iusefp.o(.text)
    _double_round                            0x08000563   Thumb Code    30  depilogue.o(.text)
    _double_epilogue                         0x08000581   Thumb Code   156  depilogue.o(.text)
    __scatterload                            0x0800061d   Thumb Code    28  init.o(.text)
    __scatterload_rt2                        0x0800061d   Thumb Code     0  init.o(.text)
    __decompress                             0x08000641   Thumb Code     0  __dczerorl2.o(.text)
    __decompress1                            0x08000641   Thumb Code    86  __dczerorl2.o(.text)
    BusFault_Handler                         0x08000697   Thumb Code     4  stm32f4xx_it.o(i.BusFault_Handler)
    DMA1_Stream4_IRQHandler                  0x0800069d   Thumb Code   166  i2s.o(i.DMA1_Stream4_IRQHandler)
    DebugMon_Handler                         0x08000853   Thumb Code     2  stm32f4xx_it.o(i.DebugMon_Handler)
    FSMC_NORSRAM_Extended_Timing_Init        0x08000855   Thumb Code    66  stm32f4xx_ll_fsmc.o(i.FSMC_NORSRAM_Extended_Timing_Init)
    FSMC_NORSRAM_Init                        0x0800089d   Thumb Code    88  stm32f4xx_ll_fsmc.o(i.FSMC_NORSRAM_Init)
    FSMC_NORSRAM_Timing_Init                 0x080008f9   Thumb Code    68  stm32f4xx_ll_fsmc.o(i.FSMC_NORSRAM_Timing_Init)
    HAL_DMAEx_MultiBufferStart               0x0800093d   Thumb Code   124  stm32f4xx_hal_dma_ex.o(i.HAL_DMAEx_MultiBufferStart)
    HAL_DMA_Abort                            0x080009b9   Thumb Code   170  stm32f4xx_hal_dma.o(i.HAL_DMA_Abort)
    HAL_DMA_Abort_IT                         0x08000a63   Thumb Code    40  stm32f4xx_hal_dma.o(i.HAL_DMA_Abort_IT)
    HAL_DMA_DeInit                           0x08000a8b   Thumb Code   112  stm32f4xx_hal_dma.o(i.HAL_DMA_DeInit)
    HAL_DMA_Init                             0x08000afd   Thumb Code   232  stm32f4xx_hal_dma.o(i.HAL_DMA_Init)
    HAL_Delay                                0x08000be9   Thumb Code    12  delay.o(i.HAL_Delay)
    HAL_GPIO_Init                            0x08000bf5   Thumb Code   470  stm32f4xx_hal_gpio.o(i.HAL_GPIO_Init)
    HAL_GPIO_ReadPin                         0x08000df9   Thumb Code    16  stm32f4xx_hal_gpio.o(i.HAL_GPIO_ReadPin)
    HAL_GPIO_TogglePin                       0x08000e09   Thumb Code    20  stm32f4xx_hal_gpio.o(i.HAL_GPIO_TogglePin)
    HAL_GPIO_WritePin                        0x08000e1d   Thumb Code    12  stm32f4xx_hal_gpio.o(i.HAL_GPIO_WritePin)
    HAL_GetREVID                             0x08000e29   Thumb Code     8  stm32f4xx_hal.o(i.HAL_GetREVID)
    HAL_GetTick                              0x08000e35   Thumb Code     6  stm32f4xx_hal.o(i.HAL_GetTick)
    HAL_I2SEx_FullDuplex_IRQHandler          0x08000e41   Thumb Code   572  stm32f4xx_hal_i2s_ex.o(i.HAL_I2SEx_FullDuplex_IRQHandler)
    HAL_I2SEx_TxRxCpltCallback               0x08001085   Thumb Code     2  stm32f4xx_hal_i2s_ex.o(i.HAL_I2SEx_TxRxCpltCallback)
    HAL_I2S_ErrorCallback                    0x08001087   Thumb Code     2  stm32f4xx_hal_i2s.o(i.HAL_I2S_ErrorCallback)
    HAL_I2S_Init                             0x08001089   Thumb Code   438  stm32f4xx_hal_i2s.o(i.HAL_I2S_Init)
    HAL_I2S_MspInit                          0x08001251   Thumb Code   304  i2s.o(i.HAL_I2S_MspInit)
    HAL_I2S_RxCpltCallback                   0x0800138d   Thumb Code     2  stm32f4xx_hal_i2s.o(i.HAL_I2S_RxCpltCallback)
    HAL_I2S_TxCpltCallback                   0x0800138f   Thumb Code     2  stm32f4xx_hal_i2s.o(i.HAL_I2S_TxCpltCallback)
    HAL_IncTick                              0x08001391   Thumb Code    16  stm32f4xx_hal.o(i.HAL_IncTick)
    HAL_Init                                 0x080013a9   Thumb Code    44  stm32f4xx_hal.o(i.HAL_Init)
    HAL_InitTick                             0x080013d9   Thumb Code    64  stm32f4xx_hal.o(i.HAL_InitTick)
    HAL_MspInit                              0x08001425   Thumb Code     2  stm32f4xx_hal.o(i.HAL_MspInit)
    HAL_NVIC_EnableIRQ                       0x08001427   Thumb Code    32  stm32f4xx_hal_cortex.o(i.HAL_NVIC_EnableIRQ)
    HAL_NVIC_SetPriority                     0x08001447   Thumb Code   124  stm32f4xx_hal_cortex.o(i.HAL_NVIC_SetPriority)
    HAL_NVIC_SetPriorityGrouping             0x080014c5   Thumb Code    32  stm32f4xx_hal_cortex.o(i.HAL_NVIC_SetPriorityGrouping)
    HAL_RCCEx_GetPeriphCLKFreq               0x080014ed   Thumb Code   126  stm32f4xx_hal_rcc_ex.o(i.HAL_RCCEx_GetPeriphCLKFreq)
    HAL_RCCEx_PeriphCLKConfig                0x0800157d   Thumb Code   396  stm32f4xx_hal_rcc_ex.o(i.HAL_RCCEx_PeriphCLKConfig)
    HAL_RCC_ClockConfig                      0x0800171d   Thumb Code   368  stm32f4xx_hal_rcc.o(i.HAL_RCC_ClockConfig)
    HAL_RCC_GetHCLKFreq                      0x080018a1   Thumb Code     6  stm32f4xx_hal_rcc.o(i.HAL_RCC_GetHCLKFreq)
    HAL_RCC_GetPCLK1Freq                     0x080018ad   Thumb Code    22  stm32f4xx_hal_rcc.o(i.HAL_RCC_GetPCLK1Freq)
    HAL_RCC_GetPCLK2Freq                     0x080018cd   Thumb Code    22  stm32f4xx_hal_rcc.o(i.HAL_RCC_GetPCLK2Freq)
    HAL_RCC_GetSysClockFreq                  0x080018ed   Thumb Code   162  stm32f4xx_hal_rcc.o(i.HAL_RCC_GetSysClockFreq)
    HAL_RCC_OscConfig                        0x0800199d   Thumb Code  1172  stm32f4xx_hal_rcc.o(i.HAL_RCC_OscConfig)
    HAL_SD_ConfigWideBusOperation            0x08001e39   Thumb Code   196  stm32f4xx_hal_sd.o(i.HAL_SD_ConfigWideBusOperation)
    HAL_SD_GetCardCSD                        0x08001f01   Thumb Code   450  stm32f4xx_hal_sd.o(i.HAL_SD_GetCardCSD)
    HAL_SD_GetCardInfo                       0x080020c9   Thumb Code    38  stm32f4xx_hal_sd.o(i.HAL_SD_GetCardInfo)
    HAL_SD_GetCardState                      0x080020ef   Thumb Code    36  stm32f4xx_hal_sd.o(i.HAL_SD_GetCardState)
    HAL_SD_Init                              0x08002113   Thumb Code    60  stm32f4xx_hal_sd.o(i.HAL_SD_Init)
    HAL_SD_InitCard                          0x08002151   Thumb Code   162  stm32f4xx_hal_sd.o(i.HAL_SD_InitCard)
    HAL_SD_MspInit                           0x080021fd   Thumb Code   348  sdio_sdcard.o(i.HAL_SD_MspInit)
    HAL_SD_ReadBlocks                        0x08002365   Thumb Code   660  stm32f4xx_hal_sd.o(i.HAL_SD_ReadBlocks)
    HAL_SD_WriteBlocks                       0x080025fd   Thumb Code   556  stm32f4xx_hal_sd.o(i.HAL_SD_WriteBlocks)
    HAL_SRAM_Init                            0x0800282d   Thumb Code    88  stm32f4xx_hal_sram.o(i.HAL_SRAM_Init)
    HAL_SRAM_MspInit                         0x08002885   Thumb Code   152  lcd.o(i.HAL_SRAM_MspInit)
    HAL_SYSTICK_Config                       0x08002929   Thumb Code    52  stm32f4xx_hal_cortex.o(i.HAL_SYSTICK_Config)
    HAL_TIM_Base_Init                        0x0800295d   Thumb Code   102  stm32f4xx_hal_tim.o(i.HAL_TIM_Base_Init)
    HAL_TIM_Base_MspInit                     0x080029c3   Thumb Code     2  stm32f4xx_hal_tim.o(i.HAL_TIM_Base_MspInit)
    HAL_TIM_Base_Start_IT                    0x080029c5   Thumb Code   138  stm32f4xx_hal_tim.o(i.HAL_TIM_Base_Start_IT)
    HAL_UARTEx_RxEventCallback               0x08002a6d   Thumb Code     2  stm32f4xx_hal_uart.o(i.HAL_UARTEx_RxEventCallback)
    HAL_UART_ErrorCallback                   0x08002a6f   Thumb Code     2  stm32f4xx_hal_uart.o(i.HAL_UART_ErrorCallback)
    HAL_UART_IRQHandler                      0x08002a71   Thumb Code   586  stm32f4xx_hal_uart.o(i.HAL_UART_IRQHandler)
    HAL_UART_Init                            0x08002cc1   Thumb Code   114  stm32f4xx_hal_uart.o(i.HAL_UART_Init)
    HAL_UART_MspInit                         0x08002d35   Thumb Code   190  usart.o(i.HAL_UART_MspInit)
    HAL_UART_Receive_IT                      0x08002e01   Thumb Code    66  stm32f4xx_hal_uart.o(i.HAL_UART_Receive_IT)
    HAL_UART_RxCpltCallback                  0x08002e45   Thumb Code   134  usart.o(i.HAL_UART_RxCpltCallback)
    HAL_UART_TxCpltCallback                  0x08002ee1   Thumb Code     2  stm32f4xx_hal_uart.o(i.HAL_UART_TxCpltCallback)
    HardFault_Handler                        0x08002ee3   Thumb Code     4  stm32f4xx_it.o(i.HardFault_Handler)
    KEY_GetKeyDown                           0x08003179   Thumb Code    12  key.o(i.KEY_GetKeyDown)
    KEY_Tick                                 0x08003189   Thumb Code   150  key.o(i.KEY_Tick)
    MemManage_Handler                        0x0800323d   Thumb Code     4  stm32f4xx_it.o(i.MemManage_Handler)
    NMI_Handler                              0x08003241   Thumb Code     2  stm32f4xx_it.o(i.NMI_Handler)
    SDIO_ConfigData                          0x08003243   Thumb Code    44  stm32f4xx_ll_sdmmc.o(i.SDIO_ConfigData)
    SDIO_GetCommandResponse                  0x0800326f   Thumb Code     8  stm32f4xx_ll_sdmmc.o(i.SDIO_GetCommandResponse)
    SDIO_GetPowerState                       0x08003277   Thumb Code    10  stm32f4xx_ll_sdmmc.o(i.SDIO_GetPowerState)
    SDIO_GetResponse                         0x08003281   Thumb Code    12  stm32f4xx_ll_sdmmc.o(i.SDIO_GetResponse)
    SDIO_Init                                0x0800328d   Thumb Code    52  stm32f4xx_ll_sdmmc.o(i.SDIO_Init)
    SDIO_PowerState_ON                       0x080032c1   Thumb Code    18  stm32f4xx_ll_sdmmc.o(i.SDIO_PowerState_ON)
    SDIO_ReadFIFO                            0x080032d3   Thumb Code     8  stm32f4xx_ll_sdmmc.o(i.SDIO_ReadFIFO)
    SDIO_SendCommand                         0x080032db   Thumb Code    40  stm32f4xx_ll_sdmmc.o(i.SDIO_SendCommand)
    SDIO_WriteFIFO                           0x08003303   Thumb Code    12  stm32f4xx_ll_sdmmc.o(i.SDIO_WriteFIFO)
    SDMMC_CmdAppCommand                      0x0800330f   Thumb Code    56  stm32f4xx_ll_sdmmc.o(i.SDMMC_CmdAppCommand)
    SDMMC_CmdAppOperCommand                  0x08003349   Thumb Code    54  stm32f4xx_ll_sdmmc.o(i.SDMMC_CmdAppOperCommand)
    SDMMC_CmdBlockLength                     0x08003385   Thumb Code    56  stm32f4xx_ll_sdmmc.o(i.SDMMC_CmdBlockLength)
    SDMMC_CmdBusWidth                        0x080033bd   Thumb Code    56  stm32f4xx_ll_sdmmc.o(i.SDMMC_CmdBusWidth)
    SDMMC_CmdGoIdleState                     0x080033f5   Thumb Code    44  stm32f4xx_ll_sdmmc.o(i.SDMMC_CmdGoIdleState)
    SDMMC_CmdOperCond                        0x08003421   Thumb Code    52  stm32f4xx_ll_sdmmc.o(i.SDMMC_CmdOperCond)
    SDMMC_CmdReadMultiBlock                  0x08003455   Thumb Code    56  stm32f4xx_ll_sdmmc.o(i.SDMMC_CmdReadMultiBlock)
    SDMMC_CmdReadSingleBlock                 0x0800348d   Thumb Code    56  stm32f4xx_ll_sdmmc.o(i.SDMMC_CmdReadSingleBlock)
    SDMMC_CmdSelDesel                        0x080034c5   Thumb Code    58  stm32f4xx_ll_sdmmc.o(i.SDMMC_CmdSelDesel)
    SDMMC_CmdSendCID                         0x080034ff   Thumb Code    50  stm32f4xx_ll_sdmmc.o(i.SDMMC_CmdSendCID)
    SDMMC_CmdSendCSD                         0x08003531   Thumb Code    50  stm32f4xx_ll_sdmmc.o(i.SDMMC_CmdSendCSD)
    SDMMC_CmdSendSCR                         0x08003563   Thumb Code    56  stm32f4xx_ll_sdmmc.o(i.SDMMC_CmdSendSCR)
    SDMMC_CmdSendStatus                      0x0800359b   Thumb Code    56  stm32f4xx_ll_sdmmc.o(i.SDMMC_CmdSendStatus)
    SDMMC_CmdSetRelAdd                       0x080035d3   Thumb Code    56  stm32f4xx_ll_sdmmc.o(i.SDMMC_CmdSetRelAdd)
    SDMMC_CmdStopTransfer                    0x0800360d   Thumb Code    54  stm32f4xx_ll_sdmmc.o(i.SDMMC_CmdStopTransfer)
    SDMMC_CmdWriteMultiBlock                 0x08003649   Thumb Code    56  stm32f4xx_ll_sdmmc.o(i.SDMMC_CmdWriteMultiBlock)
    SDMMC_CmdWriteSingleBlock                0x08003681   Thumb Code    56  stm32f4xx_ll_sdmmc.o(i.SDMMC_CmdWriteSingleBlock)
    SysTick_Handler                          0x08003e95   Thumb Code    20  delay.o(i.SysTick_Handler)
    SystemInit                               0x08003ea9   Thumb Code    14  system_stm32f4xx.o(i.SystemInit)
    TIM4_IRQHandler                          0x08003ebd   Thumb Code    58  usmart_port.o(i.TIM4_IRQHandler)
    TIM_Base_SetConfig                       0x08003f01   Thumb Code   170  stm32f4xx_hal_tim.o(i.TIM_Base_SetConfig)
    UART_Start_Receive_IT                    0x0800432d   Thumb Code    70  stm32f4xx_hal_uart.o(i.UART_Start_Receive_IT)
    USART1_IRQHandler                        0x080043d5   Thumb Code    10  usart.o(i.USART1_IRQHandler)
    UsageFault_Handler                       0x080043e5   Thumb Code     4  stm32f4xx_it.o(i.UsageFault_Handler)
    __0printf$8                              0x080043e9   Thumb Code    22  printf8.o(i.__0printf$8)
    __1printf$8                              0x080043e9   Thumb Code     0  printf8.o(i.__0printf$8)
    __2printf                                0x080043e9   Thumb Code     0  printf8.o(i.__0printf$8)
    __scatterload_copy                       0x08004441   Thumb Code    14  handlers.o(i.__scatterload_copy)
    __scatterload_null                       0x0800444f   Thumb Code     2  handlers.o(i.__scatterload_null)
    __scatterload_zeroinit                   0x08004451   Thumb Code    14  handlers.o(i.__scatterload_zeroinit)
    audio_get_tnum                           0x080048c3   Thumb Code    66  audioplay.o(i.audio_get_tnum)
    audio_index_show                         0x08004905   Thumb Code    74  audioplay.o(i.audio_index_show)
    audio_msg_show                           0x08004951   Thumb Code   276  audioplay.o(i.audio_msg_show)
    audio_play                               0x08004a71   Thumb Code   454  audioplay.o(i.audio_play)
    audio_play_song                          0x08004cad   Thumb Code    38  audioplay.o(i.audio_play_song)
    audio_start                              0x08004ce5   Thumb Code    14  audioplay.o(i.audio_start)
    audio_stop                               0x08004cf9   Thumb Code    14  audioplay.o(i.audio_stop)
    delay_init                               0x080054e5   Thumb Code    16  delay.o(i.delay_init)
    delay_ms                                 0x080054fd   Thumb Code    76  delay.o(i.delay_ms)
    delay_us                                 0x08005551   Thumb Code    68  delay.o(i.delay_us)
    dir_sdi                                  0x08005c27   Thumb Code   170  ff.o(i.dir_sdi)
    disk_initialize                          0x08005cd1   Thumb Code    32  diskio.o(i.disk_initialize)
    disk_ioctl                               0x08005cf1   Thumb Code    66  diskio.o(i.disk_ioctl)
    disk_read                                0x08005d39   Thumb Code    86  diskio.o(i.disk_read)
    disk_status                              0x08005d8f   Thumb Code    12  diskio.o(i.disk_status)
    disk_write                               0x08005d9b   Thumb Code    86  diskio.o(i.disk_write)
    es8388_adda_cfg                          0x08005df1   Thumb Code    64  es8388.o(i.es8388_adda_cfg)
    es8388_hpvol_set                         0x08005e31   Thumb Code    28  es8388.o(i.es8388_hpvol_set)
    es8388_i2s_cfg                           0x08005e4d   Thumb Code    28  es8388.o(i.es8388_i2s_cfg)
    es8388_init                              0x08005e69   Thumb Code   198  es8388.o(i.es8388_init)
    es8388_output_cfg                        0x08005f2f   Thumb Code    38  es8388.o(i.es8388_output_cfg)
    es8388_spkvol_set                        0x08005f55   Thumb Code    28  es8388.o(i.es8388_spkvol_set)
    es8388_write_reg                         0x08005f71   Thumb Code    66  es8388.o(i.es8388_write_reg)
    f_close                                  0x08005fb3   Thumb Code    38  ff.o(i.f_close)
    f_lseek                                  0x08005fd9   Thumb Code  1134  ff.o(i.f_lseek)
    f_mount                                  0x08006449   Thumb Code    80  ff.o(i.f_mount)
    f_open                                   0x0800649d   Thumb Code   874  ff.o(i.f_open)
    f_opendir                                0x08006807   Thumb Code   186  ff.o(i.f_opendir)
    f_read                                   0x080068c1   Thumb Code   552  ff.o(i.f_read)
    f_readdir                                0x08006ae9   Thumb Code   104  ff.o(i.f_readdir)
    f_sync                                   0x08006b51   Thumb Code   440  ff.o(i.f_sync)
    ff_oem2uni                               0x08006d09   Thumb Code   100  ffunicode.o(i.ff_oem2uni)
    ff_uni2oem                               0x08006d71   Thumb Code   112  ffunicode.o(i.ff_uni2oem)
    ff_wtoupper                              0x08006de5   Thumb Code   166  ffunicode.o(i.ff_wtoupper)
    fputc                                    0x080070f1   Thumb Code    22  usart.o(i.fputc)
    get_fattime                              0x08007375   Thumb Code     4  main.o(i.get_fattime)
    get_sd_card_state                        0x08007641   Thumb Code    20  sdio_sdcard.o(i.get_sd_card_state)
    i2s_init                                 0x08007659   Thumb Code    82  i2s.o(i.i2s_init)
    i2s_play_start                           0x080076b5   Thumb Code    18  i2s.o(i.i2s_play_start)
    i2s_play_stop                            0x080076cd   Thumb Code    18  i2s.o(i.i2s_play_stop)
    i2s_samplerate_set                       0x080076e5   Thumb Code   154  i2s.o(i.i2s_samplerate_set)
    i2s_tx_dma_init                          0x0800778d   Thumb Code   260  i2s.o(i.i2s_tx_dma_init)
    iic_init                                 0x080078b5   Thumb Code   122  myiic.o(i.iic_init)
    iic_send_byte                            0x08007939   Thumb Code   106  myiic.o(i.iic_send_byte)
    iic_start                                0x080079a9   Thumb Code    76  myiic.o(i.iic_start)
    iic_stop                                 0x080079f9   Thumb Code    60  myiic.o(i.iic_stop)
    iic_wait_ack                             0x08007a39   Thumb Code   100  myiic.o(i.iic_wait_ack)
    key_init                                 0x08007ad5   Thumb Code   228  key.o(i.key_init)
    lcd_clear                                0x08007bd9   Thumb Code    42  lcd.o(i.lcd_clear)
    lcd_display_dir                          0x08007c0d   Thumb Code   360  lcd.o(i.lcd_display_dir)
    lcd_draw_circle                          0x08007d79   Thumb Code   170  lcd.o(i.lcd_draw_circle)
    lcd_draw_line                            0x08007e23   Thumb Code   172  lcd.o(i.lcd_draw_line)
    lcd_draw_point                           0x08007ed1   Thumb Code    26  lcd.o(i.lcd_draw_point)
    lcd_draw_rectangle                       0x08007ef1   Thumb Code    74  lcd.o(i.lcd_draw_rectangle)
    lcd_ex_ili9341_reginit                   0x08007f3b   Thumb Code   556  lcd.o(i.lcd_ex_ili9341_reginit)
    lcd_ex_ili9806_reginit                   0x08008167   Thumb Code   832  lcd.o(i.lcd_ex_ili9806_reginit)
    lcd_ex_nt35310_reginit                   0x080084a7   Thumb Code  3826  lcd.o(i.lcd_ex_nt35310_reginit)
    lcd_ex_nt35510_reginit                   0x08009399   Thumb Code  3836  lcd.o(i.lcd_ex_nt35510_reginit)
    lcd_ex_ssd1963_reginit                   0x0800a295   Thumb Code   366  lcd.o(i.lcd_ex_ssd1963_reginit)
    lcd_ex_st7789_reginit                    0x0800a403   Thumb Code   424  lcd.o(i.lcd_ex_st7789_reginit)
    lcd_ex_st7796_reginit                    0x0800a5ab   Thumb Code   454  lcd.o(i.lcd_ex_st7796_reginit)
    lcd_fill                                 0x0800a771   Thumb Code    80  lcd.o(i.lcd_fill)
    lcd_init                                 0x0800a7c5   Thumb Code  1308  lcd.o(i.lcd_init)
    lcd_read_point                           0x0800ad29   Thumb Code   148  lcd.o(i.lcd_read_point)
    lcd_scan_dir                             0x0800adc1   Thumb Code   568  lcd.o(i.lcd_scan_dir)
    lcd_set_cursor                           0x0800affd   Thumb Code   282  lcd.o(i.lcd_set_cursor)
    lcd_show_char                            0x0800b11d   Thumb Code   294  lcd.o(i.lcd_show_char)
    lcd_show_num                             0x0800b25d   Thumb Code   152  lcd.o(i.lcd_show_num)
    lcd_show_string                          0x0800b2f5   Thumb Code   106  lcd.o(i.lcd_show_string)
    lcd_show_xnum                            0x0800b35f   Thumb Code   198  lcd.o(i.lcd_show_xnum)
    lcd_ssd_backlight_set                    0x0800b425   Thumb Code    88  lcd.o(i.lcd_ssd_backlight_set)
    lcd_wr_data                              0x0800b485   Thumb Code    18  lcd.o(i.lcd_wr_data)
    lcd_wr_regno                             0x0800b49d   Thumb Code    18  lcd.o(i.lcd_wr_regno)
    lcd_write_ram_prepare                    0x0800b4b5   Thumb Code    10  lcd.o(i.lcd_write_ram_prepare)
    lcd_write_reg                            0x0800b4c9   Thumb Code    14  lcd.o(i.lcd_write_reg)
    led_init                                 0x0800b589   Thumb Code   142  led.o(i.led_init)
    led_set                                  0x0800b621   Thumb Code    36  main.o(i.led_set)
    main                                     0x0800b799   Thumb Code   424  main.o(i.main)
    pvPortMalloc                             0x0800ca89   Thumb Code   306  heap_4.o(i.pvPortMalloc)
    pxPortInitialiseStack                    0x0800cbd1   Thumb Code    38  port.o(i.pxPortInitialiseStack)
    read_addr                                0x0800cbfd   Thumb Code     6  usmart.o(i.read_addr)
    sd_init                                  0x0800cd4d   Thumb Code    70  sdio_sdcard.o(i.sd_init)
    sd_read_disk                             0x0800cda1   Thumb Code    72  sdio_sdcard.o(i.sd_read_disk)
    sd_write_disk                            0x0800cdf1   Thumb Code    72  sdio_sdcard.o(i.sd_write_disk)
    sys_stm32_clock_init                     0x0800d051   Thumb Code   208  sys.o(i.sys_stm32_clock_init)
    test_fun                                 0x0800d179   Thumb Code    12  main.o(i.test_fun)
    text_show_font                           0x0800d2f9   Thumb Code   192  text.o(i.text_show_font)
    text_show_string                         0x0800d3bd   Thumb Code   198  text.o(i.text_show_string)
    usart_init                               0x0800d485   Thumb Code    44  usart.o(i.usart_init)
    usmart_cmd_rec                           0x0800d4bd   Thumb Code   170  usmart.o(i.usmart_cmd_rec)
    usmart_exe                               0x0800d56d   Thumb Code   632  usmart.o(i.usmart_exe)
    usmart_get_aparm                         0x0800d841   Thumb Code   212  usmart_str.o(i.usmart_get_aparm)
    usmart_get_cmdname                       0x0800d915   Thumb Code    54  usmart_str.o(i.usmart_get_cmdname)
    usmart_get_fname                         0x0800d94d   Thumb Code   440  usmart_str.o(i.usmart_get_fname)
    usmart_get_fparam                        0x0800db0d   Thumb Code   262  usmart_str.o(i.usmart_get_fparam)
    usmart_get_input_string                  0x0800dc19   Thumb Code    30  usmart_port.o(i.usmart_get_input_string)
    usmart_get_parmpos                       0x0800dc41   Thumb Code    26  usmart_str.o(i.usmart_get_parmpos)
    usmart_init                              0x0800dc61   Thumb Code    36  usmart.o(i.usmart_init)
    usmart_pow                               0x0800dc89   Thumb Code    22  usmart_str.o(i.usmart_pow)
    usmart_scan                              0x0800dca1   Thumb Code   106  usmart.o(i.usmart_scan)
    usmart_search_nextc                      0x0800dd49   Thumb Code    22  usmart_str.o(i.usmart_search_nextc)
    usmart_str2num                           0x0800dd5f   Thumb Code   262  usmart_str.o(i.usmart_str2num)
    usmart_strcmp                            0x0800de65   Thumb Code    34  usmart_str.o(i.usmart_strcmp)
    usmart_strcopy                           0x0800de87   Thumb Code    22  usmart_str.o(i.usmart_strcopy)
    usmart_strlen                            0x0800de9d   Thumb Code    24  usmart_str.o(i.usmart_strlen)
    usmart_sys_cmd_exe                       0x0800deb5   Thumb Code  1570  usmart.o(i.usmart_sys_cmd_exe)
    usmart_timx_get_time                     0x0800e5a9   Thumb Code    58  usmart_port.o(i.usmart_timx_get_time)
    usmart_timx_init                         0x0800e5ed   Thumb Code    88  usmart_port.o(i.usmart_timx_init)
    usmart_timx_reset_time                   0x0800e651   Thumb Code    44  usmart_port.o(i.usmart_timx_reset_time)
    uxListRemove                             0x0800e685   Thumb Code    40  list.o(i.uxListRemove)
    vApplicationMallocFailedHook             0x0800e6ad   Thumb Code     4  main.o(i.vApplicationMallocFailedHook)
    vApplicationStackOverflowHook            0x0800e6b1   Thumb Code     4  main.o(i.vApplicationStackOverflowHook)
    vListInitialise                          0x0800e6f1   Thumb Code    26  list.o(i.vListInitialise)
    vListInitialiseItem                      0x0800e70b   Thumb Code     6  list.o(i.vListInitialiseItem)
    vListInsert                              0x0800e711   Thumb Code    52  list.o(i.vListInsert)
    vListInsertEnd                           0x0800e745   Thumb Code    24  list.o(i.vListInsertEnd)
    vPortEnterCritical                       0x0800e75d   Thumb Code    76  port.o(i.vPortEnterCritical)
    vPortExitCritical                        0x0800e7b1   Thumb Code    56  port.o(i.vPortExitCritical)
    vPortFree                                0x0800e7ed   Thumb Code   140  heap_4.o(i.vPortFree)
    vPortSetupTimerInterrupt                 0x0800e881   Thumb Code    20  port.o(i.vPortSetupTimerInterrupt)
    vPortValidateInterruptPriority           0x0800e899   Thumb Code   106  port.o(i.vPortValidateInterruptPriority)
    vQueueAddToRegistry                      0x0800e911   Thumb Code    38  queue.o(i.vQueueAddToRegistry)
    vQueueWaitForMessageRestricted           0x0800e93d   Thumb Code    74  queue.o(i.vQueueWaitForMessageRestricted)
    vTaskDelay                               0x0800e989   Thumb Code    82  tasks.o(i.vTaskDelay)
    vTaskDelayUntil                          0x0800e9e5   Thumb Code   200  tasks.o(i.vTaskDelayUntil)
    vTaskInternalSetTimeOutState             0x0800eab9   Thumb Code    14  tasks.o(i.vTaskInternalSetTimeOutState)
    vTaskMissedYield                         0x0800ead1   Thumb Code     8  tasks.o(i.vTaskMissedYield)
    vTaskPlaceOnEventList                    0x0800eadd   Thumb Code    52  tasks.o(i.vTaskPlaceOnEventList)
    vTaskPlaceOnEventListRestricted          0x0800eb15   Thumb Code    60  tasks.o(i.vTaskPlaceOnEventListRestricted)
    vTaskStartScheduler                      0x0800eb55   Thumb Code   118  tasks.o(i.vTaskStartScheduler)
    vTaskSuspendAll                          0x0800ebe9   Thumb Code    12  tasks.o(i.vTaskSuspendAll)
    vTaskSwitchContext                       0x0800ebf9   Thumb Code   174  tasks.o(i.vTaskSwitchContext)
    wav_buffill                              0x0800ecf9   Thumb Code   156  wavplay.o(i.wav_buffill)
    wav_decode_init                          0x0800ed99   Thumb Code   282  wavplay.o(i.wav_decode_init)
    wav_get_curtime                          0x0800ef7d   Thumb Code    76  wavplay.o(i.wav_get_curtime)
    wav_i2s_dma_tx_callback                  0x0800efc9   Thumb Code    96  wavplay.o(i.wav_i2s_dma_tx_callback)
    wav_play_song                            0x0800f039   Thumb Code   466  wavplay.o(i.wav_play_song)
    write_addr                               0x0800f23d   Thumb Code     4  usmart.o(i.write_addr)
    xPortStartScheduler                      0x0800f241   Thumb Code   330  port.o(i.xPortStartScheduler)
    xPortSysTickHandler                      0x0800f3a9   Thumb Code    46  port.o(i.xPortSysTickHandler)
    xQueueGenericCreate                      0x0800f3dd   Thumb Code    88  queue.o(i.xQueueGenericCreate)
    xQueueGenericReset                       0x0800f435   Thumb Code   146  queue.o(i.xQueueGenericReset)
    xQueueGenericSend                        0x0800f4cd   Thumb Code   420  queue.o(i.xQueueGenericSend)
    xQueueGenericSendFromISR                 0x0800f675   Thumb Code   248  queue.o(i.xQueueGenericSendFromISR)
    xQueueReceive                            0x0800f76d   Thumb Code   356  queue.o(i.xQueueReceive)
    xTaskCheckForTimeOut                     0x0800f8d5   Thumb Code   132  tasks.o(i.xTaskCheckForTimeOut)
    xTaskCreate                              0x0800f961   Thumb Code    96  tasks.o(i.xTaskCreate)
    xTaskGetSchedulerState                   0x0800f9c1   Thumb Code    24  tasks.o(i.xTaskGetSchedulerState)
    xTaskGetTickCount                        0x0800f9e1   Thumb Code     6  tasks.o(i.xTaskGetTickCount)
    xTaskIncrementTick                       0x0800f9ed   Thumb Code   282  tasks.o(i.xTaskIncrementTick)
    xTaskPriorityDisinherit                  0x0800fb35   Thumb Code   188  tasks.o(i.xTaskPriorityDisinherit)
    xTaskRemoveFromEventList                 0x0800fbfd   Thumb Code   128  tasks.o(i.xTaskRemoveFromEventList)
    xTaskResumeAll                           0x0800fc95   Thumb Code   224  tasks.o(i.xTaskResumeAll)
    xTimerCreateTimerTask                    0x0800fd99   Thumb Code    64  timers.o(i.xTimerCreateTimerTask)
    xTimerGenericCommand                     0x0800fded   Thumb Code   126  timers.o(i.xTimerGenericCommand)
    AHBPrescTable                            0x0800fef6   Data          16  system_stm32f4xx.o(.constdata)
    APBPrescTable                            0x0800ff06   Data           8  system_stm32f4xx.o(.constdata)
    asc2_1206                                0x0800ff16   Data        1140  lcd.o(.constdata)
    asc2_1608                                0x0801038a   Data        1520  lcd.o(.constdata)
    asc2_2412                                0x0801097a   Data        3420  lcd.o(.constdata)
    asc2_3216                                0x080116d6   Data        6080  lcd.o(.constdata)
    I2S_PSC_TBL                              0x08012e96   Data         110  i2s.o(.constdata)
    Region$$Table$$Base                      0x0803df6c   Number         0  anon$$obj.o(Region$$Table)
    Region$$Table$$Limit                     0x0803df8c   Number         0  anon$$obj.o(Region$$Table)
    br                                       0x20000008   Data           4  main.o(.data)
    SystemCoreClock                          0x20000010   Data           4  system_stm32f4xx.o(.data)
    g_print_mode                             0x2000001c   Data           1  usart.o(.data)
    __stdout                                 0x20000020   Data           4  usart.o(.data)
    g_usart_rx_sta                           0x20000024   Data           2  usart.o(.data)
    g_rx_buffer                              0x20000026   Data           1  usart.o(.data)
    uwTick                                   0x20000028   Data           4  stm32f4xx_hal.o(.data)
    uwTickPrio                               0x2000002c   Data           4  stm32f4xx_hal.o(.data)
    uwTickFreq                               0x20000030   Data           1  stm32f4xx_hal.o(.data)
    g_point_color                            0x20000038   Data           4  lcd.o(.data)
    g_back_color                             0x2000003c   Data           4  lcd.o(.data)
    i2s_tx_callback                          0x20000040   Data           4  i2s.o(.data)
    usmart_nametab                           0x20000044   Data         136  usmart_config.o(.data)
    usmart_dev                               0x200000cc   Data         244  usmart_config.o(.data)
    sys_cmd_tab                              0x200001c0   Data          28  usmart.o(.data)
    g_debug_key                              0x200001e9   Data           1  wavplay.o(.data)
    wavtransferend                           0x200001ea   Data           1  wavplay.o(.data)
    wavwitchbuf                              0x200001eb   Data           1  wavplay.o(.data)
    pxCurrentTCB                             0x20000200   Data           4  tasks.o(.data)
    fs                                       0x20000268   Data         572  main.o(.bss)
    file                                     0x200004a8   Data         600  main.o(.bss)
    read_buf                                 0x20000700   Data         100  main.o(.bss)
    g_usart_rx_buf                           0x20000764   Data         200  usart.o(.bss)
    g_uart1_handle                           0x2000082c   Data          68  usart.o(.bss)
    g_sram_handle                            0x20000870   Data          80  lcd.o(.bss)
    lcddev                                   0x200008c0   Data          14  lcd.o(.bss)
    g_sdcard_handler                         0x200008d0   Data         132  sdio_sdcard.o(.bss)
    g_sd_card_info_handle                    0x20000954   Data          32  sdio_sdcard.o(.bss)
    g_i2s_handle                             0x20000974   Data          72  i2s.o(.bss)
    g_i2s_txdma_handle                       0x200009bc   Data          96  i2s.o(.bss)
    g_timx_usmart_handle                     0x20000a1c   Data          72  usmart_port.o(.bss)
    wavctrl                                  0x20006f18   Data          32  wavplay.o(.bss)
    g_audiodev                               0x20007457   Data          17  audioplay.o(.bss)
    xQueueRegistry                           0x20007468   Data          64  queue.o(.bss)
    __initial_sp                             0x200185c0   Data           0  startup_stm32f407xx.o(STACK)



==============================================================================

Memory Map of the image

  Image Entry point : 0x08000189

  Load Region LR_IROM1 (Base: 0x08000000, Size: 0x0003e1f4, Max: 0x00100000, ABSOLUTE, COMPRESSED[0x0003e050])

    Execution Region ER_IROM1 (Exec base: 0x08000000, Load base: 0x08000000, Size: 0x0003df8c, Max: 0x00100000, ABSOLUTE)

    Exec Addr    Load Addr    Size         Type   Attr      Idx    E Section Name        Object

    0x08000000   0x08000000   0x00000188   Data   RO            3    RESET               startup_stm32f407xx.o
    0x08000188   0x08000188   0x00000000   Code   RO         7234  * .ARM.Collect$$$$00000000  mc_w.l(entry.o)
    0x08000188   0x08000188   0x00000004   Code   RO         7526    .ARM.Collect$$$$00000001  mc_w.l(entry2.o)
    0x0800018c   0x0800018c   0x00000004   Code   RO         7529    .ARM.Collect$$$$00000004  mc_w.l(entry5.o)
    0x08000190   0x08000190   0x00000000   Code   RO         7531    .ARM.Collect$$$$00000008  mc_w.l(entry7b.o)
    0x08000190   0x08000190   0x00000000   Code   RO         7533    .ARM.Collect$$$$0000000A  mc_w.l(entry8b.o)
    0x08000190   0x08000190   0x00000008   Code   RO         7534    .ARM.Collect$$$$0000000B  mc_w.l(entry9a.o)
    0x08000198   0x08000198   0x00000000   Code   RO         7536    .ARM.Collect$$$$0000000D  mc_w.l(entry10a.o)
    0x08000198   0x08000198   0x00000000   Code   RO         7538    .ARM.Collect$$$$0000000F  mc_w.l(entry11a.o)
    0x08000198   0x08000198   0x00000004   Code   RO         7527    .ARM.Collect$$$$00002712  mc_w.l(entry2.o)
    0x0800019c   0x0800019c   0x000000be   Code   RO         6254    .emb_text           port.o
    0x0800025a   0x0800025a   0x00000002   PAD
    0x0800025c   0x0800025c   0x00000034   Code   RO            4    .text               startup_stm32f407xx.o
    0x08000290   0x08000290   0x00000062   Code   RO         7237    .text               mc_w.l(uldiv.o)
    0x080002f2   0x080002f2   0x00000062   Code   RO         7239    .text               mc_w.l(ldiv.o)
    0x08000354   0x08000354   0x00000024   Code   RO         7241    .text               mc_w.l(memcpya.o)
    0x08000378   0x08000378   0x00000024   Code   RO         7245    .text               mc_w.l(memseta.o)
    0x0800039c   0x0800039c   0x00000018   Code   RO         7247    .text               mc_w.l(strcat.o)
    0x080003b4   0x080003b4   0x00000014   Code   RO         7249    .text               mc_w.l(strchr.o)
    0x080003c8   0x080003c8   0x0000001a   Code   RO         7253    .text               mc_w.l(memcmp.o)
    0x080003e2   0x080003e2   0x00000012   Code   RO         7255    .text               mc_w.l(strcpy.o)
    0x080003f4   0x080003f4   0x000000e4   Code   RO         7520    .text               mf_w.l(dmul.o)
    0x080004d8   0x080004d8   0x0000001a   Code   RO         7522    .text               mf_w.l(dfltui.o)
    0x080004f2   0x080004f2   0x00000032   Code   RO         7524    .text               mf_w.l(dfixui.o)
    0x08000524   0x08000524   0x0000001e   Code   RO         7542    .text               mc_w.l(llshl.o)
    0x08000542   0x08000542   0x00000020   Code   RO         7544    .text               mc_w.l(llushr.o)
    0x08000562   0x08000562   0x00000000   Code   RO         7546    .text               mc_w.l(iusefp.o)
    0x08000562   0x08000562   0x000000ba   Code   RO         7547    .text               mf_w.l(depilogue.o)
    0x0800061c   0x0800061c   0x00000024   Code   RO         7557    .text               mc_w.l(init.o)
    0x08000640   0x08000640   0x00000056   Code   RO         7569    .text               mc_w.l(__dczerorl2.o)
    0x08000696   0x08000696   0x00000004   Code   RO          384    i.BusFault_Handler  stm32f4xx_it.o
    0x0800069a   0x0800069a   0x00000002   PAD
    0x0800069c   0x0800069c   0x000000b8   Code   RO         4907    i.DMA1_Stream4_IRQHandler  i2s.o
    0x08000754   0x08000754   0x00000034   Code   RO         1211    i.DMA_CalcBaseAndBitshift  stm32f4xx_hal_dma.o
    0x08000788   0x08000788   0x000000aa   Code   RO         1212    i.DMA_CheckFifoParam  stm32f4xx_hal_dma.o
    0x08000832   0x08000832   0x00000020   Code   RO         2346    i.DMA_MultiBufferSetConfig  stm32f4xx_hal_dma_ex.o
    0x08000852   0x08000852   0x00000002   Code   RO          385    i.DebugMon_Handler  stm32f4xx_it.o
    0x08000854   0x08000854   0x00000048   Code   RO         2395    i.FSMC_NORSRAM_Extended_Timing_Init  stm32f4xx_ll_fsmc.o
    0x0800089c   0x0800089c   0x0000005c   Code   RO         2396    i.FSMC_NORSRAM_Init  stm32f4xx_ll_fsmc.o
    0x080008f8   0x080008f8   0x00000044   Code   RO         2397    i.FSMC_NORSRAM_Timing_Init  stm32f4xx_ll_fsmc.o
    0x0800093c   0x0800093c   0x0000007c   Code   RO         2348    i.HAL_DMAEx_MultiBufferStart  stm32f4xx_hal_dma_ex.o
    0x080009b8   0x080009b8   0x000000aa   Code   RO         1214    i.HAL_DMA_Abort     stm32f4xx_hal_dma.o
    0x08000a62   0x08000a62   0x00000028   Code   RO         1215    i.HAL_DMA_Abort_IT  stm32f4xx_hal_dma.o
    0x08000a8a   0x08000a8a   0x00000070   Code   RO         1216    i.HAL_DMA_DeInit    stm32f4xx_hal_dma.o
    0x08000afa   0x08000afa   0x00000002   PAD
    0x08000afc   0x08000afc   0x000000ec   Code   RO         1220    i.HAL_DMA_Init      stm32f4xx_hal_dma.o
    0x08000be8   0x08000be8   0x0000000c   Code   RO          678    i.HAL_Delay         delay.o
    0x08000bf4   0x08000bf4   0x00000204   Code   RO         1320    i.HAL_GPIO_Init     stm32f4xx_hal_gpio.o
    0x08000df8   0x08000df8   0x00000010   Code   RO         1322    i.HAL_GPIO_ReadPin  stm32f4xx_hal_gpio.o
    0x08000e08   0x08000e08   0x00000014   Code   RO         1323    i.HAL_GPIO_TogglePin  stm32f4xx_hal_gpio.o
    0x08000e1c   0x08000e1c   0x0000000c   Code   RO         1324    i.HAL_GPIO_WritePin  stm32f4xx_hal_gpio.o
    0x08000e28   0x08000e28   0x0000000c   Code   RO          897    i.HAL_GetREVID      stm32f4xx_hal.o
    0x08000e34   0x08000e34   0x0000000c   Code   RO          898    i.HAL_GetTick       stm32f4xx_hal.o
    0x08000e40   0x08000e40   0x00000244   Code   RO         4343    i.HAL_I2SEx_FullDuplex_IRQHandler  stm32f4xx_hal_i2s_ex.o
    0x08001084   0x08001084   0x00000002   Code   RO         4347    i.HAL_I2SEx_TxRxCpltCallback  stm32f4xx_hal_i2s_ex.o
    0x08001086   0x08001086   0x00000002   Code   RO         4158    i.HAL_I2S_ErrorCallback  stm32f4xx_hal_i2s.o
    0x08001088   0x08001088   0x000001c8   Code   RO         4162    i.HAL_I2S_Init      stm32f4xx_hal_i2s.o
    0x08001250   0x08001250   0x0000013c   Code   RO         4908    i.HAL_I2S_MspInit   i2s.o
    0x0800138c   0x0800138c   0x00000002   Code   RO         4168    i.HAL_I2S_RxCpltCallback  stm32f4xx_hal_i2s.o
    0x0800138e   0x0800138e   0x00000002   Code   RO         4173    i.HAL_I2S_TxCpltCallback  stm32f4xx_hal_i2s.o
    0x08001390   0x08001390   0x00000018   Code   RO          904    i.HAL_IncTick       stm32f4xx_hal.o
    0x080013a8   0x080013a8   0x00000030   Code   RO          905    i.HAL_Init          stm32f4xx_hal.o
    0x080013d8   0x080013d8   0x0000004c   Code   RO          906    i.HAL_InitTick      stm32f4xx_hal.o
    0x08001424   0x08001424   0x00000002   Code   RO          908    i.HAL_MspInit       stm32f4xx_hal.o
    0x08001426   0x08001426   0x00000020   Code   RO         1076    i.HAL_NVIC_EnableIRQ  stm32f4xx_hal_cortex.o
    0x08001446   0x08001446   0x0000007c   Code   RO         1082    i.HAL_NVIC_SetPriority  stm32f4xx_hal_cortex.o
    0x080014c2   0x080014c2   0x00000002   PAD
    0x080014c4   0x080014c4   0x00000028   Code   RO         1083    i.HAL_NVIC_SetPriorityGrouping  stm32f4xx_hal_cortex.o
    0x080014ec   0x080014ec   0x00000090   Code   RO         1488    i.HAL_RCCEx_GetPeriphCLKFreq  stm32f4xx_hal_rcc_ex.o
    0x0800157c   0x0800157c   0x000001a0   Code   RO         1489    i.HAL_RCCEx_PeriphCLKConfig  stm32f4xx_hal_rcc_ex.o
    0x0800171c   0x0800171c   0x00000184   Code   RO         1384    i.HAL_RCC_ClockConfig  stm32f4xx_hal_rcc.o
    0x080018a0   0x080018a0   0x0000000c   Code   RO         1389    i.HAL_RCC_GetHCLKFreq  stm32f4xx_hal_rcc.o
    0x080018ac   0x080018ac   0x00000020   Code   RO         1391    i.HAL_RCC_GetPCLK1Freq  stm32f4xx_hal_rcc.o
    0x080018cc   0x080018cc   0x00000020   Code   RO         1392    i.HAL_RCC_GetPCLK2Freq  stm32f4xx_hal_rcc.o
    0x080018ec   0x080018ec   0x000000b0   Code   RO         1393    i.HAL_RCC_GetSysClockFreq  stm32f4xx_hal_rcc.o
    0x0800199c   0x0800199c   0x0000049c   Code   RO         1396    i.HAL_RCC_OscConfig  stm32f4xx_hal_rcc.o
    0x08001e38   0x08001e38   0x000000c8   Code   RO         3500    i.HAL_SD_ConfigWideBusOperation  stm32f4xx_hal_sd.o
    0x08001f00   0x08001f00   0x000001c8   Code   RO         3505    i.HAL_SD_GetCardCSD  stm32f4xx_hal_sd.o
    0x080020c8   0x080020c8   0x00000026   Code   RO         3506    i.HAL_SD_GetCardInfo  stm32f4xx_hal_sd.o
    0x080020ee   0x080020ee   0x00000024   Code   RO         3507    i.HAL_SD_GetCardState  stm32f4xx_hal_sd.o
    0x08002112   0x08002112   0x0000003c   Code   RO         3512    i.HAL_SD_Init       stm32f4xx_hal_sd.o
    0x0800214e   0x0800214e   0x00000002   PAD
    0x08002150   0x08002150   0x000000ac   Code   RO         3513    i.HAL_SD_InitCard   stm32f4xx_hal_sd.o
    0x080021fc   0x080021fc   0x00000168   Code   RO         4837    i.HAL_SD_MspInit    sdio_sdcard.o
    0x08002364   0x08002364   0x00000298   Code   RO         3516    i.HAL_SD_ReadBlocks  stm32f4xx_hal_sd.o
    0x080025fc   0x080025fc   0x00000230   Code   RO         3521    i.HAL_SD_WriteBlocks  stm32f4xx_hal_sd.o
    0x0800282c   0x0800282c   0x00000058   Code   RO         4038    i.HAL_SRAM_Init     stm32f4xx_hal_sram.o
    0x08002884   0x08002884   0x000000a4   Code   RO         4576    i.HAL_SRAM_MspInit  lcd.o
    0x08002928   0x08002928   0x00000034   Code   RO         1087    i.HAL_SYSTICK_Config  stm32f4xx_hal_cortex.o
    0x0800295c   0x0800295c   0x00000066   Code   RO         2515    i.HAL_TIM_Base_Init  stm32f4xx_hal_tim.o
    0x080029c2   0x080029c2   0x00000002   Code   RO         2517    i.HAL_TIM_Base_MspInit  stm32f4xx_hal_tim.o
    0x080029c4   0x080029c4   0x000000a8   Code   RO         2520    i.HAL_TIM_Base_Start_IT  stm32f4xx_hal_tim.o
    0x08002a6c   0x08002a6c   0x00000002   Code   RO         1990    i.HAL_UARTEx_RxEventCallback  stm32f4xx_hal_uart.o
    0x08002a6e   0x08002a6e   0x00000002   Code   RO         2004    i.HAL_UART_ErrorCallback  stm32f4xx_hal_uart.o
    0x08002a70   0x08002a70   0x00000250   Code   RO         2007    i.HAL_UART_IRQHandler  stm32f4xx_hal_uart.o
    0x08002cc0   0x08002cc0   0x00000072   Code   RO         2008    i.HAL_UART_Init     stm32f4xx_hal_uart.o
    0x08002d32   0x08002d32   0x00000002   PAD
    0x08002d34   0x08002d34   0x000000cc   Code   RO          801    i.HAL_UART_MspInit  usart.o
    0x08002e00   0x08002e00   0x00000042   Code   RO         2013    i.HAL_UART_Receive_IT  stm32f4xx_hal_uart.o
    0x08002e42   0x08002e42   0x00000002   PAD
    0x08002e44   0x08002e44   0x0000009c   Code   RO          802    i.HAL_UART_RxCpltCallback  usart.o
    0x08002ee0   0x08002ee0   0x00000002   Code   RO         2019    i.HAL_UART_TxCpltCallback  stm32f4xx_hal_uart.o
    0x08002ee2   0x08002ee2   0x00000004   Code   RO          386    i.HardFault_Handler  stm32f4xx_it.o
    0x08002ee6   0x08002ee6   0x0000003a   Code   RO         4350    i.I2SEx_RxISR_I2S   stm32f4xx_hal_i2s_ex.o
    0x08002f20   0x08002f20   0x0000006c   Code   RO         4351    i.I2SEx_RxISR_I2SExt  stm32f4xx_hal_i2s_ex.o
    0x08002f8c   0x08002f8c   0x00000038   Code   RO         4352    i.I2SEx_TxISR_I2S   stm32f4xx_hal_i2s_ex.o
    0x08002fc4   0x08002fc4   0x0000006c   Code   RO         4353    i.I2SEx_TxISR_I2SExt  stm32f4xx_hal_i2s_ex.o
    0x08003030   0x08003030   0x000000dc   Code   RO         4180    i.I2S_IRQHandler    stm32f4xx_hal_i2s.o
    0x0800310c   0x0800310c   0x00000036   Code   RO         4181    i.I2S_Receive_IT    stm32f4xx_hal_i2s.o
    0x08003142   0x08003142   0x00000036   Code   RO         4182    i.I2S_Transmit_IT   stm32f4xx_hal_i2s.o
    0x08003178   0x08003178   0x00000010   Code   RO         4461    i.KEY_GetKeyDown    key.o
    0x08003188   0x08003188   0x000000b4   Code   RO         4464    i.KEY_Tick          key.o
    0x0800323c   0x0800323c   0x00000004   Code   RO          387    i.MemManage_Handler  stm32f4xx_it.o
    0x08003240   0x08003240   0x00000002   Code   RO          388    i.NMI_Handler       stm32f4xx_it.o
    0x08003242   0x08003242   0x0000002c   Code   RO         3752    i.SDIO_ConfigData   stm32f4xx_ll_sdmmc.o
    0x0800326e   0x0800326e   0x00000008   Code   RO         3753    i.SDIO_GetCommandResponse  stm32f4xx_ll_sdmmc.o
    0x08003276   0x08003276   0x0000000a   Code   RO         3756    i.SDIO_GetPowerState  stm32f4xx_ll_sdmmc.o
    0x08003280   0x08003280   0x0000000c   Code   RO         3757    i.SDIO_GetResponse  stm32f4xx_ll_sdmmc.o
    0x0800328c   0x0800328c   0x00000034   Code   RO         3758    i.SDIO_Init         stm32f4xx_ll_sdmmc.o
    0x080032c0   0x080032c0   0x00000012   Code   RO         3760    i.SDIO_PowerState_ON  stm32f4xx_ll_sdmmc.o
    0x080032d2   0x080032d2   0x00000008   Code   RO         3761    i.SDIO_ReadFIFO     stm32f4xx_ll_sdmmc.o
    0x080032da   0x080032da   0x00000028   Code   RO         3762    i.SDIO_SendCommand  stm32f4xx_ll_sdmmc.o
    0x08003302   0x08003302   0x0000000c   Code   RO         3764    i.SDIO_WriteFIFO    stm32f4xx_ll_sdmmc.o
    0x0800330e   0x0800330e   0x00000038   Code   RO         3765    i.SDMMC_CmdAppCommand  stm32f4xx_ll_sdmmc.o
    0x08003346   0x08003346   0x00000002   PAD
    0x08003348   0x08003348   0x0000003c   Code   RO         3766    i.SDMMC_CmdAppOperCommand  stm32f4xx_ll_sdmmc.o
    0x08003384   0x08003384   0x00000038   Code   RO         3767    i.SDMMC_CmdBlockLength  stm32f4xx_ll_sdmmc.o
    0x080033bc   0x080033bc   0x00000038   Code   RO         3768    i.SDMMC_CmdBusWidth  stm32f4xx_ll_sdmmc.o
    0x080033f4   0x080033f4   0x0000002c   Code   RO         3772    i.SDMMC_CmdGoIdleState  stm32f4xx_ll_sdmmc.o
    0x08003420   0x08003420   0x00000034   Code   RO         3774    i.SDMMC_CmdOperCond  stm32f4xx_ll_sdmmc.o
    0x08003454   0x08003454   0x00000038   Code   RO         3775    i.SDMMC_CmdReadMultiBlock  stm32f4xx_ll_sdmmc.o
    0x0800348c   0x0800348c   0x00000038   Code   RO         3776    i.SDMMC_CmdReadSingleBlock  stm32f4xx_ll_sdmmc.o
    0x080034c4   0x080034c4   0x0000003a   Code   RO         3779    i.SDMMC_CmdSelDesel  stm32f4xx_ll_sdmmc.o
    0x080034fe   0x080034fe   0x00000032   Code   RO         3780    i.SDMMC_CmdSendCID  stm32f4xx_ll_sdmmc.o
    0x08003530   0x08003530   0x00000032   Code   RO         3781    i.SDMMC_CmdSendCSD  stm32f4xx_ll_sdmmc.o
    0x08003562   0x08003562   0x00000038   Code   RO         3783    i.SDMMC_CmdSendSCR  stm32f4xx_ll_sdmmc.o
    0x0800359a   0x0800359a   0x00000038   Code   RO         3784    i.SDMMC_CmdSendStatus  stm32f4xx_ll_sdmmc.o
    0x080035d2   0x080035d2   0x00000038   Code   RO         3785    i.SDMMC_CmdSetRelAdd  stm32f4xx_ll_sdmmc.o
    0x0800360a   0x0800360a   0x00000002   PAD
    0x0800360c   0x0800360c   0x0000003c   Code   RO         3787    i.SDMMC_CmdStopTransfer  stm32f4xx_ll_sdmmc.o
    0x08003648   0x08003648   0x00000038   Code   RO         3789    i.SDMMC_CmdWriteMultiBlock  stm32f4xx_ll_sdmmc.o
    0x08003680   0x08003680   0x00000038   Code   RO         3790    i.SDMMC_CmdWriteSingleBlock  stm32f4xx_ll_sdmmc.o
    0x080036b8   0x080036b8   0x00000040   Code   RO         3791    i.SDMMC_GetCmdError  stm32f4xx_ll_sdmmc.o
    0x080036f8   0x080036f8   0x000001ac   Code   RO         3792    i.SDMMC_GetCmdResp1  stm32f4xx_ll_sdmmc.o
    0x080038a4   0x080038a4   0x00000064   Code   RO         3793    i.SDMMC_GetCmdResp2  stm32f4xx_ll_sdmmc.o
    0x08003908   0x08003908   0x00000058   Code   RO         3794    i.SDMMC_GetCmdResp3  stm32f4xx_ll_sdmmc.o
    0x08003960   0x08003960   0x000000b8   Code   RO         3795    i.SDMMC_GetCmdResp6  stm32f4xx_ll_sdmmc.o
    0x08003a18   0x08003a18   0x0000006c   Code   RO         3796    i.SDMMC_GetCmdResp7  stm32f4xx_ll_sdmmc.o
    0x08003a84   0x08003a84   0x00000142   Code   RO         3529    i.SD_FindSCR        stm32f4xx_hal_sd.o
    0x08003bc6   0x08003bc6   0x00000102   Code   RO         3530    i.SD_InitCard       stm32f4xx_hal_sd.o
    0x08003cc8   0x08003cc8   0x000000cc   Code   RO         3532    i.SD_PowerON        stm32f4xx_hal_sd.o
    0x08003d94   0x08003d94   0x00000030   Code   RO         3535    i.SD_SendStatus     stm32f4xx_hal_sd.o
    0x08003dc4   0x08003dc4   0x00000068   Code   RO         3536    i.SD_WideBus_Disable  stm32f4xx_hal_sd.o
    0x08003e2c   0x08003e2c   0x00000068   Code   RO         3537    i.SD_WideBus_Enable  stm32f4xx_hal_sd.o
    0x08003e94   0x08003e94   0x00000014   Code   RO          679    i.SysTick_Handler   delay.o
    0x08003ea8   0x08003ea8   0x00000014   Code   RO          599    i.SystemInit        system_stm32f4xx.o
    0x08003ebc   0x08003ebc   0x00000044   Code   RO         5180    i.TIM4_IRQHandler   usmart_port.o
    0x08003f00   0x08003f00   0x000000d8   Code   RO         2608    i.TIM_Base_SetConfig  stm32f4xx_hal_tim.o
    0x08003fd8   0x08003fd8   0x00000014   Code   RO         2021    i.UART_DMAAbortOnError  stm32f4xx_hal_uart.o
    0x08003fec   0x08003fec   0x00000036   Code   RO         2031    i.UART_EndRxTransfer  stm32f4xx_hal_uart.o
    0x08004022   0x08004022   0x00000020   Code   RO         2032    i.UART_EndTransmit_IT  stm32f4xx_hal_uart.o
    0x08004042   0x08004042   0x000000be   Code   RO         2034    i.UART_Receive_IT   stm32f4xx_hal_uart.o
    0x08004100   0x08004100   0x0000022c   Code   RO         2035    i.UART_SetConfig    stm32f4xx_hal_uart.o
    0x0800432c   0x0800432c   0x00000046   Code   RO         2037    i.UART_Start_Receive_IT  stm32f4xx_hal_uart.o
    0x08004372   0x08004372   0x00000060   Code   RO         2038    i.UART_Transmit_IT  stm32f4xx_hal_uart.o
    0x080043d2   0x080043d2   0x00000002   PAD
    0x080043d4   0x080043d4   0x00000010   Code   RO          803    i.USART1_IRQHandler  usart.o
    0x080043e4   0x080043e4   0x00000004   Code   RO          389    i.UsageFault_Handler  stm32f4xx_it.o
    0x080043e8   0x080043e8   0x00000020   Code   RO         7466    i.__0printf$8       mc_w.l(printf8.o)
    0x08004408   0x08004408   0x00000010   Code   RO         1089    i.__NVIC_GetPriorityGrouping  stm32f4xx_hal_cortex.o
    0x08004418   0x08004418   0x00000028   Code   RO         1090    i.__NVIC_SetPriority  stm32f4xx_hal_cortex.o
    0x08004440   0x08004440   0x0000000e   Code   RO         7563    i.__scatterload_copy  mc_w.l(handlers.o)
    0x0800444e   0x0800444e   0x00000002   Code   RO         7564    i.__scatterload_null  mc_w.l(handlers.o)
    0x08004450   0x08004450   0x0000000e   Code   RO         7565    i.__scatterload_zeroinit  mc_w.l(handlers.o)
    0x0800445e   0x0800445e   0x00000002   PAD
    0x08004460   0x08004460   0x00000410   Code   RO         7473    i._printf_core      mc_w.l(printf8.o)
    0x08004870   0x08004870   0x00000024   Code   RO         7474    i._printf_post_padding  mc_w.l(printf8.o)
    0x08004894   0x08004894   0x0000002e   Code   RO         7475    i._printf_pre_padding  mc_w.l(printf8.o)
    0x080048c2   0x080048c2   0x00000042   Code   RO         6041    i.audio_get_tnum    audioplay.o
    0x08004904   0x08004904   0x0000004a   Code   RO         6042    i.audio_index_show  audioplay.o
    0x0800494e   0x0800494e   0x00000002   PAD
    0x08004950   0x08004950   0x00000120   Code   RO         6043    i.audio_msg_show    audioplay.o
    0x08004a70   0x08004a70   0x0000023c   Code   RO         6044    i.audio_play        audioplay.o
    0x08004cac   0x08004cac   0x00000038   Code   RO         6045    i.audio_play_song   audioplay.o
    0x08004ce4   0x08004ce4   0x00000014   Code   RO         6046    i.audio_start       audioplay.o
    0x08004cf8   0x08004cf8   0x00000014   Code   RO         6047    i.audio_stop        audioplay.o
    0x08004d0c   0x08004d0c   0x0000008a   Code   RO         5431    i.change_bitmap     ff.o
    0x08004d96   0x08004d96   0x00000002   PAD
    0x08004d98   0x08004d98   0x00000104   Code   RO         5432    i.check_fs          ff.o
    0x08004e9c   0x08004e9c   0x00000062   Code   RO         5433    i.clmt_clust        ff.o
    0x08004efe   0x08004efe   0x0000001a   Code   RO         5434    i.clst2sect         ff.o
    0x08004f18   0x08004f18   0x00000098   Code   RO         5435    i.cmp_lfn           ff.o
    0x08004fb0   0x08004fb0   0x000001cc   Code   RO         5436    i.create_chain      ff.o
    0x0800517c   0x0800517c   0x0000025c   Code   RO         5437    i.create_name       ff.o
    0x080053d8   0x080053d8   0x00000090   Code   RO         5439    i.create_xdir       ff.o
    0x08005468   0x08005468   0x00000034   Code   RO         5440    i.dbc_1st           ff.o
    0x0800549c   0x0800549c   0x00000048   Code   RO         5441    i.dbc_2nd           ff.o
    0x080054e4   0x080054e4   0x00000018   Code   RO          680    i.delay_init        delay.o
    0x080054fc   0x080054fc   0x00000054   Code   RO          681    i.delay_ms          delay.o
    0x08005550   0x08005550   0x00000048   Code   RO          682    i.delay_us          delay.o
    0x08005598   0x08005598   0x0000007c   Code   RO         5442    i.dir_alloc         ff.o
    0x08005614   0x08005614   0x0000005e   Code   RO         5443    i.dir_clear         ff.o
    0x08005672   0x08005672   0x000001a8   Code   RO         5444    i.dir_find          ff.o
    0x0800581a   0x0800581a   0x000000e0   Code   RO         5445    i.dir_next          ff.o
    0x080058fa   0x080058fa   0x00000102   Code   RO         5446    i.dir_read          ff.o
    0x080059fc   0x080059fc   0x0000022a   Code   RO         5447    i.dir_register      ff.o
    0x08005c26   0x08005c26   0x000000aa   Code   RO         5449    i.dir_sdi           ff.o
    0x08005cd0   0x08005cd0   0x00000020   Code   RO         5379    i.disk_initialize   diskio.o
    0x08005cf0   0x08005cf0   0x00000048   Code   RO         5380    i.disk_ioctl        diskio.o
    0x08005d38   0x08005d38   0x00000056   Code   RO         5381    i.disk_read         diskio.o
    0x08005d8e   0x08005d8e   0x0000000c   Code   RO         5382    i.disk_status       diskio.o
    0x08005d9a   0x08005d9a   0x00000056   Code   RO         5383    i.disk_write        diskio.o
    0x08005df0   0x08005df0   0x00000040   Code   RO         4985    i.es8388_adda_cfg   es8388.o
    0x08005e30   0x08005e30   0x0000001c   Code   RO         4987    i.es8388_hpvol_set  es8388.o
    0x08005e4c   0x08005e4c   0x0000001c   Code   RO         4988    i.es8388_i2s_cfg    es8388.o
    0x08005e68   0x08005e68   0x000000c6   Code   RO         4989    i.es8388_init       es8388.o
    0x08005f2e   0x08005f2e   0x00000026   Code   RO         4992    i.es8388_output_cfg  es8388.o
    0x08005f54   0x08005f54   0x0000001c   Code   RO         4994    i.es8388_spkvol_set  es8388.o
    0x08005f70   0x08005f70   0x00000042   Code   RO         4995    i.es8388_write_reg  es8388.o
    0x08005fb2   0x08005fb2   0x00000026   Code   RO         5450    i.f_close           ff.o
    0x08005fd8   0x08005fd8   0x0000046e   Code   RO         5455    i.f_lseek           ff.o
    0x08006446   0x08006446   0x00000002   PAD
    0x08006448   0x08006448   0x00000054   Code   RO         5458    i.f_mount           ff.o
    0x0800649c   0x0800649c   0x0000036a   Code   RO         5459    i.f_open            ff.o
    0x08006806   0x08006806   0x000000ba   Code   RO         5460    i.f_opendir         ff.o
    0x080068c0   0x080068c0   0x00000228   Code   RO         5464    i.f_read            ff.o
    0x08006ae8   0x08006ae8   0x00000068   Code   RO         5465    i.f_readdir         ff.o
    0x08006b50   0x08006b50   0x000001b8   Code   RO         5469    i.f_sync            ff.o
    0x08006d08   0x08006d08   0x00000068   Code   RO         5881    i.ff_oem2uni        ffunicode.o
    0x08006d70   0x08006d70   0x00000074   Code   RO         5882    i.ff_uni2oem        ffunicode.o
    0x08006de4   0x08006de4   0x000000b0   Code   RO         5883    i.ff_wtoupper       ffunicode.o
    0x08006e94   0x08006e94   0x00000036   Code   RO         5473    i.fill_first_frag   ff.o
    0x08006eca   0x08006eca   0x00000044   Code   RO         5474    i.fill_last_frag    ff.o
    0x08006f0e   0x08006f0e   0x000000a4   Code   RO         5475    i.find_bitmap       ff.o
    0x08006fb2   0x08006fb2   0x00000078   Code   RO         5476    i.find_volume       ff.o
    0x0800702a   0x0800702a   0x000000c4   Code   RO         5477    i.follow_path       ff.o
    0x080070ee   0x080070ee   0x00000002   PAD
    0x080070f0   0x080070f0   0x0000001c   Code   RO          807    i.fputc             usart.o
    0x0800710c   0x0800710c   0x000000d4   Code   RO         5478    i.gen_numname       ff.o
    0x080071e0   0x080071e0   0x00000194   Code   RO         5479    i.get_fat           ff.o
    0x08007374   0x08007374   0x00000004   Code   RO           13    i.get_fattime       main.o
    0x08007378   0x08007378   0x0000027a   Code   RO         5480    i.get_fileinfo      ff.o
    0x080075f2   0x080075f2   0x0000004e   Code   RO         5481    i.get_ldnumber      ff.o
    0x08007640   0x08007640   0x00000018   Code   RO         4839    i.get_sd_card_state  sdio_sdcard.o
    0x08007658   0x08007658   0x0000005c   Code   RO         4910    i.i2s_init          i2s.o
    0x080076b4   0x080076b4   0x00000018   Code   RO         4911    i.i2s_play_start    i2s.o
    0x080076cc   0x080076cc   0x00000018   Code   RO         4912    i.i2s_play_stop     i2s.o
    0x080076e4   0x080076e4   0x000000a8   Code   RO         4913    i.i2s_samplerate_set  i2s.o
    0x0800778c   0x0800778c   0x0000011c   Code   RO         4914    i.i2s_tx_dma_init   i2s.o
    0x080078a8   0x080078a8   0x0000000a   Code   RO         5075    i.iic_delay         myiic.o
    0x080078b2   0x080078b2   0x00000002   PAD
    0x080078b4   0x080078b4   0x00000084   Code   RO         5076    i.iic_init          myiic.o
    0x08007938   0x08007938   0x00000070   Code   RO         5079    i.iic_send_byte     myiic.o
    0x080079a8   0x080079a8   0x00000050   Code   RO         5080    i.iic_start         myiic.o
    0x080079f8   0x080079f8   0x00000040   Code   RO         5081    i.iic_stop          myiic.o
    0x08007a38   0x08007a38   0x00000068   Code   RO         5082    i.iic_wait_ack      myiic.o
    0x08007aa0   0x08007aa0   0x00000032   Code   RO         5482    i.init_alloc_info   ff.o
    0x08007ad2   0x08007ad2   0x00000002   PAD
    0x08007ad4   0x08007ad4   0x00000104   Code   RO         4465    i.key_init          key.o
    0x08007bd8   0x08007bd8   0x00000034   Code   RO         4577    i.lcd_clear         lcd.o
    0x08007c0c   0x08007c0c   0x0000016c   Code   RO         4579    i.lcd_display_dir   lcd.o
    0x08007d78   0x08007d78   0x000000aa   Code   RO         4582    i.lcd_draw_circle   lcd.o
    0x08007e22   0x08007e22   0x000000ac   Code   RO         4584    i.lcd_draw_line     lcd.o
    0x08007ece   0x08007ece   0x00000002   PAD
    0x08007ed0   0x08007ed0   0x00000020   Code   RO         4585    i.lcd_draw_point    lcd.o
    0x08007ef0   0x08007ef0   0x0000004a   Code   RO         4586    i.lcd_draw_rectangle  lcd.o
    0x08007f3a   0x08007f3a   0x0000022c   Code   RO         4587    i.lcd_ex_ili9341_reginit  lcd.o
    0x08008166   0x08008166   0x00000340   Code   RO         4588    i.lcd_ex_ili9806_reginit  lcd.o
    0x080084a6   0x080084a6   0x00000ef2   Code   RO         4589    i.lcd_ex_nt35310_reginit  lcd.o
    0x08009398   0x08009398   0x00000efc   Code   RO         4590    i.lcd_ex_nt35510_reginit  lcd.o
    0x0800a294   0x0800a294   0x0000016e   Code   RO         4591    i.lcd_ex_ssd1963_reginit  lcd.o
    0x0800a402   0x0800a402   0x000001a8   Code   RO         4592    i.lcd_ex_st7789_reginit  lcd.o
    0x0800a5aa   0x0800a5aa   0x000001c6   Code   RO         4593    i.lcd_ex_st7796_reginit  lcd.o
    0x0800a770   0x0800a770   0x00000054   Code   RO         4594    i.lcd_fill          lcd.o
    0x0800a7c4   0x0800a7c4   0x00000528   Code   RO         4596    i.lcd_init          lcd.o
    0x0800acec   0x0800acec   0x0000000c   Code   RO         4597    i.lcd_opt_delay     lcd.o
    0x0800acf8   0x0800acf8   0x00000016   Code   RO         4598    i.lcd_pow           lcd.o
    0x0800ad0e   0x0800ad0e   0x00000002   PAD
    0x0800ad10   0x0800ad10   0x00000018   Code   RO         4599    i.lcd_rd_data       lcd.o
    0x0800ad28   0x0800ad28   0x00000098   Code   RO         4600    i.lcd_read_point    lcd.o
    0x0800adc0   0x0800adc0   0x0000023c   Code   RO         4601    i.lcd_scan_dir      lcd.o
    0x0800affc   0x0800affc   0x00000120   Code   RO         4602    i.lcd_set_cursor    lcd.o
    0x0800b11c   0x0800b11c   0x00000140   Code   RO         4604    i.lcd_show_char     lcd.o
    0x0800b25c   0x0800b25c   0x00000098   Code   RO         4605    i.lcd_show_num      lcd.o
    0x0800b2f4   0x0800b2f4   0x0000006a   Code   RO         4606    i.lcd_show_string   lcd.o
    0x0800b35e   0x0800b35e   0x000000c6   Code   RO         4607    i.lcd_show_xnum     lcd.o
    0x0800b424   0x0800b424   0x00000060   Code   RO         4608    i.lcd_ssd_backlight_set  lcd.o
    0x0800b484   0x0800b484   0x00000018   Code   RO         4609    i.lcd_wr_data       lcd.o
    0x0800b49c   0x0800b49c   0x00000018   Code   RO         4610    i.lcd_wr_regno      lcd.o
    0x0800b4b4   0x0800b4b4   0x00000014   Code   RO         4611    i.lcd_write_ram_prepare  lcd.o
    0x0800b4c8   0x0800b4c8   0x00000014   Code   RO         4612    i.lcd_write_reg     lcd.o
    0x0800b4dc   0x0800b4dc   0x00000026   Code   RO         5483    i.ld_clust          ff.o
    0x0800b502   0x0800b502   0x00000018   Code   RO         5484    i.ld_dword          ff.o
    0x0800b51a   0x0800b51a   0x00000062   Code   RO         5485    i.ld_qword          ff.o
    0x0800b57c   0x0800b57c   0x0000000c   Code   RO         5486    i.ld_word           ff.o
    0x0800b588   0x0800b588   0x00000098   Code   RO         4437    i.led_init          led.o
    0x0800b620   0x0800b620   0x00000028   Code   RO           14    i.led_set           main.o
    0x0800b648   0x0800b648   0x00000040   Code   RO         5487    i.load_obj_xdir     ff.o
    0x0800b688   0x0800b688   0x0000010e   Code   RO         5488    i.load_xdir         ff.o
    0x0800b796   0x0800b796   0x00000002   PAD
    0x0800b798   0x0800b798   0x00000250   Code   RO           15    i.main              main.o
    0x0800b9e8   0x0800b9e8   0x00000474   Code   RO         5489    i.mount_volume      ff.o
    0x0800be5c   0x0800be5c   0x00000034   Code   RO         5490    i.move_window       ff.o
    0x0800be90   0x0800be90   0x0000008c   Code   RO         5491    i.pick_lfn          ff.o
    0x0800bf1c   0x0800bf1c   0x00000098   Code   RO         6694    i.prvAddCurrentTaskToDelayedList  tasks.o
    0x0800bfb4   0x0800bfb4   0x000000b8   Code   RO         6695    i.prvAddNewTaskToReadyList  tasks.o
    0x0800c06c   0x0800c06c   0x00000064   Code   RO         7043    i.prvCheckForValidListAndQueue  timers.o
    0x0800c0d0   0x0800c0d0   0x00000048   Code   RO         6696    i.prvCheckTasksWaitingTermination  tasks.o
    0x0800c118   0x0800c118   0x0000002a   Code   RO         6332    i.prvCopyDataFromQueue  queue.o
    0x0800c142   0x0800c142   0x0000007c   Code   RO         6333    i.prvCopyDataToQueue  queue.o
    0x0800c1be   0x0800c1be   0x00000012   Code   RO         6697    i.prvDeleteTCB      tasks.o
    0x0800c1d0   0x0800c1d0   0x00000028   Code   RO         7044    i.prvGetNextExpireTime  timers.o
    0x0800c1f8   0x0800c1f8   0x0000007c   Code   RO         7185    i.prvHeapInit       heap_4.o
    0x0800c274   0x0800c274   0x00000028   Code   RO         6698    i.prvIdleTask       tasks.o
    0x0800c29c   0x0800c29c   0x0000002a   Code   RO         6336    i.prvInitialiseNewQueue  queue.o
    0x0800c2c6   0x0800c2c6   0x000000b4   Code   RO         6699    i.prvInitialiseNewTask  tasks.o
    0x0800c37a   0x0800c37a   0x00000002   PAD
    0x0800c37c   0x0800c37c   0x00000068   Code   RO         6700    i.prvInitialiseTaskLists  tasks.o
    0x0800c3e4   0x0800c3e4   0x00000068   Code   RO         7186    i.prvInsertBlockIntoFreeList  heap_4.o
    0x0800c44c   0x0800c44c   0x00000058   Code   RO         7046    i.prvInsertTimerInActiveList  timers.o
    0x0800c4a4   0x0800c4a4   0x0000001a   Code   RO         6337    i.prvIsQueueEmpty   queue.o
    0x0800c4be   0x0800c4be   0x0000001e   Code   RO         6338    i.prvIsQueueFull    queue.o
    0x0800c4dc   0x0800c4dc   0x00000064   Code   RO         7047    i.prvProcessExpiredTimer  timers.o
    0x0800c540   0x0800c540   0x000000f4   Code   RO         7048    i.prvProcessReceivedCommands  timers.o
    0x0800c634   0x0800c634   0x00000074   Code   RO         7049    i.prvProcessTimerOrBlockTask  timers.o
    0x0800c6a8   0x0800c6a8   0x00000034   Code   RO         6702    i.prvResetNextTaskUnblockTime  tasks.o
    0x0800c6dc   0x0800c6dc   0x0000002c   Code   RO         7050    i.prvSampleTimeNow  timers.o
    0x0800c708   0x0800c708   0x000000a0   Code   RO         7051    i.prvSwitchTimerLists  timers.o
    0x0800c7a8   0x0800c7a8   0x00000040   Code   RO         6255    i.prvTaskExitError  port.o
    0x0800c7e8   0x0800c7e8   0x0000001a   Code   RO         7052    i.prvTimerTask      timers.o
    0x0800c802   0x0800c802   0x0000007e   Code   RO         6339    i.prvUnlockQueue    queue.o
    0x0800c880   0x0800c880   0x00000144   Code   RO         5492    i.put_fat           ff.o
    0x0800c9c4   0x0800c9c4   0x00000080   Code   RO         5493    i.put_lfn           ff.o
    0x0800ca44   0x0800ca44   0x00000042   Code   RO         5494    i.put_utf           ff.o
    0x0800ca86   0x0800ca86   0x00000002   PAD
    0x0800ca88   0x0800ca88   0x00000148   Code   RO         7187    i.pvPortMalloc      heap_4.o
    0x0800cbd0   0x0800cbd0   0x0000002c   Code   RO         6256    i.pxPortInitialiseStack  port.o
    0x0800cbfc   0x0800cbfc   0x00000006   Code   RO         5231    i.read_addr         usmart.o
    0x0800cc02   0x0800cc02   0x0000014a   Code   RO         5498    i.remove_chain      ff.o
    0x0800cd4c   0x0800cd4c   0x00000054   Code   RO         4840    i.sd_init           sdio_sdcard.o
    0x0800cda0   0x0800cda0   0x00000050   Code   RO         4841    i.sd_read_disk      sdio_sdcard.o
    0x0800cdf0   0x0800cdf0   0x00000050   Code   RO         4842    i.sd_write_disk     sdio_sdcard.o
    0x0800ce40   0x0800ce40   0x00000024   Code   RO         5499    i.st_clust          ff.o
    0x0800ce64   0x0800ce64   0x00000018   Code   RO         5500    i.st_dword          ff.o
    0x0800ce7c   0x0800ce7c   0x0000005c   Code   RO         5501    i.st_qword          ff.o
    0x0800ced8   0x0800ced8   0x0000000c   Code   RO         5502    i.st_word           ff.o
    0x0800cee4   0x0800cee4   0x00000072   Code   RO         5503    i.store_xdir        ff.o
    0x0800cf56   0x0800cf56   0x00000020   Code   RO         5504    i.sum_sfn           ff.o
    0x0800cf76   0x0800cf76   0x00000002   PAD
    0x0800cf78   0x0800cf78   0x0000008c   Code   RO         5505    i.sync_fs           ff.o
    0x0800d004   0x0800d004   0x0000004a   Code   RO         5506    i.sync_window       ff.o
    0x0800d04e   0x0800d04e   0x00000002   PAD
    0x0800d050   0x0800d050   0x000000dc   Code   RO          734    i.sys_stm32_clock_init  sys.o
    0x0800d12c   0x0800d12c   0x0000004c   Code   RO         5507    i.tchar2uni         ff.o
    0x0800d178   0x0800d178   0x0000000c   Code   RO           17    i.test_fun          main.o
    0x0800d184   0x0800d184   0x00000174   Code   RO         5918    i.text_get_hz_mat   text.o
    0x0800d2f8   0x0800d2f8   0x000000c4   Code   RO         5919    i.text_show_font    text.o
    0x0800d3bc   0x0800d3bc   0x000000c6   Code   RO         5920    i.text_show_string  text.o
    0x0800d482   0x0800d482   0x00000002   PAD
    0x0800d484   0x0800d484   0x00000038   Code   RO          808    i.usart_init        usart.o
    0x0800d4bc   0x0800d4bc   0x000000b0   Code   RO         5232    i.usmart_cmd_rec    usmart.o
    0x0800d56c   0x0800d56c   0x000002d4   Code   RO         5233    i.usmart_exe        usmart.o
    0x0800d840   0x0800d840   0x000000d4   Code   RO         5295    i.usmart_get_aparm  usmart_str.o
    0x0800d914   0x0800d914   0x00000036   Code   RO         5296    i.usmart_get_cmdname  usmart_str.o
    0x0800d94a   0x0800d94a   0x00000002   PAD
    0x0800d94c   0x0800d94c   0x000001c0   Code   RO         5297    i.usmart_get_fname  usmart_str.o
    0x0800db0c   0x0800db0c   0x0000010c   Code   RO         5298    i.usmart_get_fparam  usmart_str.o
    0x0800dc18   0x0800dc18   0x00000028   Code   RO         5181    i.usmart_get_input_string  usmart_port.o
    0x0800dc40   0x0800dc40   0x00000020   Code   RO         5299    i.usmart_get_parmpos  usmart_str.o
    0x0800dc60   0x0800dc60   0x00000028   Code   RO         5234    i.usmart_init       usmart.o
    0x0800dc88   0x0800dc88   0x00000016   Code   RO         5300    i.usmart_pow        usmart_str.o
    0x0800dc9e   0x0800dc9e   0x00000002   PAD
    0x0800dca0   0x0800dca0   0x000000a8   Code   RO         5235    i.usmart_scan       usmart.o
    0x0800dd48   0x0800dd48   0x00000016   Code   RO         5301    i.usmart_search_nextc  usmart_str.o
    0x0800dd5e   0x0800dd5e   0x00000106   Code   RO         5302    i.usmart_str2num    usmart_str.o
    0x0800de64   0x0800de64   0x00000022   Code   RO         5303    i.usmart_strcmp     usmart_str.o
    0x0800de86   0x0800de86   0x00000016   Code   RO         5304    i.usmart_strcopy    usmart_str.o
    0x0800de9c   0x0800de9c   0x00000018   Code   RO         5305    i.usmart_strlen     usmart_str.o
    0x0800deb4   0x0800deb4   0x000006f4   Code   RO         5236    i.usmart_sys_cmd_exe  usmart.o
    0x0800e5a8   0x0800e5a8   0x00000044   Code   RO         5182    i.usmart_timx_get_time  usmart_port.o
    0x0800e5ec   0x0800e5ec   0x00000064   Code   RO         5183    i.usmart_timx_init  usmart_port.o
    0x0800e650   0x0800e650   0x00000034   Code   RO         5184    i.usmart_timx_reset_time  usmart_port.o
    0x0800e684   0x0800e684   0x00000028   Code   RO         6215    i.uxListRemove      list.o
    0x0800e6ac   0x0800e6ac   0x00000004   Code   RO           18    i.vApplicationMallocFailedHook  main.o
    0x0800e6b0   0x0800e6b0   0x00000004   Code   RO           19    i.vApplicationStackOverflowHook  main.o
    0x0800e6b4   0x0800e6b4   0x0000000e   Code   RO           20    i.vAudio_Task       main.o
    0x0800e6c2   0x0800e6c2   0x00000002   PAD
    0x0800e6c4   0x0800e6c4   0x0000002c   Code   RO           21    i.vLed_Task         main.o
    0x0800e6f0   0x0800e6f0   0x0000001a   Code   RO         6216    i.vListInitialise   list.o
    0x0800e70a   0x0800e70a   0x00000006   Code   RO         6217    i.vListInitialiseItem  list.o
    0x0800e710   0x0800e710   0x00000034   Code   RO         6218    i.vListInsert       list.o
    0x0800e744   0x0800e744   0x00000018   Code   RO         6219    i.vListInsertEnd    list.o
    0x0800e75c   0x0800e75c   0x00000054   Code   RO         6258    i.vPortEnterCritical  port.o
    0x0800e7b0   0x0800e7b0   0x0000003c   Code   RO         6259    i.vPortExitCritical  port.o
    0x0800e7ec   0x0800e7ec   0x00000094   Code   RO         7188    i.vPortFree         heap_4.o
    0x0800e880   0x0800e880   0x00000018   Code   RO         6260    i.vPortSetupTimerInterrupt  port.o
    0x0800e898   0x0800e898   0x00000078   Code   RO         6261    i.vPortValidateInterruptPriority  port.o
    0x0800e910   0x0800e910   0x0000002c   Code   RO         6345    i.vQueueAddToRegistry  queue.o
    0x0800e93c   0x0800e93c   0x0000004a   Code   RO         6349    i.vQueueWaitForMessageRestricted  queue.o
    0x0800e986   0x0800e986   0x00000002   PAD
    0x0800e988   0x0800e988   0x0000005c   Code   RO         6713    i.vTaskDelay        tasks.o
    0x0800e9e4   0x0800e9e4   0x000000d4   Code   RO         6714    i.vTaskDelayUntil   tasks.o
    0x0800eab8   0x0800eab8   0x00000018   Code   RO         6718    i.vTaskInternalSetTimeOutState  tasks.o
    0x0800ead0   0x0800ead0   0x0000000c   Code   RO         6719    i.vTaskMissedYield  tasks.o
    0x0800eadc   0x0800eadc   0x00000038   Code   RO         6721    i.vTaskPlaceOnEventList  tasks.o
    0x0800eb14   0x0800eb14   0x00000040   Code   RO         6722    i.vTaskPlaceOnEventListRestricted  tasks.o
    0x0800eb54   0x0800eb54   0x00000094   Code   RO         6730    i.vTaskStartScheduler  tasks.o
    0x0800ebe8   0x0800ebe8   0x00000010   Code   RO         6732    i.vTaskSuspendAll   tasks.o
    0x0800ebf8   0x0800ebf8   0x000000c4   Code   RO         6733    i.vTaskSwitchContext  tasks.o
    0x0800ecbc   0x0800ecbc   0x0000003c   Code   RO         5508    i.validate          ff.o
    0x0800ecf8   0x0800ecf8   0x000000a0   Code   RO         5975    i.wav_buffill       wavplay.o
    0x0800ed98   0x0800ed98   0x000001e4   Code   RO         5976    i.wav_decode_init   wavplay.o
    0x0800ef7c   0x0800ef7c   0x0000004c   Code   RO         5977    i.wav_get_curtime   wavplay.o
    0x0800efc8   0x0800efc8   0x00000070   Code   RO         5978    i.wav_i2s_dma_tx_callback  wavplay.o
    0x0800f038   0x0800f038   0x00000204   Code   RO         5979    i.wav_play_song     wavplay.o
    0x0800f23c   0x0800f23c   0x00000004   Code   RO         5237    i.write_addr        usmart.o
    0x0800f240   0x0800f240   0x00000168   Code   RO         6262    i.xPortStartScheduler  port.o
    0x0800f3a8   0x0800f3a8   0x00000034   Code   RO         6263    i.xPortSysTickHandler  port.o
    0x0800f3dc   0x0800f3dc   0x00000058   Code   RO         6352    i.xQueueGenericCreate  queue.o
    0x0800f434   0x0800f434   0x00000098   Code   RO         6353    i.xQueueGenericReset  queue.o
    0x0800f4cc   0x0800f4cc   0x000001a8   Code   RO         6354    i.xQueueGenericSend  queue.o
    0x0800f674   0x0800f674   0x000000f8   Code   RO         6355    i.xQueueGenericSendFromISR  queue.o
    0x0800f76c   0x0800f76c   0x00000168   Code   RO         6362    i.xQueueReceive     queue.o
    0x0800f8d4   0x0800f8d4   0x0000008c   Code   RO         6734    i.xTaskCheckForTimeOut  tasks.o
    0x0800f960   0x0800f960   0x00000060   Code   RO         6735    i.xTaskCreate       tasks.o
    0x0800f9c0   0x0800f9c0   0x00000020   Code   RO         6739    i.xTaskGetSchedulerState  tasks.o
    0x0800f9e0   0x0800f9e0   0x0000000c   Code   RO         6740    i.xTaskGetTickCount  tasks.o
    0x0800f9ec   0x0800f9ec   0x00000148   Code   RO         6742    i.xTaskIncrementTick  tasks.o
    0x0800fb34   0x0800fb34   0x000000c8   Code   RO         6745    i.xTaskPriorityDisinherit  tasks.o
    0x0800fbfc   0x0800fbfc   0x00000098   Code   RO         6747    i.xTaskRemoveFromEventList  tasks.o
    0x0800fc94   0x0800fc94   0x00000104   Code   RO         6748    i.xTaskResumeAll    tasks.o
    0x0800fd98   0x0800fd98   0x00000054   Code   RO         7058    i.xTimerCreateTimerTask  timers.o
    0x0800fdec   0x0800fdec   0x00000084   Code   RO         7059    i.xTimerGenericCommand  timers.o
    0x0800fe70   0x0800fe70   0x0000003a   Code   RO         5509    i.xdir_sum          ff.o
    0x0800feaa   0x0800feaa   0x0000004c   Code   RO         5510    i.xname_sum         ff.o
    0x0800fef6   0x0800fef6   0x00000018   Data   RO          600    .constdata          system_stm32f4xx.o
    0x0800ff0e   0x0800ff0e   0x00000008   Data   RO         1226    .constdata          stm32f4xx_hal_dma.o
    0x0800ff16   0x0800ff16   0x00002f80   Data   RO         4614    .constdata          lcd.o
    0x08012e96   0x08012e96   0x0000006e   Data   RO         4916    .constdata          i2s.o
    0x08012f04   0x08012f04   0x00000058   Data   RO         5512    .constdata          ff.o
    0x08012f5c   0x08012f5c   0x0002abb6   Data   RO         5884    .constdata          ffunicode.o
    0x0803db12   0x0803db12   0x00000002   PAD
    0x0803db14   0x0803db14   0x00000430   Data   RO         5148    .conststring        usmart_config.o
    0x0803df44   0x0803df44   0x00000028   Data   RO         5238    .conststring        usmart.o
    0x0803df6c   0x0803df6c   0x00000020   Data   RO         7561    Region$$Table       anon$$obj.o


    Execution Region RW_IRAM1 (Exec base: 0x20000000, Load base: 0x0803df8c, Size: 0x000185c0, Max: 0x00020000, ABSOLUTE, COMPRESSED[0x000000c4])

    Exec Addr    Load Addr    Size         Type   Attr      Idx    E Section Name        Object

    0x20000000   COMPRESSED   0x00000010   Data   RW           24    .data               main.o
    0x20000010   COMPRESSED   0x00000004   Data   RW          601    .data               system_stm32f4xx.o
    0x20000014   COMPRESSED   0x00000006   Data   RW          683    .data               delay.o
    0x2000001a   COMPRESSED   0x00000002   PAD
    0x2000001c   COMPRESSED   0x0000000b   Data   RW          810    .data               usart.o
    0x20000027   COMPRESSED   0x00000001   PAD
    0x20000028   COMPRESSED   0x00000009   Data   RW          912    .data               stm32f4xx_hal.o
    0x20000031   COMPRESSED   0x00000005   Data   RW         4466    .data               key.o
    0x20000036   COMPRESSED   0x00000002   PAD
    0x20000038   COMPRESSED   0x00000008   Data   RW         4615    .data               lcd.o
    0x20000040   COMPRESSED   0x00000004   Data   RW         4917    .data               i2s.o
    0x20000044   COMPRESSED   0x0000017c   Data   RW         5149    .data               usmart_config.o
    0x200001c0   COMPRESSED   0x0000001c   Data   RW         5239    .data               usmart.o
    0x200001dc   COMPRESSED   0x00000006   Data   RW         5513    .data               ff.o
    0x200001e2   COMPRESSED   0x00000002   Data   RW         5923    .data               text.o
    0x200001e4   COMPRESSED   0x00000008   Data   RW         5981    .data               wavplay.o
    0x200001ec   COMPRESSED   0x00000008   Data   RW         6049    .data               audioplay.o
    0x200001f4   COMPRESSED   0x0000000c   Data   RW         6264    .data               port.o
    0x20000200   COMPRESSED   0x0000003c   Data   RW         6751    .data               tasks.o
    0x2000023c   COMPRESSED   0x00000014   Data   RW         7065    .data               timers.o
    0x20000250   COMPRESSED   0x00000018   Data   RW         7193    .data               heap_4.o
    0x20000268        -       0x000004fc   Zero   RW           22    .bss                main.o
    0x20000764        -       0x0000010c   Zero   RW          809    .bss                usart.o
    0x20000870        -       0x0000005e   Zero   RW         4613    .bss                lcd.o
    0x200008ce   COMPRESSED   0x00000002   PAD
    0x200008d0        -       0x000000a4   Zero   RW         4843    .bss                sdio_sdcard.o
    0x20000974        -       0x000000a8   Zero   RW         4915    .bss                i2s.o
    0x20000a1c        -       0x00000048   Zero   RW         5185    .bss                usmart_port.o
    0x20000a64   COMPRESSED   0x00000004   PAD
    0x20000a68        -       0x00000258   Zero   RW         5922    .bss                text.o
    0x20000cc0        -       0x00006278   Zero   RW         5980    .bss                wavplay.o
    0x20006f38        -       0x00000530   Zero   RW         6048    .bss                audioplay.o
    0x20007468        -       0x00000040   Zero   RW         6366    .bss                queue.o
    0x200074a8        -       0x000000f0   Zero   RW         6750    .bss                tasks.o
    0x20007598        -       0x00000028   Zero   RW         7064    .bss                timers.o
    0x200075c0        -       0x00010000   Zero   RW         7192    .bss                heap_4.o
    0x200175c0        -       0x00001000   Zero   RW            1    STACK               startup_stm32f407xx.o


==============================================================================

Image component sizes


      Code (inc. data)   RO Data    RW Data    ZI Data      Debug   Object Name

      1096        160          0          8       1328       6136   audioplay.o
       212         20          0          6          0       3025   delay.o
       288          6          0          0          0       4954   diskio.o
       450          0          0          0          0       4303   es8388.o
         0          0          0          0          0       7848   event_groups.o
     12726        110         88          6          0      76625   ff.o
       396         28     175030          0          0       5664   ffunicode.o
       704         64          0         24      65536       4223   heap_4.o
      1092         90        110          4        168       5429   i2s.o
       456         66          0          5          0       2451   key.o
     14756        190      12160          8         94      32485   lcd.o
       152         10          0          0          0        915   led.o
       148          0          0          0          0       3146   list.o
       714        180          0         16       1276     759163   main.o
       502         28          0          0          0       3621   myiic.o
       998         92          0         12          0      10937   port.o
      1780         20          0          0         64      13070   queue.o
       628         46          0          0        164       4439   sdio_sdcard.o
        52         14        392          0       4096        956   startup_stm32f407xx.o
       174         34          0          9          0       9766   stm32f4xx_hal.o
       304         22          0          0          0      34443   stm32f4xx_hal_cortex.o
       780         10          8          0          0       4987   stm32f4xx_hal_dma.o
       156          0          0          0          0       2057   stm32f4xx_hal_dma_ex.o
       564         46          0          0          0       3420   stm32f4xx_hal_gpio.o
       790         18          0          0          0       5233   stm32f4xx_hal_i2s.o
       912         26          0          0          0       4623   stm32f4xx_hal_i2s_ex.o
      1820         84          0          0          0       5600   stm32f4xx_hal_rcc.o
       560         38          0          0          0       2193   stm32f4xx_hal_rcc_ex.o
      3226         34          0          0          0      13460   stm32f4xx_hal_sd.o
        88          0          0          0          0       1204   stm32f4xx_hal_sram.o
       488         76          0          0          0       3240   stm32f4xx_hal_tim.o
      1796         16          0          0          0       9752   stm32f4xx_hal_uart.o
        20          0          0          0          0       2745   stm32f4xx_it.o
       232         10          0          0          0       2711   stm32f4xx_ll_fsmc.o
      2110         46          0          0          0      24267   stm32f4xx_ll_sdmmc.o
       220         12          0          0          0       1331   sys.o
        20          6         24          4          0       1327   system_stm32f4xx.o
      2842        360          0         60        240      21812   tasks.o
       766         88          0          2        600       4000   text.o
      1134        114          0         20         40      17015   timers.o
       460         60          0         11        268       6122   usart.o
      2898       1308         40         28          0       5906   usmart.o
         0          0       1072        380          0       1504   usmart_config.o
       328         50          0          0         72       3422   usmart_port.o
      1400         20          0          0          0       9301   usmart_str.o
      1348        272          0          8      25208       5289   wavplay.o

    ----------------------------------------------------------------------
     62642       3874     188958        616      99160    1156120   Object Totals
         0          0         32          0          0          0   (incl. Generated)
        56          0          2          5          6          0   (incl. Padding)

    ----------------------------------------------------------------------

      Code (inc. data)   RO Data    RW Data    ZI Data      Debug   Library Member Name

        86          0          0          0          0          0   __dczerorl2.o
         0          0          0          0          0          0   entry.o
         0          0          0          0          0          0   entry10a.o
         0          0          0          0          0          0   entry11a.o
         8          4          0          0          0          0   entry2.o
         4          0          0          0          0          0   entry5.o
         0          0          0          0          0          0   entry7b.o
         0          0          0          0          0          0   entry8b.o
         8          4          0          0          0          0   entry9a.o
        30          0          0          0          0          0   handlers.o
        36          8          0          0          0         68   init.o
         0          0          0          0          0          0   iusefp.o
        98          0          0          0          0         84   ldiv.o
        30          0          0          0          0         68   llshl.o
        32          0          0          0          0         68   llushr.o
        26          0          0          0          0         80   memcmp.o
        36          0          0          0          0         68   memcpya.o
        36          0          0          0          0        108   memseta.o
      1154         54          0          0          0        352   printf8.o
        24          0          0          0          0         68   strcat.o
        20          0          0          0          0         68   strchr.o
        18          0          0          0          0         68   strcpy.o
        98          0          0          0          0         92   uldiv.o
       186          0          0          0          0        176   depilogue.o
        50          0          0          0          0         76   dfixui.o
        26          0          0          0          0         76   dfltui.o
       228          0          0          0          0         96   dmul.o

    ----------------------------------------------------------------------
      2236         70          0          0          0       1616   Library Totals
         2          0          0          0          0          0   (incl. Padding)

    ----------------------------------------------------------------------

      Code (inc. data)   RO Data    RW Data    ZI Data      Debug   Library Name

      1744         70          0          0          0       1192   mc_w.l
       490          0          0          0          0        424   mf_w.l

    ----------------------------------------------------------------------
      2236         70          0          0          0       1616   Library Totals

    ----------------------------------------------------------------------

==============================================================================


      Code (inc. data)   RO Data    RW Data    ZI Data      Debug   

     64878       3944     188958        616      99160    1120788   Grand Totals
     64878       3944     188958        196      99160    1120788   ELF Image Totals (compressed)
     64878       3944     188958        196          0          0   ROM Totals

==============================================================================

    Total RO  Size (Code + RO Data)               253836 ( 247.89kB)
    Total RW  Size (RW Data + ZI Data)             99776 (  97.44kB)
    Total ROM Size (Code + RO Data + RW Data)     254032 ( 248.08kB)

==============================================================================

