<html>
<body>
<pre>
<h1>礦ision Build Log</h1>
<h2>Tool Versions:</h2>
IDE-Version: μVision V5.38.0.0
Copyright (C) 2022 ARM Ltd and ARM Germany GmbH. All rights reserved.
License Information: 1 3328236081@qq.com, 1, LIC=JL28G-V8PFE-Y89FK-ZNVW1-2YWS8-MBVF4
 
Tool Versions:
Toolchain:       MDK-ARM Plus  Version: 5.39.0.0
Toolchain Path:  D:\keil5\ARM\ARMCC\Bin
C Compiler:      Armcc.exe V5.06 update 6 (build 750)
Assembler:       Armasm.exe V5.06 update 6 (build 750)
Linker/Locator:  ArmLink.exe V5.06 update 6 (build 750)
Library Manager: ArmAr.exe V5.06 update 6 (build 750)
Hex Converter:   FromElf.exe V5.06 update 6 (build 750)
CPU DLL:         SARMCM3.DLL V5.39.0.0
Dialog DLL:      DCM.DLL V1.17.5.0
Target DLL:      Segger\JL2CM3.dll V2.99.43.0
Dialog DLL:      TCM.DLL V1.56.4.0
 
<h2>Project:</h2>
D:\desktop\Mood_1.0\Projects\MDK-ARM\atk_f407.uvprojx
Project File Date:  01/30/2026

<h2>Output:</h2>
*** Using Compiler 'V5.06 update 6 (build 750)', folder: 'D:\keil5\ARM\ARMCC\Bin'
Build target 'Template'
compiling main.c...
..\..\Drivers\SYSTEM/delay/delay.h(46): warning:  #47-D: incompatible redefinition of macro "SYS_SUPPORT_OS"  (declared at line 37 of "..\..\Drivers\SYSTEM/sys/sys.h")
  #define SYS_SUPPORT_OS  1   /* 定义为 1 以支持 FreeRTOS */
..\..\Drivers\SYSTEM/delay/delay.h(52): warning:  #1-D: last line of file ends without a newline
  #endif
..\..\User\main.c(40): warning:  #177-D: variable "xHeapRegions"  was declared but never referenced
  static const HeapRegion_t xHeapRegions[] =
..\..\User\main.c: 3 warnings, 0 errors
linking...
Program Size: Code=64878 RO-data=188958 RW-data=616 ZI-data=99160  
FromELF: creating hex file...
"..\..\Output\atk_f407.axf" - 0 Error(s), 3 Warning(s).

<h2>Software Packages used:</h2>

Package Vendor: Keil
                https://www.keil.com/pack/Keil.STM32F4xx_DFP.3.1.0.pack
                Keil.STM32F4xx_DFP.3.1.0
                STMicroelectronics STM32F4 Series Device Support

<h2>Collection of Component include folders:</h2>

<h2>Collection of Component Files used:</h2>
Build Time Elapsed:  00:00:03
</pre>
</body>
</html>
