Component: ARM Compiler 5.06 update 6 (build 750) Tool: armlink [4d35ed]

==============================================================================

Section Cross References

    startup_stm32f407xx.o(RESET) refers to startup_stm32f407xx.o(STACK) for __initial_sp
    startup_stm32f407xx.o(RESET) refers to startup_stm32f407xx.o(.text) for Reset_Handler
    startup_stm32f407xx.o(RESET) refers to stm32f4xx_it.o(i.NMI_Handler) for NMI_Handler
    startup_stm32f407xx.o(RESET) refers to stm32f4xx_it.o(i.HardFault_Handler) for HardFault_Handler
    startup_stm32f407xx.o(RESET) refers to stm32f4xx_it.o(i.MemManage_Handler) for MemManage_Handler
    startup_stm32f407xx.o(RESET) refers to stm32f4xx_it.o(i.BusFault_Handler) for BusFault_Handler
    startup_stm32f407xx.o(RESET) refers to stm32f4xx_it.o(i.UsageFault_Handler) for UsageFault_Handler
    startup_stm32f407xx.o(RESET) refers to stm32f4xx_it.o(i.SVC_Handler) for SVC_Handler
    startup_stm32f407xx.o(RESET) refers to stm32f4xx_it.o(i.DebugMon_Handler) for DebugMon_Handler
    startup_stm32f407xx.o(RESET) refers to stm32f4xx_it.o(i.PendSV_Handler) for PendSV_Handler
    startup_stm32f407xx.o(RESET) refers to stm32f4xx_it.o(i.SysTick_Handler) for SysTick_Handler
    startup_stm32f407xx.o(RESET) refers to i2s.o(i.DMA1_Stream4_IRQHandler) for DMA1_Stream4_IRQHandler
    startup_stm32f407xx.o(RESET) refers to usmart_port.o(i.TIM4_IRQHandler) for TIM4_IRQHandler
    startup_stm32f407xx.o(RESET) refers to usart.o(i.USART1_IRQHandler) for USART1_IRQHandler
    startup_stm32f407xx.o(.text) refers to system_stm32f4xx.o(i.SystemInit) for SystemInit
    startup_stm32f407xx.o(.text) refers to entry.o(.ARM.Collect$$$$00000000) for __main
    main.o(i.led_set) refers to stm32f4xx_hal_gpio.o(i.HAL_GPIO_WritePin) for HAL_GPIO_WritePin
    main.o(i.main) refers to stm32f4xx_hal.o(i.HAL_Init) for HAL_Init
    main.o(i.main) refers to sys.o(i.sys_stm32_clock_init) for sys_stm32_clock_init
    main.o(i.main) refers to delay.o(i.delay_init) for delay_init
    main.o(i.main) refers to usart.o(i.usart_init) for usart_init
    main.o(i.main) refers to led.o(i.led_init) for led_init
    main.o(i.main) refers to key.o(i.key_init) for key_init
    main.o(i.main) refers to lcd.o(i.lcd_init) for lcd_init
    main.o(i.main) refers to stm32f4xx_hal_gpio.o(i.HAL_GPIO_WritePin) for HAL_GPIO_WritePin
    main.o(i.main) refers to lcd.o(i.lcd_show_string) for lcd_show_string
    main.o(i.main) refers to delay.o(i.delay_ms) for delay_ms
    main.o(i.main) refers to lcd.o(i.lcd_fill) for lcd_fill
    main.o(i.main) refers to sdio_sdcard.o(i.sd_init) for sd_init
    main.o(i.main) refers to ff.o(i.f_mount) for f_mount
    main.o(i.main) refers to es8388.o(i.es8388_init) for es8388_init
    main.o(i.main) refers to es8388.o(i.es8388_adda_cfg) for es8388_adda_cfg
    main.o(i.main) refers to es8388.o(i.es8388_output_cfg) for es8388_output_cfg
    main.o(i.main) refers to es8388.o(i.es8388_hpvol_set) for es8388_hpvol_set
    main.o(i.main) refers to es8388.o(i.es8388_spkvol_set) for es8388_spkvol_set
    main.o(i.main) refers to text.o(i.text_show_string) for text_show_string
    main.o(i.main) refers to audioplay.o(i.audio_play) for audio_play
    main.o(i.main) refers to usmart_config.o(.data) for usmart_dev
    main.o(i.main) refers to main.o(.bss) for fs
    main.o(i.show_sdcard_info) refers to stm32f4xx_hal_sd.o(i.HAL_SD_GetCardCID) for HAL_SD_GetCardCID
    main.o(i.show_sdcard_info) refers to sdio_sdcard.o(i.get_sd_card_info) for get_sd_card_info
    main.o(i.show_sdcard_info) refers to printf8.o(i.__0printf$8) for __2printf
    main.o(i.show_sdcard_info) refers to sdio_sdcard.o(.bss) for g_sdcard_handler
    stm32f4xx_it.o(i.SysTick_Handler) refers to stm32f4xx_hal.o(i.HAL_IncTick) for HAL_IncTick
    system_stm32f4xx.o(i.SystemCoreClockUpdate) refers to system_stm32f4xx.o(.data) for SystemCoreClock
    system_stm32f4xx.o(i.SystemCoreClockUpdate) refers to system_stm32f4xx.o(.constdata) for AHBPrescTable
    delay.o(i.HAL_Delay) refers to delay.o(i.delay_ms) for delay_ms
    delay.o(i.delay_init) refers to delay.o(.data) for g_fac_us
    delay.o(i.delay_ms) refers to delay.o(i.delay_us) for delay_us
    delay.o(i.delay_us) refers to delay.o(.data) for g_fac_us
    sys.o(i.sys_stm32_clock_init) refers to memseta.o(.text) for __aeabi_memclr4
    sys.o(i.sys_stm32_clock_init) refers to stm32f4xx_hal_rcc.o(i.HAL_RCC_OscConfig) for HAL_RCC_OscConfig
    sys.o(i.sys_stm32_clock_init) refers to stm32f4xx_hal_rcc.o(i.HAL_RCC_ClockConfig) for HAL_RCC_ClockConfig
    sys.o(i.sys_stm32_clock_init) refers to stm32f4xx_hal.o(i.HAL_GetREVID) for HAL_GetREVID
    usart.o(i.HAL_UART_MspInit) refers to stm32f4xx_hal_gpio.o(i.HAL_GPIO_Init) for HAL_GPIO_Init
    usart.o(i.HAL_UART_MspInit) refers to stm32f4xx_hal_cortex.o(i.HAL_NVIC_EnableIRQ) for HAL_NVIC_EnableIRQ
    usart.o(i.HAL_UART_MspInit) refers to stm32f4xx_hal_cortex.o(i.HAL_NVIC_SetPriority) for HAL_NVIC_SetPriority
[...]
    .bss                                     0x200007e8   Section       94  lcd.o(.bss)
    .bss                                     0x20000848   Section      164  sdio_sdcard.o(.bss)
    .bss                                     0x200008ec   Section      168  i2s.o(.bss)
    .bss                                     0x20000994   Section       72  usmart_port.o(.bss)
    .bss                                     0x200009e0   Section      600  text.o(.bss)
    s_font_file                              0x200009e0   Data         600  text.o(.bss)
    .bss                                     0x20000c38   Section    25208  wavplay.o(.bss)
    s_wav_file                               0x20000c38   Data         600  wavplay.o(.bss)
    s_wav_buf1                               0x20000e90   Data        8192  wavplay.o(.bss)
    s_wav_buf2                               0x20002e90   Data        8192  wavplay.o(.bss)
    s_wav_tbuf                               0x20004e90   Data        8192  wavplay.o(.bss)
    .bss                                     0x20006eb0   Section     1328  audioplay.o(.bss)
    s_wav_offset_tbl                         0x20006eb0   Data         800  audioplay.o(.bss)
    s_pname_buf                              0x200071d0   Data         511  audioplay.o(.bss)
    STACK                                    0x200073e0   Section     4096  startup_stm32f407xx.o(STACK)

    Global Symbols

    Symbol Name                              Value     Ov Type        Size  Object(Section)

    BuildAttributes$$THM_ISAv4$E$P$D$K$B$S$7EM$VFPi3$EXTD16$VFPS$VFMA$PE$A:L22UL41UL21$X:L11$S22US41US21$IEEE1$IW$USESV6$~STKCKD$USESV7$~SHL$OSPACE$ROPI$EBA8$MICROLIB$REQ8$PRES8$EABIv2 0x00000000   Number         0  anon$$obj.o ABSOLUTE
    __ARM_use_no_argv                        0x00000000   Number         0  main.o ABSOLUTE
    __use_no_errno                           0x00000000   Number         0  useno.o ABSOLUTE
    __use_no_exception_handling              0x00000000   Number         0  useno.o ABSOLUTE
    __use_no_fp                              0x00000000   Number         0  useno.o ABSOLUTE
    __use_no_heap                            0x00000000   Number         0  useno.o ABSOLUTE
    __use_no_heap_region                     0x00000000   Number         0  useno.o ABSOLUTE
    __use_no_semihosting                     0x00000000   Number         0  useno.o ABSOLUTE
    __use_no_semihosting_swi                 0x00000000   Number         0  useno.o ABSOLUTE
    __use_no_signal_handling                 0x00000000   Number         0  useno.o ABSOLUTE
    _printf_a                                0x00000000   Number         0  stubs.o ABSOLUTE
    _printf_c                                0x00000000   Number         0  stubs.o ABSOLUTE
    _printf_charcount                        0x00000000   Number         0  stubs.o ABSOLUTE
    _printf_d                                0x00000000   Number         0  stubs.o ABSOLUTE
    _printf_e                                0x00000000   Number         0  stubs.o ABSOLUTE
    _printf_f                                0x00000000   Number         0  stubs.o ABSOLUTE
    _printf_flags                            0x00000000   Number         0  stubs.o ABSOLUTE
    _printf_fp_dec                           0x00000000   Number         0  stubs.o ABSOLUTE
    _printf_fp_hex                           0x00000000   Number         0  stubs.o ABSOLUTE
    _printf_g                                0x00000000   Number         0  stubs.o ABSOLUTE
    _printf_i                                0x00000000   Number         0  stubs.o ABSOLUTE
    _printf_int_dec                          0x00000000   Number         0  stubs.o ABSOLUTE
    _printf_l                                0x00000000   Number         0  stubs.o ABSOLUTE
    _printf_lc                               0x00000000   Number         0  stubs.o ABSOLUTE
    _printf_ll                               0x00000000   Number         0  stubs.o ABSOLUTE
    _printf_lld                              0x00000000   Number         0  stubs.o ABSOLUTE
    _printf_lli                              0x00000000   Number         0  stubs.o ABSOLUTE
    _printf_llo                              0x00000000   Number         0  stubs.o ABSOLUTE
    _printf_llu                              0x00000000   Number         0  stubs.o ABSOLUTE
    _printf_llx                              0x00000000   Number         0  stubs.o ABSOLUTE
    _printf_longlong_dec                     0x00000000   Number         0  stubs.o ABSOLUTE
    _printf_longlong_hex                     0x00000000   Number         0  stubs.o ABSOLUTE
    _printf_longlong_oct                     0x00000000   Number         0  stubs.o ABSOLUTE
    _printf_ls                               0x00000000   Number         0  stubs.o ABSOLUTE
    _printf_mbtowc                           0x00000000   Number         0  stubs.o ABSOLUTE
    _printf_n                                0x00000000   Number         0  stubs.o ABSOLUTE
    _printf_o                                0x00000000   Number         0  stubs.o ABSOLUTE
    _printf_p                                0x00000000   Number         0  stubs.o ABSOLUTE
    _printf_percent                          0x00000000   Number         0  stubs.o ABSOLUTE
    _printf_pre_padding                      0x00000000   Number         0  stubs.o ABSOLUTE
    _printf_return_value                     0x00000000   Number         0  stubs.o ABSOLUTE
    _printf_s                                0x00000000   Number         0  stubs.o ABSOLUTE
    _printf_sizespec                         0x00000000   Number         0  stubs.o ABSOLUTE
    _printf_str                              0x00000000   Number         0  stubs.o ABSOLUTE
    _printf_truncate_signed                  0x00000000   Number         0  stubs.o ABSOLUTE
    _printf_truncate_unsigned                0x00000000   Number         0  stubs.o ABSOLUTE
    _printf_u                                0x00000000   Number         0  stubs.o ABSOLUTE
    _printf_wc                               0x00000000   Number         0  stubs.o ABSOLUTE
    _printf_wctomb                           0x00000000   Number         0  stubs.o ABSOLUTE
    _printf_widthprec                        0x00000000   Number         0  stubs.o ABSOLUTE
    _printf_x                                0x00000000   Number         0  stubs.o ABSOLUTE
    __cpp_initialize__aeabi_                  - Undefined Weak Reference
    __cxa_finalize                            - Undefined Weak Reference
    _clock_init                               - Undefined Weak Reference
    _microlib_exit                            - Undefined Weak Reference
    __Vectors_Size                           0x00000188   Number         0  startup_stm32f407xx.o ABSOLUTE
    __Vectors                                0x08000000   Data           4  startup_stm32f407xx.o(RESET)
    __Vectors_End                            0x08000188   Data           0  startup_stm32f407xx.o(RESET)
    __main                                   0x08000189   Thumb Code     0  entry.o(.ARM.Collect$$$$00000000)
    _main_stk                                0x08000189   Thumb Code     0  entry2.o(.ARM.Collect$$$$00000001)
    _main_scatterload                        0x0800018d   Thumb Code     0  entry5.o(.ARM.Collect$$$$00000004)
    __main_after_scatterload                 0x08000191   Thumb Code     0  entry5.o(.ARM.Collect$$$$00000004)
    _main_clock                              0x08000191   Thumb Code     0  entry7b.o(.ARM.Collect$$$$00000008)
    _main_cpp_init                           0x08000191   Thumb Code     0  entry8b.o(.ARM.Collect$$$$0000000A)
    _main_init                               0x08000191   Thumb Code     0  entry9a.o(.ARM.Collect$$$$0000000B)
    __rt_final_cpp                           0x08000199   Thumb Code     0  entry10a.o(.ARM.Collect$$$$0000000D)
    __rt_final_exit                          0x08000199   Thumb Code     0  entry11a.o(.ARM.Collect$$$$0000000F)
    Reset_Handler                            0x0800019d   Thumb Code    18  startup_stm32f407xx.o(.text)
    ADC_IRQHandler                           0x080001c1   Thumb Code     0  startup_stm32f407xx.o(.text)
    CAN1_RX0_IRQHandler                      0x080001c1   Thumb Code     0  startup_stm32f407xx.o(.text)
    CAN1_RX1_IRQHandler                      0x080001c1   Thumb Code     0  startup_stm32f407xx.o(.text)
    CAN1_SCE_IRQHandler                      0x080001c1   Thumb Code     0  startup_stm32f407xx.o(.text)
    CAN1_TX_IRQHandler                       0x080001c1   Thumb Code     0  startup_stm32f407xx.o(.text)
    CAN2_RX0_IRQHandler                      0x080001c1   Thumb Code     0  startup_stm32f407xx.o(.text)
    CAN2_RX1_IRQHandler                      0x080001c1   Thumb Code     0  startup_stm32f407xx.o(.text)
    CAN2_SCE_IRQHandler                      0x080001c1   Thumb Code     0  startup_stm32f407xx.o(.text)
    CAN2_TX_IRQHandler                       0x080001c1   Thumb Code     0  startup_stm32f407xx.o(.text)
    DCMI_IRQHandler                          0x080001c1   Thumb Code     0  startup_stm32f407xx.o(.text)
    DMA1_Stream0_IRQHandler                  0x080001c1   Thumb Code     0  startup_stm32f407xx.o(.text)
    DMA1_Stream1_IRQHandler                  0x080001c1   Thumb Code     0  startup_stm32f407xx.o(.text)
    DMA1_Stream2_IRQHandler                  0x080001c1   Thumb Code     0  startup_stm32f407xx.o(.text)
    DMA1_Stream3_IRQHandler                  0x080001c1   Thumb Code     0  startup_stm32f407xx.o(.text)
    DMA1_Stream5_IRQHandler                  0x080001c1   Thumb Code     0  startup_stm32f407xx.o(.text)
    DMA1_Stream6_IRQHandler                  0x080001c1   Thumb Code     0  startup_stm32f407xx.o(.text)
    DMA1_Stream7_IRQHandler                  0x080001c1   Thumb Code     0  startup_stm32f407xx.o(.text)
    DMA2_Stream0_IRQHandler                  0x080001c1   Thumb Code     0  startup_stm32f407xx.o(.text)
    DMA2_Stream1_IRQHandler                  0x080001c1   Thumb Code     0  startup_stm32f407xx.o(.text)
    DMA2_Stream2_IRQHandler                  0x080001c1   Thumb Code     0  startup_stm32f407xx.o(.text)
    DMA2_Stream3_IRQHandler                  0x080001c1   Thumb Code     0  startup_stm32f407xx.o(.text)
    DMA2_Stream4_IRQHandler                  0x080001c1   Thumb Code     0  startup_stm32f407xx.o(.text)
    DMA2_Stream5_IRQHandler                  0x080001c1   Thumb Code     0  startup_stm32f407xx.o(.text)
    DMA2_Stream6_IRQHandler                  0x080001c1   Thumb Code     0  startup_stm32f407xx.o(.text)
    DMA2_Stream7_IRQHandler                  0x080001c1   Thumb Code     0  startup_stm32f407xx.o(.text)
    ETH_IRQHandler                           0x080001c1   Thumb Code     0  startup_stm32f407xx.o(.text)
    ETH_WKUP_IRQHandler                      0x080001c1   Thumb Code     0  startup_stm32f407xx.o(.text)
    EXTI0_IRQHandler                         0x080001c1   Thumb Code     0  startup_stm32f407xx.o(.text)
    EXTI15_10_IRQHandler                     0x080001c1   Thumb Code     0  startup_stm32f407xx.o(.text)
    EXTI1_IRQHandler                         0x080001c1   Thumb Code     0  startup_stm32f407xx.o(.text)
    EXTI2_IRQHandler                         0x080001c1   Thumb Code     0  startup_stm32f407xx.o(.text)
    EXTI3_IRQHandler                         0x080001c1   Thumb Code     0  startup_stm32f407xx.o(.text)
    EXTI4_IRQHandler                         0x080001c1   Thumb Code     0  startup_stm32f407xx.o(.text)
    EXTI9_5_IRQHandler                       0x080001c1   Thumb Code     0  startup_stm32f407xx.o(.text)
    FLASH_IRQHandler                         0x080001c1   Thumb Code     0  startup_stm32f407xx.o(.text)
    FMC_IRQHandler                           0x080001c1   Thumb Code     0  startup_stm32f407xx.o(.text)
    FPU_IRQHandler                           0x080001c1   Thumb Code     0  startup_stm32f407xx.o(.text)
    HASH_RNG_IRQHandler                      0x080001c1   Thumb Code     0  startup_stm32f407xx.o(.text)
    I2C1_ER_IRQHandler                       0x080001c1   Thumb Code     0  startup_stm32f407xx.o(.text)
    I2C1_EV_IRQHandler                       0x080001c1   Thumb Code     0  startup_stm32f407xx.o(.text)
    I2C2_ER_IRQHandler                       0x080001c1   Thumb Code     0  startup_stm32f407xx.o(.text)
    I2C2_EV_IRQHandler                       0x080001c1   Thumb Code     0  startup_stm32f407xx.o(.text)
    I2C3_ER_IRQHandler                       0x080001c1   Thumb Code     0  startup_stm32f407xx.o(.text)
    I2C3_EV_IRQHandler                       0x080001c1   Thumb Code     0  startup_stm32f407xx.o(.text)
    OTG_FS_IRQHandler                        0x080001c1   Thumb Code     0  startup_stm32f407xx.o(.text)
    OTG_FS_WKUP_IRQHandler                   0x080001c1   Thumb Code     0  startup_stm32f407xx.o(.text)
    OTG_HS_EP1_IN_IRQHandler                 0x080001c1   Thumb Code     0  startup_stm32f407xx.o(.text)
    OTG_HS_EP1_OUT_IRQHandler                0x080001c1   Thumb Code     0  startup_stm32f407xx.o(.text)
    OTG_HS_IRQHandler                        0x080001c1   Thumb Code     0  startup_stm32f407xx.o(.text)
    OTG_HS_WKUP_IRQHandler                   0x080001c1   Thumb Code     0  startup_stm32f407xx.o(.text)
    PVD_IRQHandler                           0x080001c1   Thumb Code     0  startup_stm32f407xx.o(.text)
    RCC_IRQHandler                           0x080001c1   Thumb Code     0  startup_stm32f407xx.o(.text)
    RTC_Alarm_IRQHandler                     0x080001c1   Thumb Code     0  startup_stm32f407xx.o(.text)
    RTC_WKUP_IRQHandler                      0x080001c1   Thumb Code     0  startup_stm32f407xx.o(.text)
    SDIO_IRQHandler                          0x080001c1   Thumb Code     0  startup_stm32f407xx.o(.text)
    SPI1_IRQHandler                          0x080001c1   Thumb Code     0  startup_stm32f407xx.o(.text)
    SPI2_IRQHandler                          0x080001c1   Thumb Code     0  startup_stm32f407xx.o(.text)
    SPI3_IRQHandler                          0x080001c1   Thumb Code     0  startup_stm32f407xx.o(.text)
    TAMP_STAMP_IRQHandler                    0x080001c1   Thumb Code     0  startup_stm32f407xx.o(.text)
    TIM1_BRK_TIM9_IRQHandler                 0x080001c1   Thumb Code     0  startup_stm32f407xx.o(.text)
    TIM1_CC_IRQHandler                       0x080001c1   Thumb Code     0  startup_stm32f407xx.o(.text)
    TIM1_TRG_COM_TIM11_IRQHandler            0x080001c1   Thumb Code     0  startup_stm32f407xx.o(.text)
    TIM1_UP_TIM10_IRQHandler                 0x080001c1   Thumb Code     0  startup_stm32f407xx.o(.text)
    TIM2_IRQHandler                          0x080001c1   Thumb Code     0  startup_stm32f407xx.o(.text)
    TIM3_IRQHandler                          0x080001c1   Thumb Code     0  startup_stm32f407xx.o(.text)
    TIM5_IRQHandler                          0x080001c1   Thumb Code     0  startup_stm32f407xx.o(.text)
    TIM6_DAC_IRQHandler                      0x080001c1   Thumb Code     0  startup_stm32f407xx.o(.text)
    TIM7_IRQHandler                          0x080001c1   Thumb Code     0  startup_stm32f407xx.o(.text)
    TIM8_BRK_TIM12_IRQHandler                0x080001c1   Thumb Code     0  startup_stm32f407xx.o(.text)
    TIM8_CC_IRQHandler                       0x080001c1   Thumb Code     0  startup_stm32f407xx.o(.text)
    TIM8_TRG_COM_TIM14_IRQHandler            0x080001c1   Thumb Code     0  startup_stm32f407xx.o(.text)
    TIM8_UP_TIM13_IRQHandler                 0x080001c1   Thumb Code     0  startup_stm32f407xx.o(.text)
    UART4_IRQHandler                         0x080001c1   Thumb Code     0  startup_stm32f407xx.o(.text)
    UART5_IRQHandler                         0x080001c1   Thumb Code     0  startup_stm32f407xx.o(.text)
    USART2_IRQHandler                        0x080001c1   Thumb Code     0  startup_stm32f407xx.o(.text)
    USART3_IRQHandler                        0x080001c1   Thumb Code     0  startup_stm32f407xx.o(.text)
    USART6_IRQHandler                        0x080001c1   Thumb Code     0  startup_stm32f407xx.o(.text)
    WWDG_IRQHandler                          0x080001c1   Thumb Code     0  startup_stm32f407xx.o(.text)
    __aeabi_uldivmod                         0x080001d1   Thumb Code    98  uldiv.o(.text)
    __aeabi_ldivmod                          0x08000233   Thumb Code    98  ldiv.o(.text)
    __aeabi_memcpy                           0x08000295   Thumb Code    36  memcpya.o(.text)
    __aeabi_memcpy4                          0x08000295   Thumb Code     0  memcpya.o(.text)
    __aeabi_memcpy8                          0x08000295   Thumb Code     0  memcpya.o(.text)
    __aeabi_memset                           0x080002b9   Thumb Code    14  memseta.o(.text)
    __aeabi_memset4                          0x080002b9   Thumb Code     0  memseta.o(.text)
    __aeabi_memset8                          0x080002b9   Thumb Code     0  memseta.o(.text)
    __aeabi_memclr                           0x080002c7   Thumb Code     4  memseta.o(.text)
    __aeabi_memclr4                          0x080002c7   Thumb Code     0  memseta.o(.text)
    __aeabi_memclr8                          0x080002c7   Thumb Code     0  memseta.o(.text)
    _memset$wrapper                          0x080002cb   Thumb Code    18  memseta.o(.text)
    strcat                                   0x080002dd   Thumb Code    24  strcat.o(.text)
    strchr                                   0x080002f5   Thumb Code    20  strchr.o(.text)
    memcmp                                   0x08000309   Thumb Code    26  memcmp.o(.text)
    strcpy                                   0x08000323   Thumb Code    18  strcpy.o(.text)
    __aeabi_dmul                             0x08000335   Thumb Code   228  dmul.o(.text)
    __aeabi_ui2d                             0x08000419   Thumb Code    26  dfltui.o(.text)
    __aeabi_d2uiz                            0x08000433   Thumb Code    50  dfixui.o(.text)
    __aeabi_llsl                             0x08000465   Thumb Code    30  llshl.o(.text)
    _ll_shift_l                              0x08000465   Thumb Code     0  llshl.o(.text)
    __aeabi_llsr                             0x08000483   Thumb Code    32  llushr.o(.text)
    _ll_ushift_r                             0x08000483   Thumb Code     0  llushr.o(.text)
    __I$use$fp                               0x080004a3   Thumb Code     0  iusefp.o(.text)
    _double_round                            0x080004a3   Thumb Code    30  depilogue.o(.text)
    _double_epilogue                         0x080004c1   Thumb Code   156  depilogue.o(.text)
    __scatterload                            0x0800055d   Thumb Code    28  init.o(.text)
    __scatterload_rt2                        0x0800055d   Thumb Code     0  init.o(.text)
    __decompress                             0x08000581   Thumb Code     0  __dczerorl2.o(.text)
    __decompress1                            0x08000581   Thumb Code    86  __dczerorl2.o(.text)
    BusFault_Handler                         0x080005d7   Thumb Code     4  stm32f4xx_it.o(i.BusFault_Handler)
    DMA1_Stream4_IRQHandler                  0x080005dd   Thumb Code   166  i2s.o(i.DMA1_Stream4_IRQHandler)
    DebugMon_Handler                         0x08000793   Thumb Code     2  stm32f4xx_it.o(i.DebugMon_Handler)
    FSMC_NORSRAM_Extended_Timing_Init        0x08000795   Thumb Code    66  stm32f4xx_ll_fsmc.o(i.FSMC_NORSRAM_Extended_Timing_Init)
    FSMC_NORSRAM_Init                        0x080007dd   Thumb Code    88  stm32f4xx_ll_fsmc.o(i.FSMC_NORSRAM_Init)
    FSMC_NORSRAM_Timing_Init                 0x08000839   Thumb Code    68  stm32f4xx_ll_fsmc.o(i.FSMC_NORSRAM_Timing_Init)
    HAL_DMAEx_MultiBufferStart               0x0800087d   Thumb Code   124  stm32f4xx_hal_dma_ex.o(i.HAL_DMAEx_MultiBufferStart)
    HAL_DMA_Abort                            0x080008f9   Thumb Code   170  stm32f4xx_hal_dma.o(i.HAL_DMA_Abort)
    HAL_DMA_Abort_IT                         0x080009a3   Thumb Code    40  stm32f4xx_hal_dma.o(i.HAL_DMA_Abort_IT)
    HAL_DMA_DeInit                           0x080009cb   Thumb Code   112  stm32f4xx_hal_dma.o(i.HAL_DMA_DeInit)
    HAL_DMA_Init                             0x08000a3d   Thumb Code   232  stm32f4xx_hal_dma.o(i.HAL_DMA_Init)
    HAL_Delay                                0x08000b29   Thumb Code    12  delay.o(i.HAL_Delay)
    HAL_GPIO_Init                            0x08000b35   Thumb Code   470  stm32f4xx_hal_gpio.o(i.HAL_GPIO_Init)
    HAL_GPIO_ReadPin                         0x08000d39   Thumb Code    16  stm32f4xx_hal_gpio.o(i.HAL_GPIO_ReadPin)
    HAL_GPIO_TogglePin                       0x08000d49   Thumb Code    20  stm32f4xx_hal_gpio.o(i.HAL_GPIO_TogglePin)
    HAL_GPIO_WritePin                        0x08000d5d   Thumb Code    12  stm32f4xx_hal_gpio.o(i.HAL_GPIO_WritePin)
    HAL_GetREVID                             0x08000d69   Thumb Code     8  stm32f4xx_hal.o(i.HAL_GetREVID)
    HAL_GetTick                              0x08000d75   Thumb Code     6  stm32f4xx_hal.o(i.HAL_GetTick)
    HAL_I2SEx_FullDuplex_IRQHandler          0x08000d81   Thumb Code   572  stm32f4xx_hal_i2s_ex.o(i.HAL_I2SEx_FullDuplex_IRQHandler)
    HAL_I2SEx_TxRxCpltCallback               0x08000fc5   Thumb Code     2  stm32f4xx_hal_i2s_ex.o(i.HAL_I2SEx_TxRxCpltCallback)
    HAL_I2S_ErrorCallback                    0x08000fc7   Thumb Code     2  stm32f4xx_hal_i2s.o(i.HAL_I2S_ErrorCallback)
    HAL_I2S_Init                             0x08000fc9   Thumb Code   438  stm32f4xx_hal_i2s.o(i.HAL_I2S_Init)
    HAL_I2S_MspInit                          0x08001191   Thumb Code   304  i2s.o(i.HAL_I2S_MspInit)
    HAL_I2S_RxCpltCallback                   0x080012cd   Thumb Code     2  stm32f4xx_hal_i2s.o(i.HAL_I2S_RxCpltCallback)
    HAL_I2S_TxCpltCallback                   0x080012cf   Thumb Code     2  stm32f4xx_hal_i2s.o(i.HAL_I2S_TxCpltCallback)
    HAL_IncTick                              0x080012d1   Thumb Code    16  stm32f4xx_hal.o(i.HAL_IncTick)
    HAL_Init                                 0x080012e9   Thumb Code    44  stm32f4xx_hal.o(i.HAL_Init)
    HAL_InitTick                             0x08001319   Thumb Code    64  stm32f4xx_hal.o(i.HAL_InitTick)
    HAL_MspInit                              0x08001365   Thumb Code     2  stm32f4xx_hal.o(i.HAL_MspInit)
    HAL_NVIC_EnableIRQ                       0x08001367   Thumb Code    32  stm32f4xx_hal_cortex.o(i.HAL_NVIC_EnableIRQ)
    HAL_NVIC_SetPriority                     0x08001387   Thumb Code   124  stm32f4xx_hal_cortex.o(i.HAL_NVIC_SetPriority)
    HAL_NVIC_SetPriorityGrouping             0x08001405   Thumb Code    32  stm32f4xx_hal_cortex.o(i.HAL_NVIC_SetPriorityGrouping)
    HAL_RCCEx_GetPeriphCLKFreq               0x0800142d   Thumb Code   126  stm32f4xx_hal_rcc_ex.o(i.HAL_RCCEx_GetPeriphCLKFreq)
    HAL_RCCEx_PeriphCLKConfig                0x080014bd   Thumb Code   396  stm32f4xx_hal_rcc_ex.o(i.HAL_RCCEx_PeriphCLKConfig)
    HAL_RCC_ClockConfig                      0x0800165d   Thumb Code   368  stm32f4xx_hal_rcc.o(i.HAL_RCC_ClockConfig)
    HAL_RCC_GetHCLKFreq                      0x080017e1   Thumb Code     6  stm32f4xx_hal_rcc.o(i.HAL_RCC_GetHCLKFreq)
    HAL_RCC_GetPCLK1Freq                     0x080017ed   Thumb Code    22  stm32f4xx_hal_rcc.o(i.HAL_RCC_GetPCLK1Freq)
    HAL_RCC_GetPCLK2Freq                     0x0800180d   Thumb Code    22  stm32f4xx_hal_rcc.o(i.HAL_RCC_GetPCLK2Freq)
    HAL_RCC_GetSysClockFreq                  0x0800182d   Thumb Code   162  stm32f4xx_hal_rcc.o(i.HAL_RCC_GetSysClockFreq)
    HAL_RCC_OscConfig                        0x080018dd   Thumb Code  1172  stm32f4xx_hal_rcc.o(i.HAL_RCC_OscConfig)
    HAL_SD_ConfigWideBusOperation            0x08001d79   Thumb Code   196  stm32f4xx_hal_sd.o(i.HAL_SD_ConfigWideBusOperation)
    HAL_SD_GetCardCSD                        0x08001e41   Thumb Code   450  stm32f4xx_hal_sd.o(i.HAL_SD_GetCardCSD)
    HAL_SD_GetCardInfo                       0x08002009   Thumb Code    38  stm32f4xx_hal_sd.o(i.HAL_SD_GetCardInfo)
    HAL_SD_GetCardState                      0x0800202f   Thumb Code    36  stm32f4xx_hal_sd.o(i.HAL_SD_GetCardState)
    HAL_SD_Init                              0x08002053   Thumb Code    60  stm32f4xx_hal_sd.o(i.HAL_SD_Init)
    HAL_SD_InitCard                          0x08002091   Thumb Code   162  stm32f4xx_hal_sd.o(i.HAL_SD_InitCard)
    HAL_SD_MspInit                           0x0800213d   Thumb Code   348  sdio_sdcard.o(i.HAL_SD_MspInit)
    HAL_SD_ReadBlocks                        0x080022a5   Thumb Code   660  stm32f4xx_hal_sd.o(i.HAL_SD_ReadBlocks)
    HAL_SD_WriteBlocks                       0x0800253d   Thumb Code   556  stm32f4xx_hal_sd.o(i.HAL_SD_WriteBlocks)
    HAL_SRAM_Init                            0x0800276d   Thumb Code    88  stm32f4xx_hal_sram.o(i.HAL_SRAM_Init)
    HAL_SRAM_MspInit                         0x080027c5   Thumb Code   152  lcd.o(i.HAL_SRAM_MspInit)
    HAL_SYSTICK_Config                       0x08002869   Thumb Code    52  stm32f4xx_hal_cortex.o(i.HAL_SYSTICK_Config)
    HAL_TIM_Base_Init                        0x0800289d   Thumb Code   102  stm32f4xx_hal_tim.o(i.HAL_TIM_Base_Init)
    HAL_TIM_Base_MspInit                     0x08002903   Thumb Code     2  stm32f4xx_hal_tim.o(i.HAL_TIM_Base_MspInit)
    HAL_TIM_Base_Start_IT                    0x08002905   Thumb Code   138  stm32f4xx_hal_tim.o(i.HAL_TIM_Base_Start_IT)
    HAL_UARTEx_RxEventCallback               0x080029ad   Thumb Code     2  stm32f4xx_hal_uart.o(i.HAL_UARTEx_RxEventCallback)
    HAL_UART_ErrorCallback                   0x080029af   Thumb Code     2  stm32f4xx_hal_uart.o(i.HAL_UART_ErrorCallback)
    HAL_UART_IRQHandler                      0x080029b1   Thumb Code   586  stm32f4xx_hal_uart.o(i.HAL_UART_IRQHandler)
    HAL_UART_Init                            0x08002c01   Thumb Code   114  stm32f4xx_hal_uart.o(i.HAL_UART_Init)
    HAL_UART_MspInit                         0x08002c75   Thumb Code   190  usart.o(i.HAL_UART_MspInit)
    HAL_UART_Receive_IT                      0x08002d41   Thumb Code    66  stm32f4xx_hal_uart.o(i.HAL_UART_Receive_IT)
    HAL_UART_RxCpltCallback                  0x08002d85   Thumb Code   134  usart.o(i.HAL_UART_RxCpltCallback)
    HAL_UART_TxCpltCallback                  0x08002e21   Thumb Code     2  stm32f4xx_hal_uart.o(i.HAL_UART_TxCpltCallback)
    HardFault_Handler                        0x08002e23   Thumb Code     4  stm32f4xx_it.o(i.HardFault_Handler)
    KEY_GetKeyDown                           0x080030b9   Thumb Code    12  key.o(i.KEY_GetKeyDown)
    KEY_Tick                                 0x080030c9   Thumb Code   150  key.o(i.KEY_Tick)
    MemManage_Handler                        0x0800317d   Thumb Code     4  stm32f4xx_it.o(i.MemManage_Handler)
    NMI_Handler                              0x08003181   Thumb Code     2  stm32f4xx_it.o(i.NMI_Handler)
    PendSV_Handler                           0x08003183   Thumb Code     2  stm32f4xx_it.o(i.PendSV_Handler)
    SDIO_ConfigData                          0x08003185   Thumb Code    44  stm32f4xx_ll_sdmmc.o(i.SDIO_ConfigData)
    SDIO_GetCommandResponse                  0x080031b1   Thumb Code     8  stm32f4xx_ll_sdmmc.o(i.SDIO_GetCommandResponse)
    SDIO_GetPowerState                       0x080031b9   Thumb Code    10  stm32f4xx_ll_sdmmc.o(i.SDIO_GetPowerState)
    SDIO_GetResponse                         0x080031c3   Thumb Code    12  stm32f4xx_ll_sdmmc.o(i.SDIO_GetResponse)
    SDIO_Init                                0x080031cf   Thumb Code    52  stm32f4xx_ll_sdmmc.o(i.SDIO_Init)
    SDIO_PowerState_ON                       0x08003203   Thumb Code    18  stm32f4xx_ll_sdmmc.o(i.SDIO_PowerState_ON)
    SDIO_ReadFIFO                            0x08003215   Thumb Code     8  stm32f4xx_ll_sdmmc.o(i.SDIO_ReadFIFO)
    SDIO_SendCommand                         0x0800321d   Thumb Code    40  stm32f4xx_ll_sdmmc.o(i.SDIO_SendCommand)
    SDIO_WriteFIFO                           0x08003245   Thumb Code    12  stm32f4xx_ll_sdmmc.o(i.SDIO_WriteFIFO)
    SDMMC_CmdAppCommand                      0x08003251   Thumb Code    56  stm32f4xx_ll_sdmmc.o(i.SDMMC_CmdAppCommand)
    SDMMC_CmdAppOperCommand                  0x08003289   Thumb Code    54  stm32f4xx_ll_sdmmc.o(i.SDMMC_CmdAppOperCommand)
    SDMMC_CmdBlockLength                     0x080032c5   Thumb Code    56  stm32f4xx_ll_sdmmc.o(i.SDMMC_CmdBlockLength)
    SDMMC_CmdBusWidth                        0x080032fd   Thumb Code    56  stm32f4xx_ll_sdmmc.o(i.SDMMC_CmdBusWidth)
    SDMMC_CmdGoIdleState                     0x08003335   Thumb Code    44  stm32f4xx_ll_sdmmc.o(i.SDMMC_CmdGoIdleState)
    SDMMC_CmdOperCond                        0x08003361   Thumb Code    52  stm32f4xx_ll_sdmmc.o(i.SDMMC_CmdOperCond)
    SDMMC_CmdReadMultiBlock                  0x08003395   Thumb Code    56  stm32f4xx_ll_sdmmc.o(i.SDMMC_CmdReadMultiBlock)
    SDMMC_CmdReadSingleBlock                 0x080033cd   Thumb Code    56  stm32f4xx_ll_sdmmc.o(i.SDMMC_CmdReadSingleBlock)
    SDMMC_CmdSelDesel                        0x08003405   Thumb Code    58  stm32f4xx_ll_sdmmc.o(i.SDMMC_CmdSelDesel)
    SDMMC_CmdSendCID                         0x0800343f   Thumb Code    50  stm32f4xx_ll_sdmmc.o(i.SDMMC_CmdSendCID)
    SDMMC_CmdSendCSD                         0x08003471   Thumb Code    50  stm32f4xx_ll_sdmmc.o(i.SDMMC_CmdSendCSD)
    SDMMC_CmdSendSCR                         0x080034a3   Thumb Code    56  stm32f4xx_ll_sdmmc.o(i.SDMMC_CmdSendSCR)
    SDMMC_CmdSendStatus                      0x080034db   Thumb Code    56  stm32f4xx_ll_sdmmc.o(i.SDMMC_CmdSendStatus)
    SDMMC_CmdSetRelAdd                       0x08003513   Thumb Code    56  stm32f4xx_ll_sdmmc.o(i.SDMMC_CmdSetRelAdd)
    SDMMC_CmdStopTransfer                    0x0800354d   Thumb Code    54  stm32f4xx_ll_sdmmc.o(i.SDMMC_CmdStopTransfer)
    SDMMC_CmdWriteMultiBlock                 0x08003589   Thumb Code    56  stm32f4xx_ll_sdmmc.o(i.SDMMC_CmdWriteMultiBlock)
    SDMMC_CmdWriteSingleBlock                0x080035c1   Thumb Code    56  stm32f4xx_ll_sdmmc.o(i.SDMMC_CmdWriteSingleBlock)
    SVC_Handler                              0x08003dd5   Thumb Code     2  stm32f4xx_it.o(i.SVC_Handler)
    SysTick_Handler                          0x08003dd7   Thumb Code     8  stm32f4xx_it.o(i.SysTick_Handler)
    SystemInit                               0x08003de1   Thumb Code    14  system_stm32f4xx.o(i.SystemInit)
    TIM4_IRQHandler                          0x08003df5   Thumb Code    58  usmart_port.o(i.TIM4_IRQHandler)
    TIM_Base_SetConfig                       0x08003e39   Thumb Code   170  stm32f4xx_hal_tim.o(i.TIM_Base_SetConfig)
    UART_Start_Receive_IT                    0x08004265   Thumb Code    70  stm32f4xx_hal_uart.o(i.UART_Start_Receive_IT)
    USART1_IRQHandler                        0x0800430d   Thumb Code    10  usart.o(i.USART1_IRQHandler)
    UsageFault_Handler                       0x0800431d   Thumb Code     4  stm32f4xx_it.o(i.UsageFault_Handler)
    __0printf$8                              0x08004321   Thumb Code    22  printf8.o(i.__0printf$8)
    __1printf$8                              0x08004321   Thumb Code     0  printf8.o(i.__0printf$8)
    __2printf                                0x08004321   Thumb Code     0  printf8.o(i.__0printf$8)
    __scatterload_copy                       0x08004379   Thumb Code    14  handlers.o(i.__scatterload_copy)
    __scatterload_null                       0x08004387   Thumb Code     2  handlers.o(i.__scatterload_null)
    __scatterload_zeroinit                   0x08004389   Thumb Code    14  handlers.o(i.__scatterload_zeroinit)
    audio_get_tnum                           0x080047fb   Thumb Code    66  audioplay.o(i.audio_get_tnum)
    audio_index_show                         0x0800483d   Thumb Code    74  audioplay.o(i.audio_index_show)
    audio_msg_show                           0x08004889   Thumb Code   276  audioplay.o(i.audio_msg_show)
    audio_play                               0x080049a9   Thumb Code   454  audioplay.o(i.audio_play)
    audio_play_song                          0x08004be5   Thumb Code    38  audioplay.o(i.audio_play_song)
    audio_start                              0x08004c1d   Thumb Code    14  audioplay.o(i.audio_start)
    audio_stop                               0x08004c31   Thumb Code    14  audioplay.o(i.audio_stop)
    delay_init                               0x0800541d   Thumb Code     6  delay.o(i.delay_init)
    delay_ms                                 0x08005429   Thumb Code    18  delay.o(i.delay_ms)
    delay_us                                 0x0800543d   Thumb Code    68  delay.o(i.delay_us)
    dir_sdi                                  0x08005b13   Thumb Code   170  ff.o(i.dir_sdi)
    disk_initialize                          0x08005bbd   Thumb Code    32  diskio.o(i.disk_initialize)
    disk_ioctl                               0x08005bdd   Thumb Code    66  diskio.o(i.disk_ioctl)
    disk_read                                0x08005c25   Thumb Code    86  diskio.o(i.disk_read)
    disk_status                              0x08005c7b   Thumb Code    12  diskio.o(i.disk_status)
    disk_write                               0x08005c87   Thumb Code    86  diskio.o(i.disk_write)
    es8388_adda_cfg                          0x08005cdd   Thumb Code    64  es8388.o(i.es8388_adda_cfg)
    es8388_hpvol_set                         0x08005d1d   Thumb Code    28  es8388.o(i.es8388_hpvol_set)
    es8388_i2s_cfg                           0x08005d39   Thumb Code    28  es8388.o(i.es8388_i2s_cfg)
    es8388_init                              0x08005d55   Thumb Code   198  es8388.o(i.es8388_init)
    es8388_output_cfg                        0x08005e1b   Thumb Code    38  es8388.o(i.es8388_output_cfg)
    es8388_spkvol_set                        0x08005e41   Thumb Code    28  es8388.o(i.es8388_spkvol_set)
    es8388_write_reg                         0x08005e5d   Thumb Code    66  es8388.o(i.es8388_write_reg)
    f_close                                  0x08005e9f   Thumb Code    38  ff.o(i.f_close)
    f_lseek                                  0x08005ec5   Thumb Code  1134  ff.o(i.f_lseek)
    f_mount                                  0x08006335   Thumb Code    80  ff.o(i.f_mount)
    f_open                                   0x08006389   Thumb Code   874  ff.o(i.f_open)
    f_opendir                                0x080066f3   Thumb Code   186  ff.o(i.f_opendir)
    f_read                                   0x080067ad   Thumb Code   552  ff.o(i.f_read)
    f_readdir                                0x080069d5   Thumb Code   104  ff.o(i.f_readdir)
    f_sync                                   0x08006a3d   Thumb Code   440  ff.o(i.f_sync)
    ff_oem2uni                               0x08006bf5   Thumb Code   100  ffunicode.o(i.ff_oem2uni)
    ff_uni2oem                               0x08006c5d   Thumb Code   112  ffunicode.o(i.ff_uni2oem)
    ff_wtoupper                              0x08006cd1   Thumb Code   166  ffunicode.o(i.ff_wtoupper)
    fputc                                    0x08006fdd   Thumb Code    22  usart.o(i.fputc)
    get_fattime                              0x08007261   Thumb Code     4  main.o(i.get_fattime)
    get_sd_card_state                        0x0800752d   Thumb Code    20  sdio_sdcard.o(i.get_sd_card_state)
    i2s_init                                 0x08007545   Thumb Code    82  i2s.o(i.i2s_init)
    i2s_play_start                           0x080075a1   Thumb Code    18  i2s.o(i.i2s_play_start)
    i2s_play_stop                            0x080075b9   Thumb Code    18  i2s.o(i.i2s_play_stop)
    i2s_samplerate_set                       0x080075d1   Thumb Code   154  i2s.o(i.i2s_samplerate_set)
    i2s_tx_dma_init                          0x08007679   Thumb Code   260  i2s.o(i.i2s_tx_dma_init)
    iic_init                                 0x080077a1   Thumb Code   122  myiic.o(i.iic_init)
    iic_send_byte                            0x08007825   Thumb Code   106  myiic.o(i.iic_send_byte)
    iic_start                                0x08007895   Thumb Code    76  myiic.o(i.iic_start)
    iic_stop                                 0x080078e5   Thumb Code    60  myiic.o(i.iic_stop)
    iic_wait_ack                             0x08007925   Thumb Code   100  myiic.o(i.iic_wait_ack)
    key_init                                 0x080079c1   Thumb Code   228  key.o(i.key_init)
    lcd_clear                                0x08007ac5   Thumb Code    42  lcd.o(i.lcd_clear)
    lcd_display_dir                          0x08007af9   Thumb Code   360  lcd.o(i.lcd_display_dir)
    lcd_draw_circle                          0x08007c65   Thumb Code   170  lcd.o(i.lcd_draw_circle)
    lcd_draw_line                            0x08007d0f   Thumb Code   172  lcd.o(i.lcd_draw_line)
    lcd_draw_point                           0x08007dbd   Thumb Code    26  lcd.o(i.lcd_draw_point)
    lcd_draw_rectangle                       0x08007ddd   Thumb Code    74  lcd.o(i.lcd_draw_rectangle)
    lcd_ex_ili9341_reginit                   0x08007e27   Thumb Code   556  lcd.o(i.lcd_ex_ili9341_reginit)
    lcd_ex_ili9806_reginit                   0x08008053   Thumb Code   832  lcd.o(i.lcd_ex_ili9806_reginit)
    lcd_ex_nt35310_reginit                   0x08008393   Thumb Code  3826  lcd.o(i.lcd_ex_nt35310_reginit)
    lcd_ex_nt35510_reginit                   0x08009285   Thumb Code  3836  lcd.o(i.lcd_ex_nt35510_reginit)
    lcd_ex_ssd1963_reginit                   0x0800a181   Thumb Code   366  lcd.o(i.lcd_ex_ssd1963_reginit)
    lcd_ex_st7789_reginit                    0x0800a2ef   Thumb Code   424  lcd.o(i.lcd_ex_st7789_reginit)
    lcd_ex_st7796_reginit                    0x0800a497   Thumb Code   454  lcd.o(i.lcd_ex_st7796_reginit)
    lcd_fill                                 0x0800a65d   Thumb Code    80  lcd.o(i.lcd_fill)
    lcd_init                                 0x0800a6b1   Thumb Code  1308  lcd.o(i.lcd_init)
    lcd_read_point                           0x0800ac15   Thumb Code   148  lcd.o(i.lcd_read_point)
    lcd_scan_dir                             0x0800acad   Thumb Code   568  lcd.o(i.lcd_scan_dir)
    lcd_set_cursor                           0x0800aee9   Thumb Code   282  lcd.o(i.lcd_set_cursor)
    lcd_show_char                            0x0800b009   Thumb Code   294  lcd.o(i.lcd_show_char)
    lcd_show_num                             0x0800b149   Thumb Code   152  lcd.o(i.lcd_show_num)
    lcd_show_string                          0x0800b1e1   Thumb Code   106  lcd.o(i.lcd_show_string)
    lcd_show_xnum                            0x0800b24b   Thumb Code   198  lcd.o(i.lcd_show_xnum)
    lcd_ssd_backlight_set                    0x0800b311   Thumb Code    88  lcd.o(i.lcd_ssd_backlight_set)
    lcd_wr_data                              0x0800b371   Thumb Code    18  lcd.o(i.lcd_wr_data)
    lcd_wr_regno                             0x0800b389   Thumb Code    18  lcd.o(i.lcd_wr_regno)
    lcd_write_ram_prepare                    0x0800b3a1   Thumb Code    10  lcd.o(i.lcd_write_ram_prepare)
    lcd_write_reg                            0x0800b3b5   Thumb Code    14  lcd.o(i.lcd_write_reg)
    led_init                                 0x0800b475   Thumb Code   142  led.o(i.led_init)
    led_set                                  0x0800b50d   Thumb Code    36  main.o(i.led_set)
    main                                     0x0800b685   Thumb Code   366  main.o(i.main)
    read_addr                                0x0800bfc3   Thumb Code     6  usmart.o(i.read_addr)
    sd_init                                  0x0800c115   Thumb Code    70  sdio_sdcard.o(i.sd_init)
    sd_read_disk                             0x0800c169   Thumb Code    72  sdio_sdcard.o(i.sd_read_disk)
    sd_write_disk                            0x0800c1b9   Thumb Code    72  sdio_sdcard.o(i.sd_write_disk)
    sys_stm32_clock_init                     0x0800c419   Thumb Code   208  sys.o(i.sys_stm32_clock_init)
    test_fun                                 0x0800c541   Thumb Code    12  main.o(i.test_fun)
    text_show_font                           0x0800c6c1   Thumb Code   192  text.o(i.text_show_font)
    text_show_string                         0x0800c785   Thumb Code   198  text.o(i.text_show_string)
    usart_init                               0x0800c84d   Thumb Code    44  usart.o(i.usart_init)
    usmart_cmd_rec                           0x0800c885   Thumb Code   170  usmart.o(i.usmart_cmd_rec)
    usmart_exe                               0x0800c935   Thumb Code   632  usmart.o(i.usmart_exe)
    usmart_get_aparm                         0x0800cc09   Thumb Code   212  usmart_str.o(i.usmart_get_aparm)
    usmart_get_cmdname                       0x0800ccdd   Thumb Code    54  usmart_str.o(i.usmart_get_cmdname)
    usmart_get_fname                         0x0800cd15   Thumb Code   440  usmart_str.o(i.usmart_get_fname)
    usmart_get_fparam                        0x0800ced5   Thumb Code   262  usmart_str.o(i.usmart_get_fparam)
    usmart_get_input_string                  0x0800cfe1   Thumb Code    30  usmart_port.o(i.usmart_get_input_string)
    usmart_get_parmpos                       0x0800d009   Thumb Code    26  usmart_str.o(i.usmart_get_parmpos)
    usmart_init                              0x0800d029   Thumb Code    36  usmart.o(i.usmart_init)
    usmart_pow                               0x0800d051   Thumb Code    22  usmart_str.o(i.usmart_pow)
    usmart_scan                              0x0800d069   Thumb Code   106  usmart.o(i.usmart_scan)
    usmart_search_nextc                      0x0800d111   Thumb Code    22  usmart_str.o(i.usmart_search_nextc)
    usmart_str2num                           0x0800d127   Thumb Code   262  usmart_str.o(i.usmart_str2num)
    usmart_strcmp                            0x0800d22d   Thumb Code    34  usmart_str.o(i.usmart_strcmp)
    usmart_strcopy                           0x0800d24f   Thumb Code    22  usmart_str.o(i.usmart_strcopy)
    usmart_strlen                            0x0800d265   Thumb Code    24  usmart_str.o(i.usmart_strlen)
    usmart_sys_cmd_exe                       0x0800d27d   Thumb Code  1570  usmart.o(i.usmart_sys_cmd_exe)
    usmart_timx_get_time                     0x0800d971   Thumb Code    58  usmart_port.o(i.usmart_timx_get_time)
    usmart_timx_init                         0x0800d9b5   Thumb Code    88  usmart_port.o(i.usmart_timx_init)
    usmart_timx_reset_time                   0x0800da19   Thumb Code    44  usmart_port.o(i.usmart_timx_reset_time)
    wav_buffill                              0x0800da89   Thumb Code   156  wavplay.o(i.wav_buffill)
    wav_decode_init                          0x0800db29   Thumb Code   282  wavplay.o(i.wav_decode_init)
    wav_get_curtime                          0x0800dd0d   Thumb Code    76  wavplay.o(i.wav_get_curtime)
    wav_i2s_dma_tx_callback                  0x0800dd59   Thumb Code    96  wavplay.o(i.wav_i2s_dma_tx_callback)
    wav_play_song                            0x0800ddc9   Thumb Code   466  wavplay.o(i.wav_play_song)
    write_addr                               0x0800dfcd   Thumb Code     4  usmart.o(i.write_addr)
    AHBPrescTable                            0x0800e056   Data          16  system_stm32f4xx.o(.constdata)
    APBPrescTable                            0x0800e066   Data           8  system_stm32f4xx.o(.constdata)
    asc2_1206                                0x0800e076   Data        1140  lcd.o(.constdata)
    asc2_1608                                0x0800e4ea   Data        1520  lcd.o(.constdata)
    asc2_2412                                0x0800eada   Data        3420  lcd.o(.constdata)
    asc2_3216                                0x0800f836   Data        6080  lcd.o(.constdata)
    I2S_PSC_TBL                              0x08010ff6   Data         110  i2s.o(.constdata)
    Region$$Table$$Base                      0x0803c0cc   Number         0  anon$$obj.o(Region$$Table)
    Region$$Table$$Limit                     0x0803c0ec   Number         0  anon$$obj.o(Region$$Table)
    SystemCoreClock                          0x20000000   Data           4  system_stm32f4xx.o(.data)
    g_print_mode                             0x20000008   Data           1  usart.o(.data)
    __stdout                                 0x2000000c   Data           4  usart.o(.data)
    g_usart_rx_sta                           0x20000010   Data           2  usart.o(.data)
    g_rx_buffer                              0x20000012   Data           1  usart.o(.data)
    uwTick                                   0x20000014   Data           4  stm32f4xx_hal.o(.data)
    uwTickPrio                               0x20000018   Data           4  stm32f4xx_hal.o(.data)
    uwTickFreq                               0x2000001c   Data           1  stm32f4xx_hal.o(.data)
    g_point_color                            0x20000024   Data           4  lcd.o(.data)
    g_back_color                             0x20000028   Data           4  lcd.o(.data)
    i2s_tx_callback                          0x2000002c   Data           4  i2s.o(.data)
    usmart_nametab                           0x20000030   Data         136  usmart_config.o(.data)
    usmart_dev                               0x200000b8   Data         244  usmart_config.o(.data)
    sys_cmd_tab                              0x200001ac   Data          28  usmart.o(.data)
    g_debug_key                              0x200001d5   Data           1  wavplay.o(.data)
    wavtransferend                           0x200001d6   Data           1  wavplay.o(.data)
    wavwitchbuf                              0x200001d7   Data           1  wavplay.o(.data)
    fs                                       0x200001e0   Data         572  main.o(.bss)
    file                                     0x20000420   Data         600  main.o(.bss)
    read_buf                                 0x20000678   Data         100  main.o(.bss)
    g_usart_rx_buf                           0x200006dc   Data         200  usart.o(.bss)
    g_uart1_handle                           0x200007a4   Data          68  usart.o(.bss)
    g_sram_handle                            0x200007e8   Data          80  lcd.o(.bss)
    lcddev                                   0x20000838   Data          14  lcd.o(.bss)
    g_sdcard_handler                         0x20000848   Data         132  sdio_sdcard.o(.bss)
    g_sd_card_info_handle                    0x200008cc   Data          32  sdio_sdcard.o(.bss)
    g_i2s_handle                             0x200008ec   Data          72  i2s.o(.bss)
    g_i2s_txdma_handle                       0x20000934   Data          96  i2s.o(.bss)
    g_timx_usmart_handle                     0x20000994   Data          72  usmart_port.o(.bss)
    wavctrl                                  0x20006e90   Data          32  wavplay.o(.bss)
    g_audiodev                               0x200073cf   Data          17  audioplay.o(.bss)
    __initial_sp                             0x200083e0   Data           0  startup_stm32f407xx.o(STACK)



==============================================================================

Memory Map of the image

  Image Entry point : 0x08000189

  Load Region LR_IROM1 (Base: 0x08000000, Size: 0x0003c2cc, Max: 0x00100000, ABSOLUTE, COMPRESSED[0x0003c1a8])

    Execution Region ER_IROM1 (Exec base: 0x08000000, Load base: 0x08000000, Size: 0x0003c0ec, Max: 0x00100000, ABSOLUTE)

    Exec Addr    Load Addr    Size         Type   Attr      Idx    E Section Name        Object

    0x08000000   0x08000000   0x00000188   Data   RO            3    RESET               startup_stm32f407xx.o
    0x08000188   0x08000188   0x00000000   Code   RO         6021  * .ARM.Collect$$$$00000000  mc_w.l(entry.o)
    0x08000188   0x08000188   0x00000004   Code   RO         6311    .ARM.Collect$$$$00000001  mc_w.l(entry2.o)
    0x0800018c   0x0800018c   0x00000004   Code   RO         6314    .ARM.Collect$$$$00000004  mc_w.l(entry5.o)
    0x08000190   0x08000190   0x00000000   Code   RO         6316    .ARM.Collect$$$$00000008  mc_w.l(entry7b.o)
    0x08000190   0x08000190   0x00000000   Code   RO         6318    .ARM.Collect$$$$0000000A  mc_w.l(entry8b.o)
    0x08000190   0x08000190   0x00000008   Code   RO         6319    .ARM.Collect$$$$0000000B  mc_w.l(entry9a.o)
    0x08000198   0x08000198   0x00000000   Code   RO         6321    .ARM.Collect$$$$0000000D  mc_w.l(entry10a.o)
    0x08000198   0x08000198   0x00000000   Code   RO         6323    .ARM.Collect$$$$0000000F  mc_w.l(entry11a.o)
    0x08000198   0x08000198   0x00000004   Code   RO         6312    .ARM.Collect$$$$00002712  mc_w.l(entry2.o)
    0x0800019c   0x0800019c   0x00000034   Code   RO            4    .text               startup_stm32f407xx.o
    0x080001d0   0x080001d0   0x00000062   Code   RO         6024    .text               mc_w.l(uldiv.o)
    0x08000232   0x08000232   0x00000062   Code   RO         6026    .text               mc_w.l(ldiv.o)
    0x08000294   0x08000294   0x00000024   Code   RO         6028    .text               mc_w.l(memcpya.o)
    0x080002b8   0x080002b8   0x00000024   Code   RO         6030    .text               mc_w.l(memseta.o)
    0x080002dc   0x080002dc   0x00000018   Code   RO         6032    .text               mc_w.l(strcat.o)
    0x080002f4   0x080002f4   0x00000014   Code   RO         6034    .text               mc_w.l(strchr.o)
    0x08000308   0x08000308   0x0000001a   Code   RO         6038    .text               mc_w.l(memcmp.o)
    0x08000322   0x08000322   0x00000012   Code   RO         6040    .text               mc_w.l(strcpy.o)
    0x08000334   0x08000334   0x000000e4   Code   RO         6305    .text               mf_w.l(dmul.o)
    0x08000418   0x08000418   0x0000001a   Code   RO         6307    .text               mf_w.l(dfltui.o)
    0x08000432   0x08000432   0x00000032   Code   RO         6309    .text               mf_w.l(dfixui.o)
    0x08000464   0x08000464   0x0000001e   Code   RO         6327    .text               mc_w.l(llshl.o)
    0x08000482   0x08000482   0x00000020   Code   RO         6329    .text               mc_w.l(llushr.o)
    0x080004a2   0x080004a2   0x00000000   Code   RO         6331    .text               mc_w.l(iusefp.o)
    0x080004a2   0x080004a2   0x000000ba   Code   RO         6332    .text               mf_w.l(depilogue.o)
    0x0800055c   0x0800055c   0x00000024   Code   RO         6342    .text               mc_w.l(init.o)
    0x08000580   0x08000580   0x00000056   Code   RO         6354    .text               mc_w.l(__dczerorl2.o)
    0x080005d6   0x080005d6   0x00000004   Code   RO          325    i.BusFault_Handler  stm32f4xx_it.o
    0x080005da   0x080005da   0x00000002   PAD
    0x080005dc   0x080005dc   0x000000b8   Code   RO         4817    i.DMA1_Stream4_IRQHandler  i2s.o
    0x08000694   0x08000694   0x00000034   Code   RO         1118    i.DMA_CalcBaseAndBitshift  stm32f4xx_hal_dma.o
    0x080006c8   0x080006c8   0x000000aa   Code   RO         1119    i.DMA_CheckFifoParam  stm32f4xx_hal_dma.o
    0x08000772   0x08000772   0x00000020   Code   RO         2253    i.DMA_MultiBufferSetConfig  stm32f4xx_hal_dma_ex.o
    0x08000792   0x08000792   0x00000002   Code   RO          326    i.DebugMon_Handler  stm32f4xx_it.o
    0x08000794   0x08000794   0x00000048   Code   RO         2302    i.FSMC_NORSRAM_Extended_Timing_Init  stm32f4xx_ll_fsmc.o
    0x080007dc   0x080007dc   0x0000005c   Code   RO         2303    i.FSMC_NORSRAM_Init  stm32f4xx_ll_fsmc.o
    0x08000838   0x08000838   0x00000044   Code   RO         2304    i.FSMC_NORSRAM_Timing_Init  stm32f4xx_ll_fsmc.o
    0x0800087c   0x0800087c   0x0000007c   Code   RO         2255    i.HAL_DMAEx_MultiBufferStart  stm32f4xx_hal_dma_ex.o
    0x080008f8   0x080008f8   0x000000aa   Code   RO         1121    i.HAL_DMA_Abort     stm32f4xx_hal_dma.o
    0x080009a2   0x080009a2   0x00000028   Code   RO         1122    i.HAL_DMA_Abort_IT  stm32f4xx_hal_dma.o
    0x080009ca   0x080009ca   0x00000070   Code   RO         1123    i.HAL_DMA_DeInit    stm32f4xx_hal_dma.o
    0x08000a3a   0x08000a3a   0x00000002   PAD
    0x08000a3c   0x08000a3c   0x000000ec   Code   RO         1127    i.HAL_DMA_Init      stm32f4xx_hal_dma.o
    0x08000b28   0x08000b28   0x0000000c   Code   RO          591    i.HAL_Delay         delay.o
    0x08000b34   0x08000b34   0x00000204   Code   RO         1227    i.HAL_GPIO_Init     stm32f4xx_hal_gpio.o
    0x08000d38   0x08000d38   0x00000010   Code   RO         1229    i.HAL_GPIO_ReadPin  stm32f4xx_hal_gpio.o
    0x08000d48   0x08000d48   0x00000014   Code   RO         1230    i.HAL_GPIO_TogglePin  stm32f4xx_hal_gpio.o
    0x08000d5c   0x08000d5c   0x0000000c   Code   RO         1231    i.HAL_GPIO_WritePin  stm32f4xx_hal_gpio.o
    0x08000d68   0x08000d68   0x0000000c   Code   RO          804    i.HAL_GetREVID      stm32f4xx_hal.o
    0x08000d74   0x08000d74   0x0000000c   Code   RO          805    i.HAL_GetTick       stm32f4xx_hal.o
    0x08000d80   0x08000d80   0x00000244   Code   RO         4250    i.HAL_I2SEx_FullDuplex_IRQHandler  stm32f4xx_hal_i2s_ex.o
    0x08000fc4   0x08000fc4   0x00000002   Code   RO         4254    i.HAL_I2SEx_TxRxCpltCallback  stm32f4xx_hal_i2s_ex.o
    0x08000fc6   0x08000fc6   0x00000002   Code   RO         4065    i.HAL_I2S_ErrorCallback  stm32f4xx_hal_i2s.o
    0x08000fc8   0x08000fc8   0x000001c8   Code   RO         4069    i.HAL_I2S_Init      stm32f4xx_hal_i2s.o
    0x08001190   0x08001190   0x0000013c   Code   RO         4818    i.HAL_I2S_MspInit   i2s.o
    0x080012cc   0x080012cc   0x00000002   Code   RO         4075    i.HAL_I2S_RxCpltCallback  stm32f4xx_hal_i2s.o
    0x080012ce   0x080012ce   0x00000002   Code   RO         4080    i.HAL_I2S_TxCpltCallback  stm32f4xx_hal_i2s.o
    0x080012d0   0x080012d0   0x00000018   Code   RO          811    i.HAL_IncTick       stm32f4xx_hal.o
    0x080012e8   0x080012e8   0x00000030   Code   RO          812    i.HAL_Init          stm32f4xx_hal.o
    0x08001318   0x08001318   0x0000004c   Code   RO          813    i.HAL_InitTick      stm32f4xx_hal.o
    0x08001364   0x08001364   0x00000002   Code   RO          815    i.HAL_MspInit       stm32f4xx_hal.o
    0x08001366   0x08001366   0x00000020   Code   RO          983    i.HAL_NVIC_EnableIRQ  stm32f4xx_hal_cortex.o
    0x08001386   0x08001386   0x0000007c   Code   RO          989    i.HAL_NVIC_SetPriority  stm32f4xx_hal_cortex.o
    0x08001402   0x08001402   0x00000002   PAD
    0x08001404   0x08001404   0x00000028   Code   RO          990    i.HAL_NVIC_SetPriorityGrouping  stm32f4xx_hal_cortex.o
    0x0800142c   0x0800142c   0x00000090   Code   RO         1395    i.HAL_RCCEx_GetPeriphCLKFreq  stm32f4xx_hal_rcc_ex.o
    0x080014bc   0x080014bc   0x000001a0   Code   RO         1396    i.HAL_RCCEx_PeriphCLKConfig  stm32f4xx_hal_rcc_ex.o
    0x0800165c   0x0800165c   0x00000184   Code   RO         1291    i.HAL_RCC_ClockConfig  stm32f4xx_hal_rcc.o
    0x080017e0   0x080017e0   0x0000000c   Code   RO         1296    i.HAL_RCC_GetHCLKFreq  stm32f4xx_hal_rcc.o
    0x080017ec   0x080017ec   0x00000020   Code   RO         1298    i.HAL_RCC_GetPCLK1Freq  stm32f4xx_hal_rcc.o
    0x0800180c   0x0800180c   0x00000020   Code   RO         1299    i.HAL_RCC_GetPCLK2Freq  stm32f4xx_hal_rcc.o
    0x0800182c   0x0800182c   0x000000b0   Code   RO         1300    i.HAL_RCC_GetSysClockFreq  stm32f4xx_hal_rcc.o
    0x080018dc   0x080018dc   0x0000049c   Code   RO         1303    i.HAL_RCC_OscConfig  stm32f4xx_hal_rcc.o
    0x08001d78   0x08001d78   0x000000c8   Code   RO         3407    i.HAL_SD_ConfigWideBusOperation  stm32f4xx_hal_sd.o
    0x08001e40   0x08001e40   0x000001c8   Code   RO         3412    i.HAL_SD_GetCardCSD  stm32f4xx_hal_sd.o
    0x08002008   0x08002008   0x00000026   Code   RO         3413    i.HAL_SD_GetCardInfo  stm32f4xx_hal_sd.o
    0x0800202e   0x0800202e   0x00000024   Code   RO         3414    i.HAL_SD_GetCardState  stm32f4xx_hal_sd.o
    0x08002052   0x08002052   0x0000003c   Code   RO         3419    i.HAL_SD_Init       stm32f4xx_hal_sd.o
    0x0800208e   0x0800208e   0x00000002   PAD
    0x08002090   0x08002090   0x000000ac   Code   RO         3420    i.HAL_SD_InitCard   stm32f4xx_hal_sd.o
    0x0800213c   0x0800213c   0x00000168   Code   RO         4747    i.HAL_SD_MspInit    sdio_sdcard.o
    0x080022a4   0x080022a4   0x00000298   Code   RO         3423    i.HAL_SD_ReadBlocks  stm32f4xx_hal_sd.o
    0x0800253c   0x0800253c   0x00000230   Code   RO         3428    i.HAL_SD_WriteBlocks  stm32f4xx_hal_sd.o
    0x0800276c   0x0800276c   0x00000058   Code   RO         3945    i.HAL_SRAM_Init     stm32f4xx_hal_sram.o
    0x080027c4   0x080027c4   0x000000a4   Code   RO         4486    i.HAL_SRAM_MspInit  lcd.o
    0x08002868   0x08002868   0x00000034   Code   RO          994    i.HAL_SYSTICK_Config  stm32f4xx_hal_cortex.o
    0x0800289c   0x0800289c   0x00000066   Code   RO         2422    i.HAL_TIM_Base_Init  stm32f4xx_hal_tim.o
    0x08002902   0x08002902   0x00000002   Code   RO         2424    i.HAL_TIM_Base_MspInit  stm32f4xx_hal_tim.o
    0x08002904   0x08002904   0x000000a8   Code   RO         2427    i.HAL_TIM_Base_Start_IT  stm32f4xx_hal_tim.o
    0x080029ac   0x080029ac   0x00000002   Code   RO         1897    i.HAL_UARTEx_RxEventCallback  stm32f4xx_hal_uart.o
    0x080029ae   0x080029ae   0x00000002   Code   RO         1911    i.HAL_UART_ErrorCallback  stm32f4xx_hal_uart.o
    0x080029b0   0x080029b0   0x00000250   Code   RO         1914    i.HAL_UART_IRQHandler  stm32f4xx_hal_uart.o
    0x08002c00   0x08002c00   0x00000072   Code   RO         1915    i.HAL_UART_Init     stm32f4xx_hal_uart.o
    0x08002c72   0x08002c72   0x00000002   PAD
    0x08002c74   0x08002c74   0x000000cc   Code   RO          708    i.HAL_UART_MspInit  usart.o
    0x08002d40   0x08002d40   0x00000042   Code   RO         1920    i.HAL_UART_Receive_IT  stm32f4xx_hal_uart.o
    0x08002d82   0x08002d82   0x00000002   PAD
    0x08002d84   0x08002d84   0x0000009c   Code   RO          709    i.HAL_UART_RxCpltCallback  usart.o
    0x08002e20   0x08002e20   0x00000002   Code   RO         1926    i.HAL_UART_TxCpltCallback  stm32f4xx_hal_uart.o
    0x08002e22   0x08002e22   0x00000004   Code   RO          327    i.HardFault_Handler  stm32f4xx_it.o
    0x08002e26   0x08002e26   0x0000003a   Code   RO         4257    i.I2SEx_RxISR_I2S   stm32f4xx_hal_i2s_ex.o
    0x08002e60   0x08002e60   0x0000006c   Code   RO         4258    i.I2SEx_RxISR_I2SExt  stm32f4xx_hal_i2s_ex.o
    0x08002ecc   0x08002ecc   0x00000038   Code   RO         4259    i.I2SEx_TxISR_I2S   stm32f4xx_hal_i2s_ex.o
    0x08002f04   0x08002f04   0x0000006c   Code   RO         4260    i.I2SEx_TxISR_I2SExt  stm32f4xx_hal_i2s_ex.o
    0x08002f70   0x08002f70   0x000000dc   Code   RO         4087    i.I2S_IRQHandler    stm32f4xx_hal_i2s.o
    0x0800304c   0x0800304c   0x00000036   Code   RO         4088    i.I2S_Receive_IT    stm32f4xx_hal_i2s.o
    0x08003082   0x08003082   0x00000036   Code   RO         4089    i.I2S_Transmit_IT   stm32f4xx_hal_i2s.o
    0x080030b8   0x080030b8   0x00000010   Code   RO         4371    i.KEY_GetKeyDown    key.o
    0x080030c8   0x080030c8   0x000000b4   Code   RO         4374    i.KEY_Tick          key.o
    0x0800317c   0x0800317c   0x00000004   Code   RO          328    i.MemManage_Handler  stm32f4xx_it.o
    0x08003180   0x08003180   0x00000002   Code   RO          329    i.NMI_Handler       stm32f4xx_it.o
    0x08003182   0x08003182   0x00000002   Code   RO          330    i.PendSV_Handler    stm32f4xx_it.o
    0x08003184   0x08003184   0x0000002c   Code   RO         3659    i.SDIO_ConfigData   stm32f4xx_ll_sdmmc.o
    0x080031b0   0x080031b0   0x00000008   Code   RO         3660    i.SDIO_GetCommandResponse  stm32f4xx_ll_sdmmc.o
    0x080031b8   0x080031b8   0x0000000a   Code   RO         3663    i.SDIO_GetPowerState  stm32f4xx_ll_sdmmc.o
    0x080031c2   0x080031c2   0x0000000c   Code   RO         3664    i.SDIO_GetResponse  stm32f4xx_ll_sdmmc.o
    0x080031ce   0x080031ce   0x00000034   Code   RO         3665    i.SDIO_Init         stm32f4xx_ll_sdmmc.o
    0x08003202   0x08003202   0x00000012   Code   RO         3667    i.SDIO_PowerState_ON  stm32f4xx_ll_sdmmc.o
    0x08003214   0x08003214   0x00000008   Code   RO         3668    i.SDIO_ReadFIFO     stm32f4xx_ll_sdmmc.o
    0x0800321c   0x0800321c   0x00000028   Code   RO         3669    i.SDIO_SendCommand  stm32f4xx_ll_sdmmc.o
    0x08003244   0x08003244   0x0000000c   Code   RO         3671    i.SDIO_WriteFIFO    stm32f4xx_ll_sdmmc.o
    0x08003250   0x08003250   0x00000038   Code   RO         3672    i.SDMMC_CmdAppCommand  stm32f4xx_ll_sdmmc.o
    0x08003288   0x08003288   0x0000003c   Code   RO         3673    i.SDMMC_CmdAppOperCommand  stm32f4xx_ll_sdmmc.o
    0x080032c4   0x080032c4   0x00000038   Code   RO         3674    i.SDMMC_CmdBlockLength  stm32f4xx_ll_sdmmc.o
    0x080032fc   0x080032fc   0x00000038   Code   RO         3675    i.SDMMC_CmdBusWidth  stm32f4xx_ll_sdmmc.o
    0x08003334   0x08003334   0x0000002c   Code   RO         3679    i.SDMMC_CmdGoIdleState  stm32f4xx_ll_sdmmc.o
    0x08003360   0x08003360   0x00000034   Code   RO         3681    i.SDMMC_CmdOperCond  stm32f4xx_ll_sdmmc.o
    0x08003394   0x08003394   0x00000038   Code   RO         3682    i.SDMMC_CmdReadMultiBlock  stm32f4xx_ll_sdmmc.o
    0x080033cc   0x080033cc   0x00000038   Code   RO         3683    i.SDMMC_CmdReadSingleBlock  stm32f4xx_ll_sdmmc.o
    0x08003404   0x08003404   0x0000003a   Code   RO         3686    i.SDMMC_CmdSelDesel  stm32f4xx_ll_sdmmc.o
    0x0800343e   0x0800343e   0x00000032   Code   RO         3687    i.SDMMC_CmdSendCID  stm32f4xx_ll_sdmmc.o
    0x08003470   0x08003470   0x00000032   Code   RO         3688    i.SDMMC_CmdSendCSD  stm32f4xx_ll_sdmmc.o
    0x080034a2   0x080034a2   0x00000038   Code   RO         3690    i.SDMMC_CmdSendSCR  stm32f4xx_ll_sdmmc.o
    0x080034da   0x080034da   0x00000038   Code   RO         3691    i.SDMMC_CmdSendStatus  stm32f4xx_ll_sdmmc.o
    0x08003512   0x08003512   0x00000038   Code   RO         3692    i.SDMMC_CmdSetRelAdd  stm32f4xx_ll_sdmmc.o
    0x0800354a   0x0800354a   0x00000002   PAD
    0x0800354c   0x0800354c   0x0000003c   Code   RO         3694    i.SDMMC_CmdStopTransfer  stm32f4xx_ll_sdmmc.o
    0x08003588   0x08003588   0x00000038   Code   RO         3696    i.SDMMC_CmdWriteMultiBlock  stm32f4xx_ll_sdmmc.o
    0x080035c0   0x080035c0   0x00000038   Code   RO         3697    i.SDMMC_CmdWriteSingleBlock  stm32f4xx_ll_sdmmc.o
    0x080035f8   0x080035f8   0x00000040   Code   RO         3698    i.SDMMC_GetCmdError  stm32f4xx_ll_sdmmc.o
    0x08003638   0x08003638   0x000001ac   Code   RO         3699    i.SDMMC_GetCmdResp1  stm32f4xx_ll_sdmmc.o
    0x080037e4   0x080037e4   0x00000064   Code   RO         3700    i.SDMMC_GetCmdResp2  stm32f4xx_ll_sdmmc.o
    0x08003848   0x08003848   0x00000058   Code   RO         3701    i.SDMMC_GetCmdResp3  stm32f4xx_ll_sdmmc.o
    0x080038a0   0x080038a0   0x000000b8   Code   RO         3702    i.SDMMC_GetCmdResp6  stm32f4xx_ll_sdmmc.o
    0x08003958   0x08003958   0x0000006c   Code   RO         3703    i.SDMMC_GetCmdResp7  stm32f4xx_ll_sdmmc.o
    0x080039c4   0x080039c4   0x00000142   Code   RO         3436    i.SD_FindSCR        stm32f4xx_hal_sd.o
    0x08003b06   0x08003b06   0x00000102   Code   RO         3437    i.SD_InitCard       stm32f4xx_hal_sd.o
    0x08003c08   0x08003c08   0x000000cc   Code   RO         3439    i.SD_PowerON        stm32f4xx_hal_sd.o
    0x08003cd4   0x08003cd4   0x00000030   Code   RO         3442    i.SD_SendStatus     stm32f4xx_hal_sd.o
    0x08003d04   0x08003d04   0x00000068   Code   RO         3443    i.SD_WideBus_Disable  stm32f4xx_hal_sd.o
    0x08003d6c   0x08003d6c   0x00000068   Code   RO         3444    i.SD_WideBus_Enable  stm32f4xx_hal_sd.o
    0x08003dd4   0x08003dd4   0x00000002   Code   RO          331    i.SVC_Handler       stm32f4xx_it.o
    0x08003dd6   0x08003dd6   0x00000008   Code   RO          332    i.SysTick_Handler   stm32f4xx_it.o
    0x08003dde   0x08003dde   0x00000002   PAD
    0x08003de0   0x08003de0   0x00000014   Code   RO          555    i.SystemInit        system_stm32f4xx.o
    0x08003df4   0x08003df4   0x00000044   Code   RO         5090    i.TIM4_IRQHandler   usmart_port.o
    0x08003e38   0x08003e38   0x000000d8   Code   RO         2515    i.TIM_Base_SetConfig  stm32f4xx_hal_tim.o
    0x08003f10   0x08003f10   0x00000014   Code   RO         1928    i.UART_DMAAbortOnError  stm32f4xx_hal_uart.o
    0x08003f24   0x08003f24   0x00000036   Code   RO         1938    i.UART_EndRxTransfer  stm32f4xx_hal_uart.o
    0x08003f5a   0x08003f5a   0x00000020   Code   RO         1939    i.UART_EndTransmit_IT  stm32f4xx_hal_uart.o
    0x08003f7a   0x08003f7a   0x000000be   Code   RO         1941    i.UART_Receive_IT   stm32f4xx_hal_uart.o
    0x08004038   0x08004038   0x0000022c   Code   RO         1942    i.UART_SetConfig    stm32f4xx_hal_uart.o
    0x08004264   0x08004264   0x00000046   Code   RO         1944    i.UART_Start_Receive_IT  stm32f4xx_hal_uart.o
    0x080042aa   0x080042aa   0x00000060   Code   RO         1945    i.UART_Transmit_IT  stm32f4xx_hal_uart.o
    0x0800430a   0x0800430a   0x00000002   PAD
    0x0800430c   0x0800430c   0x00000010   Code   RO          710    i.USART1_IRQHandler  usart.o
    0x0800431c   0x0800431c   0x00000004   Code   RO          333    i.UsageFault_Handler  stm32f4xx_it.o
    0x08004320   0x08004320   0x00000020   Code   RO         6251    i.__0printf$8       mc_w.l(printf8.o)
    0x08004340   0x08004340   0x00000010   Code   RO          996    i.__NVIC_GetPriorityGrouping  stm32f4xx_hal_cortex.o
    0x08004350   0x08004350   0x00000028   Code   RO          997    i.__NVIC_SetPriority  stm32f4xx_hal_cortex.o
    0x08004378   0x08004378   0x0000000e   Code   RO         6348    i.__scatterload_copy  mc_w.l(handlers.o)
    0x08004386   0x08004386   0x00000002   Code   RO         6349    i.__scatterload_null  mc_w.l(handlers.o)
    0x08004388   0x08004388   0x0000000e   Code   RO         6350    i.__scatterload_zeroinit  mc_w.l(handlers.o)
    0x08004396   0x08004396   0x00000002   PAD
    0x08004398   0x08004398   0x00000410   Code   RO         6258    i._printf_core      mc_w.l(printf8.o)
    0x080047a8   0x080047a8   0x00000024   Code   RO         6259    i._printf_post_padding  mc_w.l(printf8.o)
    0x080047cc   0x080047cc   0x0000002e   Code   RO         6260    i._printf_pre_padding  mc_w.l(printf8.o)
    0x080047fa   0x080047fa   0x00000042   Code   RO         5954    i.audio_get_tnum    audioplay.o
    0x0800483c   0x0800483c   0x0000004a   Code   RO         5955    i.audio_index_show  audioplay.o
    0x08004886   0x08004886   0x00000002   PAD
    0x08004888   0x08004888   0x00000120   Code   RO         5956    i.audio_msg_show    audioplay.o
    0x080049a8   0x080049a8   0x0000023c   Code   RO         5957    i.audio_play        audioplay.o
    0x08004be4   0x08004be4   0x00000038   Code   RO         5958    i.audio_play_song   audioplay.o
    0x08004c1c   0x08004c1c   0x00000014   Code   RO         5959    i.audio_start       audioplay.o
    0x08004c30   0x08004c30   0x00000014   Code   RO         5960    i.audio_stop        audioplay.o
    0x08004c44   0x08004c44   0x0000008a   Code   RO         5344    i.change_bitmap     ff.o
    0x08004cce   0x08004cce   0x00000002   PAD
    0x08004cd0   0x08004cd0   0x00000104   Code   RO         5345    i.check_fs          ff.o
    0x08004dd4   0x08004dd4   0x00000062   Code   RO         5346    i.clmt_clust        ff.o
    0x08004e36   0x08004e36   0x0000001a   Code   RO         5347    i.clst2sect         ff.o
    0x08004e50   0x08004e50   0x00000098   Code   RO         5348    i.cmp_lfn           ff.o
    0x08004ee8   0x08004ee8   0x000001cc   Code   RO         5349    i.create_chain      ff.o
    0x080050b4   0x080050b4   0x0000025c   Code   RO         5350    i.create_name       ff.o
    0x08005310   0x08005310   0x00000090   Code   RO         5352    i.create_xdir       ff.o
    0x080053a0   0x080053a0   0x00000034   Code   RO         5353    i.dbc_1st           ff.o
    0x080053d4   0x080053d4   0x00000048   Code   RO         5354    i.dbc_2nd           ff.o
    0x0800541c   0x0800541c   0x0000000c   Code   RO          592    i.delay_init        delay.o
    0x08005428   0x08005428   0x00000012   Code   RO          593    i.delay_ms          delay.o
    0x0800543a   0x0800543a   0x00000002   PAD
    0x0800543c   0x0800543c   0x00000048   Code   RO          594    i.delay_us          delay.o
    0x08005484   0x08005484   0x0000007c   Code   RO         5355    i.dir_alloc         ff.o
    0x08005500   0x08005500   0x0000005e   Code   RO         5356    i.dir_clear         ff.o
    0x0800555e   0x0800555e   0x000001a8   Code   RO         5357    i.dir_find          ff.o
    0x08005706   0x08005706   0x000000e0   Code   RO         5358    i.dir_next          ff.o
    0x080057e6   0x080057e6   0x00000102   Code   RO         5359    i.dir_read          ff.o
    0x080058e8   0x080058e8   0x0000022a   Code   RO         5360    i.dir_register      ff.o
    0x08005b12   0x08005b12   0x000000aa   Code   RO         5362    i.dir_sdi           ff.o
    0x08005bbc   0x08005bbc   0x00000020   Code   RO         5289    i.disk_initialize   diskio.o
    0x08005bdc   0x08005bdc   0x00000048   Code   RO         5290    i.disk_ioctl        diskio.o
    0x08005c24   0x08005c24   0x00000056   Code   RO         5291    i.disk_read         diskio.o
    0x08005c7a   0x08005c7a   0x0000000c   Code   RO         5292    i.disk_status       diskio.o
    0x08005c86   0x08005c86   0x00000056   Code   RO         5293    i.disk_write        diskio.o
    0x08005cdc   0x08005cdc   0x00000040   Code   RO         4895    i.es8388_adda_cfg   es8388.o
    0x08005d1c   0x08005d1c   0x0000001c   Code   RO         4897    i.es8388_hpvol_set  es8388.o
    0x08005d38   0x08005d38   0x0000001c   Code   RO         4898    i.es8388_i2s_cfg    es8388.o
    0x08005d54   0x08005d54   0x000000c6   Code   RO         4899    i.es8388_init       es8388.o
    0x08005e1a   0x08005e1a   0x00000026   Code   RO         4902    i.es8388_output_cfg  es8388.o
    0x08005e40   0x08005e40   0x0000001c   Code   RO         4904    i.es8388_spkvol_set  es8388.o
    0x08005e5c   0x08005e5c   0x00000042   Code   RO         4905    i.es8388_write_reg  es8388.o
    0x08005e9e   0x08005e9e   0x00000026   Code   RO         5363    i.f_close           ff.o
    0x08005ec4   0x08005ec4   0x0000046e   Code   RO         5368    i.f_lseek           ff.o
    0x08006332   0x08006332   0x00000002   PAD
    0x08006334   0x08006334   0x00000054   Code   RO         5371    i.f_mount           ff.o
    0x08006388   0x08006388   0x0000036a   Code   RO         5372    i.f_open            ff.o
    0x080066f2   0x080066f2   0x000000ba   Code   RO         5373    i.f_opendir         ff.o
    0x080067ac   0x080067ac   0x00000228   Code   RO         5377    i.f_read            ff.o
    0x080069d4   0x080069d4   0x00000068   Code   RO         5378    i.f_readdir         ff.o
    0x08006a3c   0x08006a3c   0x000001b8   Code   RO         5382    i.f_sync            ff.o
    0x08006bf4   0x08006bf4   0x00000068   Code   RO         5794    i.ff_oem2uni        ffunicode.o
    0x08006c5c   0x08006c5c   0x00000074   Code   RO         5795    i.ff_uni2oem        ffunicode.o
    0x08006cd0   0x08006cd0   0x000000b0   Code   RO         5796    i.ff_wtoupper       ffunicode.o
    0x08006d80   0x08006d80   0x00000036   Code   RO         5386    i.fill_first_frag   ff.o
    0x08006db6   0x08006db6   0x00000044   Code   RO         5387    i.fill_last_frag    ff.o
    0x08006dfa   0x08006dfa   0x000000a4   Code   RO         5388    i.find_bitmap       ff.o
    0x08006e9e   0x08006e9e   0x00000078   Code   RO         5389    i.find_volume       ff.o
    0x08006f16   0x08006f16   0x000000c4   Code   RO         5390    i.follow_path       ff.o
    0x08006fda   0x08006fda   0x00000002   PAD
    0x08006fdc   0x08006fdc   0x0000001c   Code   RO          714    i.fputc             usart.o
    0x08006ff8   0x08006ff8   0x000000d4   Code   RO         5391    i.gen_numname       ff.o
    0x080070cc   0x080070cc   0x00000194   Code   RO         5392    i.get_fat           ff.o
    0x08007260   0x08007260   0x00000004   Code   RO           13    i.get_fattime       main.o
    0x08007264   0x08007264   0x0000027a   Code   RO         5393    i.get_fileinfo      ff.o
    0x080074de   0x080074de   0x0000004e   Code   RO         5394    i.get_ldnumber      ff.o
    0x0800752c   0x0800752c   0x00000018   Code   RO         4749    i.get_sd_card_state  sdio_sdcard.o
    0x08007544   0x08007544   0x0000005c   Code   RO         4820    i.i2s_init          i2s.o
    0x080075a0   0x080075a0   0x00000018   Code   RO         4821    i.i2s_play_start    i2s.o
    0x080075b8   0x080075b8   0x00000018   Code   RO         4822    i.i2s_play_stop     i2s.o
    0x080075d0   0x080075d0   0x000000a8   Code   RO         4823    i.i2s_samplerate_set  i2s.o
    0x08007678   0x08007678   0x0000011c   Code   RO         4824    i.i2s_tx_dma_init   i2s.o
    0x08007794   0x08007794   0x0000000a   Code   RO         4985    i.iic_delay         myiic.o
    0x0800779e   0x0800779e   0x00000002   PAD
    0x080077a0   0x080077a0   0x00000084   Code   RO         4986    i.iic_init          myiic.o
    0x08007824   0x08007824   0x00000070   Code   RO         4989    i.iic_send_byte     myiic.o
    0x08007894   0x08007894   0x00000050   Code   RO         4990    i.iic_start         myiic.o
    0x080078e4   0x080078e4   0x00000040   Code   RO         4991    i.iic_stop          myiic.o
    0x08007924   0x08007924   0x00000068   Code   RO         4992    i.iic_wait_ack      myiic.o
    0x0800798c   0x0800798c   0x00000032   Code   RO         5395    i.init_alloc_info   ff.o
    0x080079be   0x080079be   0x00000002   PAD
    0x080079c0   0x080079c0   0x00000104   Code   RO         4375    i.key_init          key.o
    0x08007ac4   0x08007ac4   0x00000034   Code   RO         4487    i.lcd_clear         lcd.o
    0x08007af8   0x08007af8   0x0000016c   Code   RO         4489    i.lcd_display_dir   lcd.o
    0x08007c64   0x08007c64   0x000000aa   Code   RO         4492    i.lcd_draw_circle   lcd.o
    0x08007d0e   0x08007d0e   0x000000ac   Code   RO         4494    i.lcd_draw_line     lcd.o
    0x08007dba   0x08007dba   0x00000002   PAD
    0x08007dbc   0x08007dbc   0x00000020   Code   RO         4495    i.lcd_draw_point    lcd.o
    0x08007ddc   0x08007ddc   0x0000004a   Code   RO         4496    i.lcd_draw_rectangle  lcd.o
    0x08007e26   0x08007e26   0x0000022c   Code   RO         4497    i.lcd_ex_ili9341_reginit  lcd.o
    0x08008052   0x08008052   0x00000340   Code   RO         4498    i.lcd_ex_ili9806_reginit  lcd.o
    0x08008392   0x08008392   0x00000ef2   Code   RO         4499    i.lcd_ex_nt35310_reginit  lcd.o
    0x08009284   0x08009284   0x00000efc   Code   RO         4500    i.lcd_ex_nt35510_reginit  lcd.o
    0x0800a180   0x0800a180   0x0000016e   Code   RO         4501    i.lcd_ex_ssd1963_reginit  lcd.o
    0x0800a2ee   0x0800a2ee   0x000001a8   Code   RO         4502    i.lcd_ex_st7789_reginit  lcd.o
    0x0800a496   0x0800a496   0x000001c6   Code   RO         4503    i.lcd_ex_st7796_reginit  lcd.o
    0x0800a65c   0x0800a65c   0x00000054   Code   RO         4504    i.lcd_fill          lcd.o
    0x0800a6b0   0x0800a6b0   0x00000528   Code   RO         4506    i.lcd_init          lcd.o
    0x0800abd8   0x0800abd8   0x0000000c   Code   RO         4507    i.lcd_opt_delay     lcd.o
    0x0800abe4   0x0800abe4   0x00000016   Code   RO         4508    i.lcd_pow           lcd.o
    0x0800abfa   0x0800abfa   0x00000002   PAD
    0x0800abfc   0x0800abfc   0x00000018   Code   RO         4509    i.lcd_rd_data       lcd.o
    0x0800ac14   0x0800ac14   0x00000098   Code   RO         4510    i.lcd_read_point    lcd.o
    0x0800acac   0x0800acac   0x0000023c   Code   RO         4511    i.lcd_scan_dir      lcd.o
    0x0800aee8   0x0800aee8   0x00000120   Code   RO         4512    i.lcd_set_cursor    lcd.o
    0x0800b008   0x0800b008   0x00000140   Code   RO         4514    i.lcd_show_char     lcd.o
    0x0800b148   0x0800b148   0x00000098   Code   RO         4515    i.lcd_show_num      lcd.o
    0x0800b1e0   0x0800b1e0   0x0000006a   Code   RO         4516    i.lcd_show_string   lcd.o
    0x0800b24a   0x0800b24a   0x000000c6   Code   RO         4517    i.lcd_show_xnum     lcd.o
    0x0800b310   0x0800b310   0x00000060   Code   RO         4518    i.lcd_ssd_backlight_set  lcd.o
    0x0800b370   0x0800b370   0x00000018   Code   RO         4519    i.lcd_wr_data       lcd.o
    0x0800b388   0x0800b388   0x00000018   Code   RO         4520    i.lcd_wr_regno      lcd.o
    0x0800b3a0   0x0800b3a0   0x00000014   Code   RO         4521    i.lcd_write_ram_prepare  lcd.o
    0x0800b3b4   0x0800b3b4   0x00000014   Code   RO         4522    i.lcd_write_reg     lcd.o
    0x0800b3c8   0x0800b3c8   0x00000026   Code   RO         5396    i.ld_clust          ff.o
    0x0800b3ee   0x0800b3ee   0x00000018   Code   RO         5397    i.ld_dword          ff.o
    0x0800b406   0x0800b406   0x00000062   Code   RO         5398    i.ld_qword          ff.o
    0x0800b468   0x0800b468   0x0000000c   Code   RO         5399    i.ld_word           ff.o
    0x0800b474   0x0800b474   0x00000098   Code   RO         4344    i.led_init          led.o
    0x0800b50c   0x0800b50c   0x00000028   Code   RO           14    i.led_set           main.o
    0x0800b534   0x0800b534   0x00000040   Code   RO         5400    i.load_obj_xdir     ff.o
    0x0800b574   0x0800b574   0x0000010e   Code   RO         5401    i.load_xdir         ff.o
    0x0800b682   0x0800b682   0x00000002   PAD
    0x0800b684   0x0800b684   0x00000204   Code   RO           15    i.main              main.o
    0x0800b888   0x0800b888   0x00000474   Code   RO         5402    i.mount_volume      ff.o
    0x0800bcfc   0x0800bcfc   0x00000034   Code   RO         5403    i.move_window       ff.o
    0x0800bd30   0x0800bd30   0x0000008c   Code   RO         5404    i.pick_lfn          ff.o
    0x0800bdbc   0x0800bdbc   0x00000144   Code   RO         5405    i.put_fat           ff.o
    0x0800bf00   0x0800bf00   0x00000080   Code   RO         5406    i.put_lfn           ff.o
    0x0800bf80   0x0800bf80   0x00000042   Code   RO         5407    i.put_utf           ff.o
    0x0800bfc2   0x0800bfc2   0x00000006   Code   RO         5141    i.read_addr         usmart.o
    0x0800bfc8   0x0800bfc8   0x0000014a   Code   RO         5411    i.remove_chain      ff.o
    0x0800c112   0x0800c112   0x00000002   PAD
    0x0800c114   0x0800c114   0x00000054   Code   RO         4750    i.sd_init           sdio_sdcard.o
    0x0800c168   0x0800c168   0x00000050   Code   RO         4751    i.sd_read_disk      sdio_sdcard.o
    0x0800c1b8   0x0800c1b8   0x00000050   Code   RO         4752    i.sd_write_disk     sdio_sdcard.o
    0x0800c208   0x0800c208   0x00000024   Code   RO         5412    i.st_clust          ff.o
    0x0800c22c   0x0800c22c   0x00000018   Code   RO         5413    i.st_dword          ff.o
    0x0800c244   0x0800c244   0x0000005c   Code   RO         5414    i.st_qword          ff.o
    0x0800c2a0   0x0800c2a0   0x0000000c   Code   RO         5415    i.st_word           ff.o
    0x0800c2ac   0x0800c2ac   0x00000072   Code   RO         5416    i.store_xdir        ff.o
    0x0800c31e   0x0800c31e   0x00000020   Code   RO         5417    i.sum_sfn           ff.o
    0x0800c33e   0x0800c33e   0x00000002   PAD
    0x0800c340   0x0800c340   0x0000008c   Code   RO         5418    i.sync_fs           ff.o
    0x0800c3cc   0x0800c3cc   0x0000004a   Code   RO         5419    i.sync_window       ff.o
    0x0800c416   0x0800c416   0x00000002   PAD
    0x0800c418   0x0800c418   0x000000dc   Code   RO          641    i.sys_stm32_clock_init  sys.o
    0x0800c4f4   0x0800c4f4   0x0000004c   Code   RO         5420    i.tchar2uni         ff.o
    0x0800c540   0x0800c540   0x0000000c   Code   RO           17    i.test_fun          main.o
    0x0800c54c   0x0800c54c   0x00000174   Code   RO         5831    i.text_get_hz_mat   text.o
    0x0800c6c0   0x0800c6c0   0x000000c4   Code   RO         5832    i.text_show_font    text.o
    0x0800c784   0x0800c784   0x000000c6   Code   RO         5833    i.text_show_string  text.o
    0x0800c84a   0x0800c84a   0x00000002   PAD
    0x0800c84c   0x0800c84c   0x00000038   Code   RO          715    i.usart_init        usart.o
    0x0800c884   0x0800c884   0x000000b0   Code   RO         5142    i.usmart_cmd_rec    usmart.o
    0x0800c934   0x0800c934   0x000002d4   Code   RO         5143    i.usmart_exe        usmart.o
    0x0800cc08   0x0800cc08   0x000000d4   Code   RO         5205    i.usmart_get_aparm  usmart_str.o
    0x0800ccdc   0x0800ccdc   0x00000036   Code   RO         5206    i.usmart_get_cmdname  usmart_str.o
    0x0800cd12   0x0800cd12   0x00000002   PAD
    0x0800cd14   0x0800cd14   0x000001c0   Code   RO         5207    i.usmart_get_fname  usmart_str.o
    0x0800ced4   0x0800ced4   0x0000010c   Code   RO         5208    i.usmart_get_fparam  usmart_str.o
    0x0800cfe0   0x0800cfe0   0x00000028   Code   RO         5091    i.usmart_get_input_string  usmart_port.o
    0x0800d008   0x0800d008   0x00000020   Code   RO         5209    i.usmart_get_parmpos  usmart_str.o
    0x0800d028   0x0800d028   0x00000028   Code   RO         5144    i.usmart_init       usmart.o
    0x0800d050   0x0800d050   0x00000016   Code   RO         5210    i.usmart_pow        usmart_str.o
    0x0800d066   0x0800d066   0x00000002   PAD
    0x0800d068   0x0800d068   0x000000a8   Code   RO         5145    i.usmart_scan       usmart.o
    0x0800d110   0x0800d110   0x00000016   Code   RO         5211    i.usmart_search_nextc  usmart_str.o
    0x0800d126   0x0800d126   0x00000106   Code   RO         5212    i.usmart_str2num    usmart_str.o
    0x0800d22c   0x0800d22c   0x00000022   Code   RO         5213    i.usmart_strcmp     usmart_str.o
    0x0800d24e   0x0800d24e   0x00000016   Code   RO         5214    i.usmart_strcopy    usmart_str.o
    0x0800d264   0x0800d264   0x00000018   Code   RO         5215    i.usmart_strlen     usmart_str.o
    0x0800d27c   0x0800d27c   0x000006f4   Code   RO         5146    i.usmart_sys_cmd_exe  usmart.o
    0x0800d970   0x0800d970   0x00000044   Code   RO         5092    i.usmart_timx_get_time  usmart_port.o
    0x0800d9b4   0x0800d9b4   0x00000064   Code   RO         5093    i.usmart_timx_init  usmart_port.o
    0x0800da18   0x0800da18   0x00000034   Code   RO         5094    i.usmart_timx_reset_time  usmart_port.o
    0x0800da4c   0x0800da4c   0x0000003c   Code   RO         5421    i.validate          ff.o
    0x0800da88   0x0800da88   0x000000a0   Code   RO         5888    i.wav_buffill       wavplay.o
    0x0800db28   0x0800db28   0x000001e4   Code   RO         5889    i.wav_decode_init   wavplay.o
    0x0800dd0c   0x0800dd0c   0x0000004c   Code   RO         5890    i.wav_get_curtime   wavplay.o
    0x0800dd58   0x0800dd58   0x00000070   Code   RO         5891    i.wav_i2s_dma_tx_callback  wavplay.o
    0x0800ddc8   0x0800ddc8   0x00000204   Code   RO         5892    i.wav_play_song     wavplay.o
    0x0800dfcc   0x0800dfcc   0x00000004   Code   RO         5147    i.write_addr        usmart.o
    0x0800dfd0   0x0800dfd0   0x0000003a   Code   RO         5422    i.xdir_sum          ff.o
    0x0800e00a   0x0800e00a   0x0000004c   Code   RO         5423    i.xname_sum         ff.o
    0x0800e056   0x0800e056   0x00000018   Data   RO          556    .constdata          system_stm32f4xx.o
    0x0800e06e   0x0800e06e   0x00000008   Data   RO         1133    .constdata          stm32f4xx_hal_dma.o
    0x0800e076   0x0800e076   0x00002f80   Data   RO         4524    .constdata          lcd.o
    0x08010ff6   0x08010ff6   0x0000006e   Data   RO         4826    .constdata          i2s.o
    0x08011064   0x08011064   0x00000058   Data   RO         5425    .constdata          ff.o
    0x080110bc   0x080110bc   0x0002abb6   Data   RO         5797    .constdata          ffunicode.o
    0x0803bc72   0x0803bc72   0x00000002   PAD
    0x0803bc74   0x0803bc74   0x00000430   Data   RO         5058    .conststring        usmart_config.o
    0x0803c0a4   0x0803c0a4   0x00000028   Data   RO         5148    .conststring        usmart.o
    0x0803c0cc   0x0803c0cc   0x00000020   Data   RO         6346    Region$$Table       anon$$obj.o


    Execution Region RW_IRAM1 (Exec base: 0x20000000, Load base: 0x0803c0ec, Size: 0x000083e0, Max: 0x00020000, ABSOLUTE, COMPRESSED[0x000000bc])

    Exec Addr    Load Addr    Size         Type   Attr      Idx    E Section Name        Object

    0x20000000   COMPRESSED   0x00000004   Data   RW          557    .data               system_stm32f4xx.o
    0x20000004   COMPRESSED   0x00000004   Data   RW          595    .data               delay.o
    0x20000008   COMPRESSED   0x0000000b   Data   RW          717    .data               usart.o
    0x20000013   COMPRESSED   0x00000001   PAD
    0x20000014   COMPRESSED   0x00000009   Data   RW          819    .data               stm32f4xx_hal.o
    0x2000001d   COMPRESSED   0x00000005   Data   RW         4376    .data               key.o
    0x20000022   COMPRESSED   0x00000002   PAD
    0x20000024   COMPRESSED   0x00000008   Data   RW         4525    .data               lcd.o
    0x2000002c   COMPRESSED   0x00000004   Data   RW         4827    .data               i2s.o
    0x20000030   COMPRESSED   0x0000017c   Data   RW         5059    .data               usmart_config.o
    0x200001ac   COMPRESSED   0x0000001c   Data   RW         5149    .data               usmart.o
    0x200001c8   COMPRESSED   0x00000006   Data   RW         5426    .data               ff.o
    0x200001ce   COMPRESSED   0x00000002   Data   RW         5836    .data               text.o
    0x200001d0   COMPRESSED   0x00000008   Data   RW         5894    .data               wavplay.o
    0x200001d8   COMPRESSED   0x00000008   Data   RW         5962    .data               audioplay.o
    0x200001e0        -       0x000004fc   Zero   RW           18    .bss                main.o
    0x200006dc        -       0x0000010c   Zero   RW          716    .bss                usart.o
    0x200007e8        -       0x0000005e   Zero   RW         4523    .bss                lcd.o
    0x20000846   COMPRESSED   0x00000002   PAD
    0x20000848        -       0x000000a4   Zero   RW         4753    .bss                sdio_sdcard.o
    0x200008ec        -       0x000000a8   Zero   RW         4825    .bss                i2s.o
    0x20000994        -       0x00000048   Zero   RW         5095    .bss                usmart_port.o
    0x200009dc   COMPRESSED   0x00000004   PAD
    0x200009e0        -       0x00000258   Zero   RW         5835    .bss                text.o
    0x20000c38        -       0x00006278   Zero   RW         5893    .bss                wavplay.o
    0x20006eb0        -       0x00000530   Zero   RW         5961    .bss                audioplay.o
    0x200073e0        -       0x00001000   Zero   RW            1    STACK               startup_stm32f407xx.o


==============================================================================

Image component sizes


      Code (inc. data)   RO Data    RW Data    ZI Data      Debug   Object Name

      1096        160          0          8       1328       6136   audioplay.o
       114         10          0          4          0       2439   delay.o
       288          6          0          0          0       4954   diskio.o
       450          0          0          0          0       4303   es8388.o
     12726        110         88          6          0      76625   ff.o
       396         28     175030          0          0       5664   ffunicode.o
      1092         90        110          4        168       5429   i2s.o
       456         66          0          5          0       2451   key.o
     14756        190      12160          8         94      31017   lcd.o
       152         10          0          0          0        915   led.o
       572        154          0          0       1276     736244   main.o
       502         28          0          0          0       3621   myiic.o
       628         46          0          0        164       4439   sdio_sdcard.o
        52         14        392          0       4096        956   startup_stm32f407xx.o
       174         34          0          9          0       9766   stm32f4xx_hal.o
       304         22          0          0          0      34443   stm32f4xx_hal_cortex.o
       780         10          8          0          0       4987   stm32f4xx_hal_dma.o
       156          0          0          0          0       2057   stm32f4xx_hal_dma_ex.o
       564         46          0          0          0       3420   stm32f4xx_hal_gpio.o
       790         18          0          0          0       5233   stm32f4xx_hal_i2s.o
       912         26          0          0          0       4623   stm32f4xx_hal_i2s_ex.o
      1820         84          0          0          0       5600   stm32f4xx_hal_rcc.o
       560         38          0          0          0       2193   stm32f4xx_hal_rcc_ex.o
      3226         34          0          0          0      13460   stm32f4xx_hal_sd.o
        88          0          0          0          0       1204   stm32f4xx_hal_sram.o
       488         76          0          0          0       3240   stm32f4xx_hal_tim.o
      1796         16          0          0          0       9752   stm32f4xx_hal_uart.o
        32          0          0          0          0       4122   stm32f4xx_it.o
       232         10          0          0          0       2711   stm32f4xx_ll_fsmc.o
      2110         46          0          0          0      24267   stm32f4xx_ll_sdmmc.o
       220         12          0          0          0       1331   sys.o
        20          6         24          4          0       1327   system_stm32f4xx.o
       766         88          0          2        600       4000   text.o
       460         60          0         11        268       6122   usart.o
      2898       1308         40         28          0       5906   usmart.o
         0          0       1072        380          0       1504   usmart_config.o
       328         50          0          0         72       3422   usmart_port.o
      1400         20          0          0          0       9301   usmart_str.o
      1348        272          0          8      25208       5289   wavplay.o

    ----------------------------------------------------------------------
     54802       3188     188958        480      33280    1054473   Object Totals
         0          0         32          0          0          0   (incl. Generated)
        50          0          2          3          6          0   (incl. Padding)

    ----------------------------------------------------------------------

      Code (inc. data)   RO Data    RW Data    ZI Data      Debug   Library Member Name

        86          0          0          0          0          0   __dczerorl2.o
         0          0          0          0          0          0   entry.o
         0          0          0          0          0          0   entry10a.o
         0          0          0          0          0          0   entry11a.o
         8          4          0          0          0          0   entry2.o
         4          0          0          0          0          0   entry5.o
         0          0          0          0          0          0   entry7b.o
         0          0          0          0          0          0   entry8b.o
         8          4          0          0          0          0   entry9a.o
        30          0          0          0          0          0   handlers.o
        36          8          0          0          0         68   init.o
         0          0          0          0          0          0   iusefp.o
        98          0          0          0          0         84   ldiv.o
        30          0          0          0          0         68   llshl.o
        32          0          0          0          0         68   llushr.o
        26          0          0          0          0         80   memcmp.o
        36          0          0          0          0         68   memcpya.o
        36          0          0          0          0        108   memseta.o
      1154         54          0          0          0        352   printf8.o
        24          0          0          0          0         68   strcat.o
        20          0          0          0          0         68   strchr.o
        18          0          0          0          0         68   strcpy.o
        98          0          0          0          0         92   uldiv.o
       186          0          0          0          0        176   depilogue.o
        50          0          0          0          0         76   dfixui.o
        26          0          0          0          0         76   dfltui.o
       228          0          0          0          0         96   dmul.o

    ----------------------------------------------------------------------
      2236         70          0          0          0       1616   Library Totals
         2          0          0          0          0          0   (incl. Padding)

    ----------------------------------------------------------------------

      Code (inc. data)   RO Data    RW Data    ZI Data      Debug   Library Name

      1744         70          0          0          0       1192   mc_w.l
       490          0          0          0          0        424   mf_w.l

    ----------------------------------------------------------------------
      2236         70          0          0          0       1616   Library Totals

    ----------------------------------------------------------------------

==============================================================================


      Code (inc. data)   RO Data    RW Data    ZI Data      Debug   

     57038       3258     188958        480      33280    1026041   Grand Totals
     57038       3258     188958        188      33280    1026041   ELF Image Totals (compressed)
     57038       3258     188958        188          0          0   ROM Totals

==============================================================================

    Total RO  Size (Code + RO Data)               245996 ( 240.23kB)
    Total RW  Size (RW Data + ZI Data)             33760 (  32.97kB)
    Total ROM Size (Code + RO Data + RW Data)     246184 ( 240.41kB)

==============================================================================

